{
  "Id": "https://www.digitaltrends.com/feed/",
  "Website": "https://www.digitaltrends.com",
  "Title": "Digital Trends",
  "LastUpdatedTime": "2025-01-03T06:20:02+00:00",
  "Description": "Tech Product Reviews, How To, Best Ofs, deals and Advice",
  "Language": "en-US",
  "Items": [
    {
      "FeedId": "https://www.digitaltrends.com/feed/",
      "ItemId": "https://www.digitaltrends.com/?p=3819142",
      "Title": "Astronaut’s first photo of 2025 is a real stunner",
      "PublishDate": "2025-01-03T06:20:02+00:00",
      "Summary": "NASA astronaut Don Pettit has started 2025 as he means to go on, with yet another stunning photograph from the space station.",
      "Content": null,
      "Language": "en-US",
      "Link": "https://www.digitaltrends.com/space/astronaut-first-photo-of-2025-a-real-stunner/"
    },
    {
      "FeedId": "https://www.digitaltrends.com/feed/",
      "ItemId": "https://www.digitaltrends.com/?p=3818110",
      "Title": "Relive the most beautiful rocket launch of 2024",
      "PublishDate": "2025-01-03T01:45:52+00:00",
      "Summary": "One SpaceX Falcon 9 rocket launch really stood out from the rest last year.",
      "Content": null,
      "Language": "en-US",
      "Link": "https://www.digitaltrends.com/space/relive-most-beautiful-rocket-launch-2024/"
    },
    {
      "FeedId": "https://www.digitaltrends.com/feed/",
      "ItemId": "https://www.digitaltrends.com/?p=3811642",
      "Title": "Lenovo ThinkPad P16 Gen 2 review: a true mobile workstation",
      "PublishDate": "2025-01-02T22:56:55+00:00",
      "Summary": "The Lenovo ThinkPad P16 Gen 2 is very fast but also very large and expensive. It offers rock-solid reliability, but that's most valuable for a select few.",
      "Content": null,
      "Language": "en-US",
      "Link": "https://www.digitaltrends.com/computing/lenovo-thinkpad-p16-gen-2-review/"
    },
    {
      "FeedId": "https://www.digitaltrends.com/feed/",
      "ItemId": "https://www.digitaltrends.com/?p=3818627",
      "Title": "This RIG gaming headset is on sale at 50% off — works with all systems",
      "PublishDate": "2025-01-02T21:10:57+00:00",
      "Summary": "The RIG 900 Max HX gaming headset is on sale from Best Buy for only $125. It works with all major gaming platforms, and it has a battery life of up to 50 hours.",
      "Content": null,
      "Language": "en-US",
      "Link": "https://www.digitaltrends.com/home-theater/rig-900-max-hx-gaming-headset-deal-best-buy-january-2025/"
    },
    {
      "FeedId": "https://www.digitaltrends.com/feed/",
      "ItemId": "https://www.digitaltrends.com/?p=3817440",
      "Title": "The monolithic Sennheiser Ambeo Max is on sale for $1,800 today",
      "PublishDate": "2025-01-02T20:47:24+00:00",
      "Summary": "Did you know that the Sennheiser Ambeo Max is designed to virtualize an entire Dolby Atmos system? This beast of a soundbar is also on sale for $1,800 today.",
      "Content": null,
      "Language": "en-US",
      "Link": "https://www.digitaltrends.com/home-theater/sennheiser-ambeo-max-deal-amazon-december-2024/"
    },
    {
      "FeedId": "https://www.digitaltrends.com/feed/",
      "ItemId": "https://www.digitaltrends.com/?p=3818654",
      "Title": "A new patent suggests the Nintendo Switch 2 might upscale games to 4K",
      "PublishDate": "2025-01-02T20:19:54+00:00",
      "Summary": "A patent from Nintendo suggests the Switch 2 will be able to upscale games from 1080p to 4K, allowing for smaller overall game sizes. ",
      "Content": null,
      "Language": "en-US",
      "Link": "https://www.digitaltrends.com/gaming/new-patent-suggests-switch-2-upscale-4k/"
    },
    {
      "FeedId": "https://www.digitaltrends.com/feed/",
      "ItemId": "https://www.digitaltrends.com/?p=3788639",
      "Title": "How to complete all Kindled Inspiration quests in Infinity Nikki",
      "PublishDate": "2025-01-02T19:48:38+00:00",
      "Summary": "The Kindled Inspiration quests in Infinity Nikki task you with hunting down specific pieces of clothing that NPCs are looking for. Here's how to solve them all.",
      "Content": null,
      "Language": "en-US",
      "Link": "https://www.digitaltrends.com/gaming/how-to-complete-all-kindled-inspiration-quests-in-infinity-nikki/"
    },
    {
      "FeedId": "https://www.digitaltrends.com/feed/",
      "ItemId": "https://www.digitaltrends.com/?p=3817429",
      "Title": "Save up to 44% on a pair of Sennheiser headphones in 2025",
      "PublishDate": "2025-01-02T19:44:23+00:00",
      "Summary": "Both the Sennheiser RS 195 RF Wireless Headphones and Sennheiser HD 450BT Wireless Headphones are on sale today. Call it a New Year’s miracle.",
      "Content": null,
      "Language": "en-US",
      "Link": "https://www.digitaltrends.com/home-theater/sennheiser-headphones-deals-amazon-december-2024/"
    },
    {
      "FeedId": "https://www.digitaltrends.com/feed/",
      "ItemId": "https://www.digitaltrends.com/?p=3817418",
      "Title": "The already-inexpensive Acer Chromebook 315 is on sale today!",
      "PublishDate": "2025-01-02T19:02:58+00:00",
      "Summary": "The Acer Chromebook 315 is marked down to $120 today. While it may not be the fanciest or most powerful PC on the market, there’s still plenty to love about it.",
      "Content": null,
      "Language": "en-US",
      "Link": "https://www.digitaltrends.com/computing/acer-chromebook-315-deal-best-buy-december-2024/"
    },
    {
      "FeedId": "https://www.digitaltrends.com/feed/",
      "ItemId": "https://www.digitaltrends.com/?p=3817129",
      "Title": "Volvo EX90 vs Tesla Model Y: Is Tesla’s cheaper EV also better?",
      "PublishDate": "2025-01-02T19:00:47+00:00",
      "Summary": "The long-awaited Volvo EX90 is finally here, and it has a lot going for it. But it also has to compete with the Tesla Model Y. Which electric SUV wins?",
      "Content": null,
      "Language": "en-US",
      "Link": "https://www.digitaltrends.com/cars/volvo-ex90-vs-tesla-model-y-is-teslas-cheaper-ev-also-better/"
    },
    {
      "FeedId": "https://www.digitaltrends.com/feed/",
      "ItemId": "https://www.digitaltrends.com/?p=3818549",
      "Title": "Half-Life 3 speculation surges once more following cryptic tweet",
      "PublishDate": "2025-01-02T18:59:23+00:00",
      "Summary": "A post from original G-Man voice actor Mike Shapiro has sent Half-Life fans into a frenzy as Half-Life 3 hopes return in force. ",
      "Content": null,
      "Language": "en-US",
      "Link": "https://www.digitaltrends.com/gaming/half-life-3-talk-surges-cryptic-tweet/"
    },
    {
      "FeedId": "https://www.digitaltrends.com/feed/",
      "ItemId": "https://www.digitaltrends.com/?p=3818422",
      "Title": "James Gunn on Batman’s DCU debut: ‘We’re going to do great things with him’",
      "PublishDate": "2025-01-02T17:52:46+00:00",
      "Summary": "Batman has arrived in the DC Universe. James Gunn recently spoke about the character's introduction in the latest episode of Creature Commandos.",
      "Content": null,
      "Language": "en-US",
      "Link": "https://www.digitaltrends.com/movies/james-gunn-batman-dcu-debut-creature-commandos/"
    },
    {
      "FeedId": "https://www.digitaltrends.com/feed/",
      "ItemId": "https://www.digitaltrends.com/?p=3814907",
      "Title": "3 underrated movies on Amazon Prime Video you need to watch in January 2025",
      "PublishDate": "2025-01-02T17:30:33+00:00",
      "Summary": "Chill with a motorcycle club, a vampire child, or a love story with the three underrated movies on Amazon Prime Video you need to watch in January 2025.",
      "Content": null,
      "Language": "en-US",
      "Link": "https://www.digitaltrends.com/movies/3-underrated-movies-amazon-prime-video-watch-january-2025/"
    },
    {
      "FeedId": "https://www.digitaltrends.com/feed/",
      "ItemId": "https://www.digitaltrends.com/?p=3818408",
      "Title": "Samsung is going all-in on Snapdragon chips for the Galaxy S25",
      "PublishDate": "2025-01-02T16:56:09+00:00",
      "Summary": "It looks like Samsung will use all Snapdragon chips for its Galaxy S25 lineup regardless of sales region or location, according to a new leak.",
      "Content": null,
      "Language": "en-US",
      "Link": "https://www.digitaltrends.com/mobile/samsung-going-all-in-with-snapdragon-chips-for-galaxy-s25/"
    },
    {
      "FeedId": "https://www.digitaltrends.com/feed/",
      "ItemId": "https://www.digitaltrends.com/?p=3818350",
      "Title": "The Recruit season 2 trailer: Noah Centineo heads to S. Korea for secret mission",
      "PublishDate": "2025-01-02T16:44:12+00:00",
      "Summary": "In the new trailer for Netflix's The Recruit season 2, Noah Centineo's Owen Hendricks is sent to South Korea for his next secret mission.",
      "Content": null,
      "Language": "en-US",
      "Link": "https://www.digitaltrends.com/movies/the-recruit-season-2-trailer-noah-centineo-netflix/"
    },
    {
      "FeedId": "https://www.digitaltrends.com/feed/",
      "ItemId": "https://www.digitaltrends.com/?p=3818352",
      "Title": "The next iPhone SE may get a surprising name change",
      "PublishDate": "2025-01-02T16:29:12+00:00",
      "Summary": "The iPhone SE 4 might deviate from the established pattern, according to a new leak. Instead, it might be called the iPhone 16E.",
      "Content": null,
      "Language": "en-US",
      "Link": "https://www.digitaltrends.com/mobile/iphone-se-4-surprising-name-change-iphone-16e-rumor/"
    },
    {
      "FeedId": "https://www.digitaltrends.com/feed/",
      "ItemId": "https://www.digitaltrends.com/?p=3804335",
      "Title": "This is the one 2024 show I absolutely hated. Here’s why",
      "PublishDate": "2025-01-02T16:00:55+00:00",
      "Summary": "Most TV I watched in 2024 was pretty good! Except for this one show that I hated: HBO's The Regime with Kate Winslet. Here's why it's the worst.",
      "Content": null,
      "Language": "en-US",
      "Link": "https://www.digitaltrends.com/movies/worst-show-2024-i-hated-heres-why/"
    },
    {
      "FeedId": "https://www.digitaltrends.com/feed/",
      "ItemId": "https://www.digitaltrends.com/?p=3818288",
      "Title": "A new OnePlus phone just leaked with a ridiculous battery spec",
      "PublishDate": "2025-01-02T15:42:12+00:00",
      "Summary": "A new phone from OnePlus could come with massive battery capacity. Finding the phone might prove difficult, however.",
      "Content": null,
      "Language": "en-US",
      "Link": "https://www.digitaltrends.com/mobile/a-new-onepus-phone-just-leaked-with-a-ridiculous-battery-spec/"
    },
    {
      "FeedId": "https://www.digitaltrends.com/feed/",
      "ItemId": "https://www.digitaltrends.com/?p=3818254",
      "Title": "AT&T is ringing in the New Year with a price increase for some subscribers",
      "PublishDate": "2025-01-02T15:14:23+00:00",
      "Summary": "Some AT&#038;T Wireless customers will see their monthly bills rise by nearly 7% as of January 15.",
      "Content": null,
      "Language": "en-US",
      "Link": "https://www.digitaltrends.com/mobile/att-is-celebrating-2025-with-price-hike-for-some-subscribers/"
    },
    {
      "FeedId": "https://www.digitaltrends.com/feed/",
      "ItemId": "https://www.digitaltrends.com/?p=3818264",
      "Title": "Samsung’s $60 Fitbit killer is now available in the U.S.",
      "PublishDate": "2025-01-02T15:00:28+00:00",
      "Summary": "Samsung isn't waiting to start 2025. The Galaxy Fit 3 and Galaxy A16 5G are both coming to the U.S. soon. Here are all the details.",
      "Content": null,
      "Language": "en-US",
      "Link": "https://www.digitaltrends.com/mobile/samsung-galaxy-fit-3-galaxy-a16-5g-us-release-specs-price/"
    },
    {
      "FeedId": "https://www.digitaltrends.com/feed/",
      "ItemId": "https://www.digitaltrends.com/?p=3817530",
      "Title": "I’m using an Amazon Kindle Scribe for the first time — and I love it",
      "PublishDate": "2025-01-02T14:45:42+00:00",
      "Summary": "I had never used a Kindle Scribe before. After a few days with the new 2024 model, I'm already hooked.",
      "Content": null,
      "Language": "en-US",
      "Link": "https://www.digitaltrends.com/mobile/im-using-an-amazon-kindle-scribe-2024-for-the-first-time-and-i-love-it/"
    },
    {
      "FeedId": "https://www.digitaltrends.com/feed/",
      "ItemId": "https://www.digitaltrends.com/?p=3814297",
      "Title": "10 best Netflix movies of 2024, ranked",
      "PublishDate": "2025-01-02T14:30:56+00:00",
      "Summary": "From Rebel Ridge to The Shadow Strays, here are the 10 best Netflix movies of 2024.",
      "Content": null,
      "Language": "en-US",
      "Link": "https://www.digitaltrends.com/movies/10-best-netflix-movies-of-2024-ranked/"
    },
    {
      "FeedId": "https://www.digitaltrends.com/feed/",
      "ItemId": "https://www.digitaltrends.com/?p=3812940",
      "Title": "Retro gamers have a whole lot to look forward to in 2025",
      "PublishDate": "2025-01-02T14:00:49+00:00",
      "Summary": "Retro gaming fans already have 50 games to look forward to in 2025, spanning remasters, remakes, reimaginings, and brand new titles.",
      "Content": null,
      "Language": "en-US",
      "Link": "https://www.digitaltrends.com/gaming/2025-retro-games-roundup-save-state/"
    },
    {
      "FeedId": "https://www.digitaltrends.com/feed/",
      "ItemId": "https://www.digitaltrends.com/?p=3818224",
      "Title": "Nvidia might dominate the GPU market in January",
      "PublishDate": "2025-01-02T13:59:45+00:00",
      "Summary": "With just a few days left until the official announcement, leakers are speaking up about the release dates for upcoming Nvidia and AMD GPUs.",
      "Content": null,
      "Language": "en-US",
      "Link": "https://www.digitaltrends.com/computing/nvidia-amd-gpu-release-dates-leaked/"
    },
    {
      "FeedId": "https://www.digitaltrends.com/feed/",
      "ItemId": "https://www.digitaltrends.com/?p=3810665",
      "Title": "The 7 most disappointing movies of 2024, ranked",
      "PublishDate": "2025-01-02T13:30:16+00:00",
      "Summary": "Sometimes the films that let you down the most are the ones that could have been good. These are the seven most disappointing movies of 2024.",
      "Content": null,
      "Language": "en-US",
      "Link": "https://www.digitaltrends.com/movies/the-seven-most-disappointing-movies-of-2024-ranked/"
    },
    {
      "FeedId": "https://www.digitaltrends.com/feed/",
      "ItemId": "https://www.digitaltrends.com/?p=3629341",
      "Title": "NYT Crossword: answers for Friday, January 3",
      "PublishDate": "2025-01-02T13:30:13+00:00",
      "Summary": "The New York Times crossword puzzle can be tough! If you're stuck, we're here to help with a list of today's clues and answers.",
      "Content": null,
      "Language": "en-US",
      "Link": "https://www.digitaltrends.com/gaming/nyt-crossword-answers-january-2/"
    },
    {
      "FeedId": "https://www.digitaltrends.com/feed/",
      "ItemId": "https://www.digitaltrends.com/?p=3547533",
      "Title": "NYT Mini Crossword today: puzzle answers for Friday, January 3",
      "PublishDate": "2025-01-02T13:30:12+00:00",
      "Summary": "The NYT Mini crossword might be a lot smaller than a normal crossword, but it isn't easy. If you're stuck with today's crossword, we've got answers for you here.",
      "Content": null,
      "Language": "en-US",
      "Link": "https://www.digitaltrends.com/gaming/nyt-mini-crossword-answers-january-2/"
    },
    {
      "FeedId": "https://www.digitaltrends.com/feed/",
      "ItemId": "https://www.digitaltrends.com/?p=3555135",
      "Title": "NYT Strands today: hints, spangram and answers for Friday, January 3",
      "PublishDate": "2025-01-02T13:30:09+00:00",
      "Summary": "Strands is a tricky take on the classic word search from NYT Games. If you're stuck and cannot solve today's puzzle, we've got help for you here.",
      "Content": null,
      "Language": "en-US",
      "Link": "https://www.digitaltrends.com/gaming/nyt-strands-answers-for-thursday-january-2/"
    },
    {
      "FeedId": "https://www.digitaltrends.com/feed/",
      "ItemId": "https://www.digitaltrends.com/?p=3413808",
      "Title": "NYT Connections: hints and answers for Friday, January 3",
      "PublishDate": "2025-01-02T13:30:07+00:00",
      "Summary": "Connections is the new puzzle game from the New York Times, and it can be quite difficult. If you need a hand with solving today's puzzle, we're here to help.",
      "Content": null,
      "Language": "en-US",
      "Link": "https://www.digitaltrends.com/gaming/nyt-connections-today-answer-hints-january-2/"
    },
    {
      "FeedId": "https://www.digitaltrends.com/feed/",
      "ItemId": "https://www.digitaltrends.com/?p=3302133",
      "Title": "Wordle Today: Wordle answer and hints for January 3",
      "PublishDate": "2025-01-02T13:30:05+00:00",
      "Summary": "Trying to solve the Wordle today? If you're stuck, we've got a few hints that will help you keep your Wordle streak alive.",
      "Content": null,
      "Language": "en-US",
      "Link": "https://www.digitaltrends.com/gaming/wordle-today-answer-hints/"
    }
  ]
}
