{
  "FeedTitle": "Blog on embarc",
  "FeedId": "https://www.embarc.de/blog/index.xml",
  "ItemIds": [
    "https://www.embarc.de/abheften-mit-arc42-fuer-fortgeschrittene-konzept-oder-entscheidung/",
    "https://www.embarc.de/ades-framework-download/",
    "https://www.embarc.de/adventsgrillen/",
    "https://www.embarc.de/agila-in-den-zeiten-der-corona/",
    "https://www.embarc.de/arc42-starschnitt-gradle-die-schnipsel-zusammensetzen/",
    "https://www.embarc.de/arc42-starschnitt-gradle-schnipsel-nr-1-produktkarton/",
    "https://www.embarc.de/arc42-starschnitt-gradle-schnipsel-nr-10-loesungsstrategie/",
    "https://www.embarc.de/arc42-starschnitt-gradle-schnipsel-nr-11-laufzeitsicht/",
    "https://www.embarc.de/arc42-starschnitt-gradle-schnipsel-nr-2-systemkontext/",
    "https://www.embarc.de/arc42-starschnitt-gradle-schnipsel-nr-3-qualitaetsziele/",
    "https://www.embarc.de/arc42-starschnitt-gradle-schnipsel-nr-4-bausteinsicht/",
    "https://www.embarc.de/arc42-starschnitt-gradle-schnipsel-nr-5-architekturentscheidungen/",
    "https://www.embarc.de/arc42-starschnitt-gradle-schnipsel-nr-6-grafisches-glossar/",
    "https://www.embarc.de/arc42-starschnitt-gradle-schnipsel-nr-7-qualitaetsszenarien/",
    "https://www.embarc.de/arc42-starschnitt-gradle-schnipsel-nr-8-randbedingungen/",
    "https://www.embarc.de/arc42-starschnitt-gradle-schnipsel-nr-9-konzepte/",
    "https://www.embarc.de/architektur-ohne-tellerrand-saa2021/",
    "https://www.embarc.de/architektur-portraet-corona-warn-app/",
    "https://www.embarc.de/architektur-portraet-golang/",
    "https://www.embarc.de/architektur-portraet-hugo/",
    "https://www.embarc.de/architektur-portraet-lambda/",
    "https://www.embarc.de/architektur-portraet-maven/",
    "https://www.embarc.de/architektur-portraet-neo4j/",
    "https://www.embarc.de/architektur-portraet-prometheus/",
    "https://www.embarc.de/architektur-portraet-spring-framework/",
    "https://www.embarc.de/architektur-portraet-threema/",
    "https://www.embarc.de/architektur-portraet-visual-studio-code/",
    "https://www.embarc.de/architekturdoku-buch-dritte-auflage/",
    "https://www.embarc.de/architekturprinzipien-pruefsteine/",
    "https://www.embarc.de/architekturspicker-vertont/",
    "https://www.embarc.de/architekturstile-software-echt/",
    "https://www.embarc.de/architekturueberblicke-anfertigen/",
    "https://www.embarc.de/arcpunsch-rueckblick/",
    "https://www.embarc.de/aufbrechen-mit-embarc/",
    "https://www.embarc.de/ausblick-isaqb-advanced-pruefung/",
    "https://www.embarc.de/blog/machine-learning-anwendungen-text/",
    "https://www.embarc.de/blog/machine-learning-anwendungen/",
    "https://www.embarc.de/blog/meta-learning-was-ich-beim-elearning-remote-moderation-%C3%BCbers-lehren-gelernt-habe/",
    "https://www.embarc.de/blog/transformer-zoo/",
    "https://www.embarc.de/blog/warum-ml-zu-agile-passt/",
    "https://www.embarc.de/blog/was-k%C3%B6nnen-wir-durch-die-corona-krise-%C3%BCber-organisationen-lernen/",
    "https://www.embarc.de/blog/was-tun-gegen-die-videokonferenz-m%C3%BCdigkeit/",
    "https://www.embarc.de/brettspiele-weihnachten/",
    "https://www.embarc.de/computergegner-asynchron-anbinden-rabbitmq-micro-moves-bauteil-6/",
    "https://www.embarc.de/consumer-driven-contracts/",
    "https://www.embarc.de/cwa-oop-preview/",
    "https://www.embarc.de/cwa-unter-der-lupe/",
    "https://www.embarc.de/deutsch-techies-fragen-an-melanie-andrisek/",
    "https://www.embarc.de/die-sieben-regeln-fuer-gute-dokumentation-in-stein-gemeisselt-tafel-1-von-3/",
    "https://www.embarc.de/die-sieben-regeln-fuer-gute-dokumentation-in-stein-gemeisselt-tafel-2-von-3/",
    "https://www.embarc.de/die-sieben-regeln-fuer-gute-dokumentation-in-stein-gemeisselt-tafel-3-von-3/",
    "https://www.embarc.de/docToolchain/",
    "https://www.embarc.de/drei-dinge-architekturdiagramme-plantuml-nerven/",
    "https://www.embarc.de/echo-2017/",
    "https://www.embarc.de/einheitlicher-ui-rahmen-php-ssi-micro-moves-bauteil-8/",
    "https://www.embarc.de/embarc-echo-2017-2/",
    "https://www.embarc.de/embarc-echo-auf-das-1-halbjahr-2014/",
    "https://www.embarc.de/embarc-echo-februar-2019/",
    "https://www.embarc.de/embarc-echo-januar-2015/",
    "https://www.embarc.de/embarc-echo-januar-2016/",
    "https://www.embarc.de/embarc-echo-juli-2015/",
    "https://www.embarc.de/embarc-echo-juli-2016/",
    "https://www.embarc.de/embarc-echo-juli-2018/",
    "https://www.embarc.de/embarc-echo-maerz-2018/",
    "https://www.embarc.de/embarc-echo-september-2019/",
    "https://www.embarc.de/embarc-echo-september-2020/",
    "https://www.embarc.de/embarking-embarc/",
    "https://www.embarc.de/entwicklungsteams-enablen/",
    "https://www.embarc.de/erster-service-mit-java-und-spring-boot-micro-moves-bauteil-1/",
    "https://www.embarc.de/eventual-consistency-fragen-an-susanne-braun/",
    "https://www.embarc.de/fen-forsyth-edwards-notation/",
    "https://www.embarc.de/fragen-an-peter-gafert/",
    "https://www.embarc.de/fragen-an-tobias-ahlers/",
    "https://www.embarc.de/frontend-architektur/",
    "https://www.embarc.de/golang-jugsaxony-video/",
    "https://www.embarc.de/groovy-einfuehrung/",
    "https://www.embarc.de/gute-vorsaetze-2021/",
    "https://www.embarc.de/interview-anja-kammer-datensicherheit/",
    "https://www.embarc.de/interview-cosima-laube-softe-skills/",
    "https://www.embarc.de/interview-fin-labusch-kids4it/",
    "https://www.embarc.de/interview-ina-einemann-productowner/",
    "https://www.embarc.de/interview-larysa-visengeriyeva-datamesh/",
    "https://www.embarc.de/interview-matthias-naab-plattformen/",
    "https://www.embarc.de/interview-sven-grasser-plattformen/",
    "https://www.embarc.de/interview-sven-woltmann-hexagonale-architektur/",
    "https://www.embarc.de/isaqb-advanced-aufgaben-loesen-intro/",
    "https://www.embarc.de/isaqb-cpsa-advanced-pruefungsaufgaben/",
    "https://www.embarc.de/ist-dieses-arc42-eigentlich-alternativlos/",
    "https://www.embarc.de/java-15-16/",
    "https://www.embarc.de/java-value-objects/",
    "https://www.embarc.de/kolumne-architekturen-dokumentieren-folge-1-voll-unagil/",
    "https://www.embarc.de/kolumne-architekturen-dokumentieren-folge-10-out-of-the-box-produktkartons/",
    "https://www.embarc.de/kolumne-architekturen-dokumentieren-folge-11-tartan-architektur-muster-dokumentieren/",
    "https://www.embarc.de/kolumne-architekturen-dokumentieren-folge-12-big-picture-mit-entscheidern-kommunizieren/",
    "https://www.embarc.de/kolumne-architekturen-dokumentieren-folge-2-systemkontext/",
    "https://www.embarc.de/kolumne-architekturen-dokumentieren-folge-3-hat-mozart-modelliert/",
    "https://www.embarc.de/kolumne-architekturen-dokumentieren-folge-4-was-ist-was-band-127-unser-softwaresystem/",
    "https://www.embarc.de/kolumne-architekturen-dokumentieren-folge-5-laufzeitsicht-der-juengste-spieler-faengt/",
    "https://www.embarc.de/kolumne-architekturen-dokumentieren-folge-6-von-software-messies-und-jar-file-schlampen/",
    "https://www.embarc.de/kolumne-architekturen-dokumentieren-folge-7-historisch-gewachsen-entscheidungen-festhalten/",
    "https://www.embarc.de/kolumne-architekturen-dokumentieren-folge-8-fuer-die-ewigkeit-die-tonne-oder-etwas-dazwischen/",
    "https://www.embarc.de/kolumne-architekturen-dokumentieren-folge-9-big-brother/",
    "https://www.embarc.de/kopf-voller-softwarearchitektur-begriffsbild/",
    "https://www.embarc.de/kriterien-einfuehrung-querschnittliche-bounded-contexts/",
    "https://www.embarc.de/markdown-vs-asciidoc/",
    "https://www.embarc.de/micro-moves-zeitgenoessische-softwarearchitektur-als-bausatz-intro/",
    "https://www.embarc.de/midsommar-2021-rueckblick/",
    "https://www.embarc.de/midsommar-gather-town/",
    "https://www.embarc.de/mikado-methode/",
    "https://www.embarc.de/mit-unfix-in-eine-dynamische-zukunft/",
    "https://www.embarc.de/Mitarbeiterbeteiligung-Fragebogen/",
    "https://www.embarc.de/ml-buch-v2/",
    "https://www.embarc.de/netflix-architektur-blogserie-teil-1-die-umgekehrte-architekturbewertung/",
    "https://www.embarc.de/netflix-architektur-blogserie-teil-2-microservices/",
    "https://www.embarc.de/netflix-architektur-blogserie-teil-3-netflix-open-source-services-oss/",
    "https://www.embarc.de/new-work-entscheidungen/",
    "https://www.embarc.de/online-meetings-warum-sind-die-so-anstrengend/",
    "https://www.embarc.de/organisationsentwicklung-und-hygge/",
    "https://www.embarc.de/pragmatische-Fitness-Functions/",
    "https://www.embarc.de/prinzipien-umsetzung-querschnittlicher-bounded-contexts/",
    "https://www.embarc.de/punsch-2021-rueckblick/",
    "https://www.embarc.de/punsch-2021-vorschau/",
    "https://www.embarc.de/punsch-2022-vorschau/",
    "https://www.embarc.de/punsch-2023-vorschau/",
    "https://www.embarc.de/remote-weiterbildung/",
    "https://www.embarc.de/roewekamp-ki-ethik/",
    "https://www.embarc.de/schachbegriffe-auf-englisch/",
    "https://www.embarc.de/scientist-fitness-function/",
    "https://www.embarc.de/security-services-jwt-micro-moves-bauteil-7/",
    "https://www.embarc.de/service-schach-diagramme-python-flask-micro-moves-bauteil-2/",
    "https://www.embarc.de/services-verbinden-nginx-reverse-proxy-docker-micro-moves-bauteil-4/",
    "https://www.embarc.de/sieben-monate-embarc/",
    "https://www.embarc.de/sieben-tipps-affinity-photo/",
    "https://www.embarc.de/single-page-application-vue-js-micro-moves-bauteil-3/",
    "https://www.embarc.de/socreatory-trainings-embarc-innoq/",
    "https://www.embarc.de/softwarearchitektur-briefmarken/",
    "https://www.embarc.de/softwarearchitektur-fuer-ml/",
    "https://www.embarc.de/softwaredokumentation-liebe-auf-den-zweiten-blick-fragen-an-stephan-pirnbaum/",
    "https://www.embarc.de/softwareentwicklungsraute/",
    "https://www.embarc.de/spielregeln-schach-robuste-aufrufe-hystrix-micro-moves-bauteil-5/",
    "https://www.embarc.de/tag-des-krampus/",
    "https://www.embarc.de/testcontainers/",
    "https://www.embarc.de/top-tools-fuer-architekturdokumentation-je-fuenf-staerken-und-schwaechen/",
    "https://www.embarc.de/was-geht-ab-in-meinem-cluster-fragen-an-matthias-haeussler/",
    "https://www.embarc.de/was-ist-docs-as-code/",
    "https://www.embarc.de/was-ist-plattform-engineering/",
    "https://www.embarc.de/was-sind-architektur-katas/",
    "https://www.embarc.de/well-architected-cloud-anwendung/",
    "https://www.embarc.de/well-architected-cloud-cost-optimization-sustainability/",
    "https://www.embarc.de/well-architected-cloud-operational-excellence/",
    "https://www.embarc.de/well-architected-cloud-performance-efficiency/",
    "https://www.embarc.de/well-architected-cloud-reliability/",
    "https://www.embarc.de/well-architected-cloud-security/",
    "https://www.embarc.de/well-architected-cloud-ueberblick/",
    "https://www.embarc.de/wissen-teilen/",
    "https://www.embarc.de/wunschzettel-spicker/"
  ]
}
