{
  "FeedTitle": "WindowsPro | Windows, Virtualisierung und Cloud für Profis",
  "FeedId": "https://www.windowspro.de/rss.xml",
  "ItemIds": [
    "5238 at https://www.windowspro.de",
    "5899 at https://www.windowspro.de",
    "5902 at https://www.windowspro.de",
    "5904 at https://www.windowspro.de",
    "5905 at https://www.windowspro.de",
    "5906 at https://www.windowspro.de",
    "5907 at https://www.windowspro.de",
    "5908 at https://www.windowspro.de",
    "5909 at https://www.windowspro.de",
    "5911 at https://www.windowspro.de"
  ]
}
