{
  "Id": "https://www.businessinsider.de/feed/businessinsider-alle-artikel/",
  "Website": "https://www.businessinsider.de/feed/businessinsider-alle-artikel/",
  "Title": "Business Insider Main RSS für User",
  "LastUpdatedTime": "2025-06-14T10:43:50+02:00",
  "Description": "Business Insider",
  "Language": "de-DE",
  "Items": [
    {
      "FeedId": "https://www.businessinsider.de/feed/businessinsider-alle-artikel/",
      "ItemId": "https://www.businessinsider.de/leben/dermatologin-verraet-ihre-3-wichtigsten-hautpflege-tipps-und-fehler/",
      "Title": "Ein Dermatologe nennt 3 Hautpflegegewohnheiten, die Falten und dunkle Flecken verursachen",
      "PublishDate": "2025-06-14T09:55:47+02:00",
      "Summary": "\nDr. Suchismita „Tia“ Paul ist Dermatologin und behandelt Hautprobleme. Sie verrät BI, welche Hauptpflege nicht übersprungen werden sollte.\n",
      "Content": null,
      "Language": "de-DE",
      "Link": "https://www.businessinsider.de/leben/dermatologin-verraet-ihre-3-wichtigsten-hautpflege-tipps-und-fehler/?tpcc=offsite_rss"
    },
    {
      "FeedId": "https://www.businessinsider.de/feed/businessinsider-alle-artikel/",
      "ItemId": "https://www.businessinsider.de/politik/wir-stehen-erst-am-anfang-warum-der-krieg-zwischen-iran-und-israel-einen-flaechenbrand-ausloesen-koennte/",
      "Title": "„Wir stehen erst am Anfang“: Warum der Krieg zwischen Iran und Israel einen Flächenbrand auslösen könnte",
      "PublishDate": "2025-06-14T09:51:37+02:00",
      "Summary": "\nDer Konflikt zwischen Israel und Iran eskaliert weiter ohne Deeskalation. In Israel kommen durch Raketenangriffe erneut Menschen ums Leben.\n",
      "Content": null,
      "Language": "de-DE",
      "Link": "https://www.businessinsider.de/politik/wir-stehen-erst-am-anfang-warum-der-krieg-zwischen-iran-und-israel-einen-flaechenbrand-ausloesen-koennte/?tpcc=offsite_rss"
    },
    {
      "FeedId": "https://www.businessinsider.de/feed/businessinsider-alle-artikel/",
      "ItemId": "https://www.businessinsider.de/wirtschaft/ceo-von-goldman-sachs-im-interview-ueber-trumps-politik/",
      "Title": "CEO von Goldman Sachs im Interview: So denkt David Solomon über die Folgen von Trumps Politik für Märkte",
      "PublishDate": "2025-06-14T09:00:00+02:00",
      "Summary": "\nDavid Solomon, CEO von Goldman Sachs, im Interview über die wirtschaftliche Lage und die Auswirkungen von Trumps Politik.\n",
      "Content": null,
      "Language": "de-DE",
      "Link": "https://www.businessinsider.de/wirtschaft/ceo-von-goldman-sachs-im-interview-ueber-trumps-politik/?tpcc=offsite_rss"
    },
    {
      "FeedId": "https://www.businessinsider.de/feed/businessinsider-alle-artikel/",
      "ItemId": "https://www.businessinsider.de/business-reporter-technology/tesla-neue-preise-und-funktionen-was-heisst-das-fuer-den-markt/",
      "Title": "Tesla Model X und S: Leiser, schwerer und teurer – was bedeuten diese Veränderungen für Käufer und den Markt?",
      "PublishDate": "2025-06-14T08:33:22+02:00",
      "Summary": "\nDie teuersten Elektroautos von Tesla erhielten am Freitag eine Reihe neuer Funktionen sowie Preiserhöhungen. Das solltet ihr darüber wissen.\n",
      "Content": null,
      "Language": "de-DE",
      "Link": "https://www.businessinsider.de/business-reporter-technology/tesla-neue-preise-und-funktionen-was-heisst-das-fuer-den-markt/?tpcc=offsite_rss"
    },
    {
      "FeedId": "https://www.businessinsider.de/feed/businessinsider-alle-artikel/",
      "ItemId": "https://www.businessinsider.de/politik/trump-schwaecht-seinen-scharfen-abschiebekurs-ab-und-klingt-ungewoehnlich-selbstkritisch/",
      "Title": "Trump schwächt seinen scharfen Abschiebekurs ab – und klingt ungewöhnlich selbstkritisch",
      "PublishDate": "2025-06-14T08:32:01+02:00",
      "Summary": "\nUS-Präsident Trump seinen strikten Abschiebekurs nach Protesten und äußert sich selbstkritisch über die Auswirkungen seiner Einwanderungspolitik.\n",
      "Content": null,
      "Language": "de-DE",
      "Link": "https://www.businessinsider.de/politik/trump-schwaecht-seinen-scharfen-abschiebekurs-ab-und-klingt-ungewoehnlich-selbstkritisch/?tpcc=offsite_rss"
    },
    {
      "FeedId": "https://www.businessinsider.de/feed/businessinsider-alle-artikel/",
      "ItemId": "https://www.businessinsider.de/karriere/headhunter-im-oeffentlichen-dienst-so-landet-ihr-auf-dem-radar/",
      "Title": "Headhunter für den öffentlichen Dienst verraten: Mit diesen 3 Tipps landet ihr auf unserem Radar",
      "PublishDate": "2025-06-14T07:00:00+02:00",
      "Summary": "\nHeadhunter jagen jetzt auch im öffentlichen Dienst nach Bewerbern. Zwei von ihnen verraten, wie ihr die Aufmerksamkeit auf euch zieht.\n",
      "Content": null,
      "Language": "de-DE",
      "Link": "https://www.businessinsider.de/karriere/headhunter-im-oeffentlichen-dienst-so-landet-ihr-auf-dem-radar/?tpcc=offsite_rss"
    },
    {
      "FeedId": "https://www.businessinsider.de/feed/businessinsider-alle-artikel/",
      "ItemId": "https://www.businessinsider.de/leben/ich-wanderte-wegen-meiner-panikattacken-nach-neuseeland-aus/",
      "Title": "Ich dachte, ein Umzug nach Neuseeland würde gegen meine Panikattacken helfen: Erst nach 4 Jahren wurde es besser",
      "PublishDate": "2025-06-13T20:00:00+02:00",
      "Summary": "\nUnsere Autorin hatte mit Panikattacken zu kämpfen. Ein Umzug nach Neuseeland sollte helfen, doch erst diese Entscheidung machte alles besser.\n",
      "Content": null,
      "Language": "de-DE",
      "Link": "https://www.businessinsider.de/leben/ich-wanderte-wegen-meiner-panikattacken-nach-neuseeland-aus/?tpcc=offsite_rss"
    },
    {
      "FeedId": "https://www.businessinsider.de/feed/businessinsider-alle-artikel/",
      "ItemId": "https://www.businessinsider.de/leben/hochzeit-diese-6-traditionen-sind-unnoetig-laut-hochzeitsplanern/",
      "Title": "3 Hochzeitsplaner verraten: Diese 6 Traditionen für Brautpaare sind völlig überbewertet",
      "PublishDate": "2025-06-13T19:00:00+02:00",
      "Summary": "\nBlumenstrauß werfen, weißes Kleid, mit dem Vater zum Alter: Auf diese sechs Traditionen könnt ihr laut Experten bei der Hochzeit verzichten.\n",
      "Content": null,
      "Language": "de-DE",
      "Link": "https://www.businessinsider.de/leben/hochzeit-diese-6-traditionen-sind-unnoetig-laut-hochzeitsplanern/?tpcc=offsite_rss"
    },
    {
      "FeedId": "https://www.businessinsider.de/feed/businessinsider-alle-artikel/",
      "ItemId": "https://www.businessinsider.de/gruenderszene/business/dieser-deal-ist-tot-warum-fuer-mcmakler-ein-interner-streit-gefaehrlich-werden-kann/",
      "Title": "„Dieser Deal ist tot“: Warum für McMakler ein interner Streit jetzt sehr gefährlich werden kann",
      "PublishDate": "2025-06-13T18:00:11+02:00",
      "Summary": "\nEin geplatzter Deal, ein eskalierender Machtkampf: McMakler steckt mitten in einer Krise. Alle Insides dazu erfahrt ihr hier.\n",
      "Content": null,
      "Language": "de-DE",
      "Link": "https://www.businessinsider.de/gruenderszene/business/dieser-deal-ist-tot-warum-fuer-mcmakler-ein-interner-streit-gefaehrlich-werden-kann/?tpcc=offsite_rss"
    },
    {
      "FeedId": "https://www.businessinsider.de/feed/businessinsider-alle-artikel/",
      "ItemId": "https://www.businessinsider.de/karriere/5-ki-tools-sparen-euch-15-stunden-pro-woche-laut-gruenderin/",
      "Title": "Diese 5 KI-Tools sparen euch bei der Arbeit wöchentlich bis zu 15 Stunden, laut einer Gründerin",
      "PublishDate": "2025-06-13T18:00:00+02:00",
      "Summary": "\nUnsere Autorin hat Big Tech verlassen, um ihr eigenes Unternehmen zu gründen. Diese 5 KI-Tools nutzt sie heute, um Zeit zu sparen.\n",
      "Content": null,
      "Language": "de-DE",
      "Link": "https://www.businessinsider.de/karriere/5-ki-tools-sparen-euch-15-stunden-pro-woche-laut-gruenderin/?tpcc=offsite_rss"
    },
    {
      "FeedId": "https://www.businessinsider.de/feed/businessinsider-alle-artikel/",
      "ItemId": "https://www.businessinsider.de/wirtschaft/finanzen/sk-gruender-feiern-skurriles-comeback-frueher-millionenbetrug-jetzt-youtube-coaching/",
      "Title": "Sie veruntreuten Millionen, jetzt setzen sie auf Social Media: S&amp;K-Gründer feiern skurriles Comeback",
      "PublishDate": "2025-06-13T17:57:05+02:00",
      "Summary": "\nEin Gericht verurteile Jonas Köller und Stephan Schäfer wegen eines millionenschweren Anlageskandals. Nun kehren die S&K-Gründer zurück.\n",
      "Content": null,
      "Language": "de-DE",
      "Link": "https://www.businessinsider.de/wirtschaft/finanzen/sk-gruender-feiern-skurriles-comeback-frueher-millionenbetrug-jetzt-youtube-coaching/?tpcc=offsite_rss"
    },
    {
      "FeedId": "https://www.businessinsider.de/feed/businessinsider-alle-artikel/",
      "ItemId": "https://www.businessinsider.de/wirtschaft/russland-sanktionen-eu-nimmt-jetzt-auch-chinesische-banken-ins-visier/",
      "Title": "Russland-Sanktionen: Europäische Union nimmt jetzt auch chinesische Banken ins Visier",
      "PublishDate": "2025-06-13T17:07:21+02:00",
      "Summary": "\n\n\n\n\n\n\n\n\n\n\n\n\n\nDer chinesische Staatspräsident Xi und der Russische Präsident Putin.\n\npicture alliance / ASSOCIATED PRESS | Alexei Nikolsky\n\n\n\n\n\n\n\n\nWarum das wichtig ist: Die vorgeschlagenen Sanktionen wären das erste Mal, dass die Europäische Union gegen einen Russland-Kreditgeber aus Drittländern vorgeht.\n\n\n\n\nDie EU bereitet Sanktionen gegen zwei chinesische Banken vor, die angeblich verbotene Geschäfte mit Russland über Kryptowäh...\n",
      "Content": null,
      "Language": "de-DE",
      "Link": "https://www.businessinsider.de/wirtschaft/russland-sanktionen-eu-nimmt-jetzt-auch-chinesische-banken-ins-visier/?tpcc=offsite_rss"
    },
    {
      "FeedId": "https://www.businessinsider.de/feed/businessinsider-alle-artikel/",
      "ItemId": "https://www.businessinsider.de/wirtschaft/gold-etfs-anleihen-so-schuetzt-ihr-euer-geld-nach-der-nahost-eskalation/",
      "Title": "ETFs, Gold und Anleihen: Diese Mischung schützt euer Geld nach der Eskalation zwischen Israel und dem Iran",
      "PublishDate": "2025-06-13T16:10:12+02:00",
      "Summary": "\nDer Angriff Israels gegen Iran erschüttert die Märkte. Das bedeutet der Konflikt für eure ETFs, Aktien und Gold – und so sichert ihr euch ab.\n",
      "Content": null,
      "Language": "de-DE",
      "Link": "https://www.businessinsider.de/wirtschaft/gold-etfs-anleihen-so-schuetzt-ihr-euer-geld-nach-der-nahost-eskalation/?tpcc=offsite_rss"
    },
    {
      "FeedId": "https://www.businessinsider.de/feed/businessinsider-alle-artikel/",
      "ItemId": "https://www.businessinsider.de/wirtschaft/wegen-musk-franzoesische-tesla-fahrer-wollen-sich-aus-leasingvertraegen-klagen/",
      "Title": "Wegen Elon Musk: Französische Tesla-Fahrer wollen sich aus Leasingverträgen klagen",
      "PublishDate": "2025-06-13T15:51:40+02:00",
      "Summary": "\nTesla steht zunehmend im Fokus, denn CEO Elon Musk machte durch sein fragwürdiges politisches Engagement oft Schlagzeilen.\n",
      "Content": null,
      "Language": "de-DE",
      "Link": "https://www.businessinsider.de/wirtschaft/wegen-musk-franzoesische-tesla-fahrer-wollen-sich-aus-leasingvertraegen-klagen/?tpcc=offsite_rss"
    },
    {
      "FeedId": "https://www.businessinsider.de/feed/businessinsider-alle-artikel/",
      "ItemId": "https://www.businessinsider.de/gruenderszene/business/n26-geraet-erneut-ins-visier-der-bafin-diesmal-wegen-einer-tochterfirma/",
      "Title": "N26 gerät erneut ins Visier der Bafin – diesmal wegen einer Tochterfirma im Ausland",
      "PublishDate": "2025-06-13T15:48:01+02:00",
      "Summary": "\nLaut Berichten des \"Manager Magzins\" muss sich N26 schon wieder mit der Bafin auseinandersetzen. Die Bank dementiert das zumindest nicht.\n",
      "Content": null,
      "Language": "de-DE",
      "Link": "https://www.businessinsider.de/gruenderszene/business/n26-geraet-erneut-ins-visier-der-bafin-diesmal-wegen-einer-tochterfirma/?tpcc=offsite_rss"
    },
    {
      "FeedId": "https://www.businessinsider.de/feed/businessinsider-alle-artikel/",
      "ItemId": "https://www.businessinsider.de/politik/babyboomer-gehen-oft-frueher-in-rente-forscherin-fordert-regierung-auf-zu-reagieren/",
      "Title": "Babyboomer gehen oft früher in Rente: Wissenschaftlerin fordert Regierung auf, das zu ändern",
      "PublishDate": "2025-06-13T15:46:46+02:00",
      "Summary": "\nDer demografische Wandel ist ein Problem für das Renten-System: immer mehr Rentner werden von immer weniger Beitragszahlern getragen.\n",
      "Content": null,
      "Language": "de-DE",
      "Link": "https://www.businessinsider.de/politik/babyboomer-gehen-oft-frueher-in-rente-forscherin-fordert-regierung-auf-zu-reagieren/?tpcc=offsite_rss"
    },
    {
      "FeedId": "https://www.businessinsider.de/feed/businessinsider-alle-artikel/",
      "ItemId": "https://www.businessinsider.de/wirtschaft/mobility/vw-ohne-werk-in-wolfsburg-was-autobauer-bereits-pruefen/",
      "Title": "Keine eigenen Werke mehr in Europa? Was Autobauer insgeheim bereits prüfen ",
      "PublishDate": "2025-06-13T15:14:36+02:00",
      "Summary": "\n94 Prozent der europäischen Autobauer prüfen laut Bain-Analyse eine Zukunft ohne eigene Produktion – so realistisch ist das Szenario.\n",
      "Content": null,
      "Language": "de-DE",
      "Link": "https://www.businessinsider.de/wirtschaft/mobility/vw-ohne-werk-in-wolfsburg-was-autobauer-bereits-pruefen/?tpcc=offsite_rss"
    },
    {
      "FeedId": "https://www.businessinsider.de/feed/businessinsider-alle-artikel/",
      "ItemId": "https://www.businessinsider.de/karriere/jpmorgan-ceo-jamie-dimon-feuert-die-arschloecher-fuer-bessere-teamkultur/",
      "Title": "JPMorgan-CEO Jamie Dimon rät für bessere Teamkultur: „Feuert die Arschlöcher“",
      "PublishDate": "2025-06-13T15:06:59+02:00",
      "Summary": "\nBei einer Podiumsdiskussion forderte Jamie Dimon, CEO von JPMorgan Chase, einen harten Umgang mit \"Arschlöchern\" – auch wenn es Kunden sind.\n",
      "Content": null,
      "Language": "de-DE",
      "Link": "https://www.businessinsider.de/karriere/jpmorgan-ceo-jamie-dimon-feuert-die-arschloecher-fuer-bessere-teamkultur/?tpcc=offsite_rss"
    },
    {
      "FeedId": "https://www.businessinsider.de/feed/businessinsider-alle-artikel/",
      "ItemId": "https://www.businessinsider.de/gruenderszene/perspektive/gossip-vc-internas-wie-fake-accounts-die-startup-bubble-trollen/",
      "Title": "Gossip, Satire und VC-Internas: Wie Fake-Accounts die Startup-Bubble trollen",
      "PublishDate": "2025-06-13T14:59:05+02:00",
      "Summary": "\nIn den USA trollt gerade jemand die VC-Szene. Alle rätseln: Wer ist das Gossip Girl des Silicon Valleys? Ähnliche Fälle gab es schon zuvor.\n",
      "Content": null,
      "Language": "de-DE",
      "Link": "https://www.businessinsider.de/gruenderszene/perspektive/gossip-vc-internas-wie-fake-accounts-die-startup-bubble-trollen/?tpcc=offsite_rss"
    },
    {
      "FeedId": "https://www.businessinsider.de/feed/businessinsider-alle-artikel/",
      "ItemId": "https://www.businessinsider.de/leben/ich-flog-first-class-und-bereue-es-nicht-economy-gebucht-zu-haben/",
      "Title": "Ich flog First Class mit meiner 8 Monate alten Tochter: Darum war die Reise viel schlechter als in der Economy",
      "PublishDate": "2025-06-13T14:49:56+02:00",
      "Summary": "\nTeures Upgrade, null Schlaf: Der Flug unserer Autorin in der First Class wurde zum Desaster. Warum sie jetzt jederzeit Economy buchen würde.\n",
      "Content": null,
      "Language": "de-DE",
      "Link": "https://www.businessinsider.de/leben/ich-flog-first-class-und-bereue-es-nicht-economy-gebucht-zu-haben/?tpcc=offsite_rss"
    }
  ]
}
