{
  "FeedTitle": " Latest from TechRadar US in News,opinion ",
  "FeedId": "https://www.techradar.com/rss",
  "ItemIds": [
    "3qmweRtkmvyePcVnBigDEM",
    "54awUerYDsRTHRK87AktPX",
    "CtNpDXsRkFMWotPMB63GWb",
    "dtiRL4iE43duvb3uJGWq8V",
    "dUtDFk6zDFdEEbCgGK7rR5",
    "FspwuBTgryzSDEWkc3uVQ7",
    "gVH9Tee5L9wGgEdPqXZmRm",
    "hALmXdbWBpiP3PGsGWwSJZ",
    "Jen9e36daS3iKV4HBMbNGD",
    "JhBLbg2gU2ATwjdxUEmpL4",
    "jmcjrzrZyZLhxn3kV7Rodd",
    "JYG589S9mGj8QB8mDmQ2T",
    "kwyD7nUeSdLi93E9XnFV7o",
    "MFCB2gYTnV2NX4Gx3zQJaP",
    "nSwNPnx4Yzzx4FfGo3s3EX",
    "p9nbucEtdfofUvHMEWoLAQ",
    "Q5NeFnfrVoaBiU4ujYEgda",
    "skSMJJWqCRzWVz9yCSRjLF",
    "Uc6zHqXVpkar7gVuhsbNRG",
    "wLbSnNTDJqYidw3EWRYf2H"
  ]
}
