{
  "Id": "https://www.stonewars.de/feed/",
  "Website": "https://www.stonewars.de/",
  "Title": "StoneWars",
  "LastUpdatedTime": "2025-11-17T19:00:28+00:00",
  "Description": "Der LEGO Blog mit News, Gerüchten und Reviews",
  "Language": "de",
  "Items": [
    {
      "FeedId": "https://www.stonewars.de/feed/",
      "ItemId": "https://www.stonewars.de/?p=263700#265056",
      "Title": "LEGO Insiders-Wochenende 2025: Offizielle Infos zu allen Aktionen",
      "PublishDate": "2025-11-17T17:59:25+00:00",
      "Summary": "<p>📢 Update (17. November, 18:59 Uhr): Mittlerweile sind die nächsten Details zum LEGO Insiders-Wochenende 2025 im LEGO Onlineshop bekannt geworden, sodass wir den Beitrag unten umfangreich aktualisieren konnten. Wir haben nicht nur hochaufgelöste Bilder von <a class=\"mh-excerpt-more\" href=\"https://www.stonewars.de/news/lego-insiders-wochenende-2025-ausblick/\" title=\"LEGO Insiders-Wochenende 2025: Offizielle Infos zu allen Aktionen\">[...]</a></p>\n<p>Der Beitrag <a href=\"https://www.stonewars.de/news/lego-insiders-wochenende-2025-ausblick/\">LEGO Insiders-Wochenende 2025: Offizielle Infos zu allen Aktionen</a> erschien zuerst auf <a href=\"https://www.stonewars.de\">StoneWars</a>.</p>\n",
      "Content": null,
      "Language": "de",
      "Link": "https://www.stonewars.de/news/lego-insiders-wochenende-2025-ausblick/"
    },
    {
      "FeedId": "https://www.stonewars.de/feed/",
      "ItemId": "https://www.stonewars.de/?p=264982",
      "Title": "Gratisbeigaben zum Insiders-Wochenende & Black Friday vorgestellt: Mini-Ritterburg, Kakaostand und Baby-Gorilla-Polybag",
      "PublishDate": "2025-11-17T16:14:20+00:00",
      "Summary": "<p>LEGO hat endlich offiziell die Katze aus dem Sack gelassen und die diesjährigen Gratisbeigaben sowie deren Rahmenbedingungen zum LEGO Insiders-Wochenende 2025 vorgestellt. Wir haben alle Infos und die offiziellen, hochaufgelösten Bilder der diesjährigen GWPs für <a class=\"mh-excerpt-more\" href=\"https://www.stonewars.de/news/lego-insiders-wochenende-2025-gratisbeigaben/\" title=\"Gratisbeigaben zum Insiders-Wochenende &#038; Black Friday vorgestellt: Mini-Ritterburg, Kakaostand und Baby-Gorilla-Polybag\">[...]</a></p>\n<p>Der Beitrag <a href=\"https://www.stonewars.de/news/lego-insiders-wochenende-2025-gratisbeigaben/\">Gratisbeigaben zum Insiders-Wochenende &#038; Black Friday vorgestellt: Mini-Ritterburg, Kakaostand und Baby-Gorilla-Polybag</a> erschien zuerst auf <a href=\"https://www.stonewars.de\">StoneWars</a>.</p>\n",
      "Content": null,
      "Language": "de",
      "Link": "https://www.stonewars.de/news/lego-insiders-wochenende-2025-gratisbeigaben/"
    },
    {
      "FeedId": "https://www.stonewars.de/feed/",
      "ItemId": "https://www.stonewars.de/?p=264608",
      "Title": "Über 2000 LEGO Pick a Brick EOL-Teile im Preis gesunken! Ritter-Schilde, Tiere, Minifiguren & mehr zum Großteil 50% günstiger",
      "PublishDate": "2025-11-17T13:53:28+00:00",
      "Summary": "<p>Ende des Jahres verschwinden viele Teile aus dem LEGO Pick a Brick Sortiment und jetzt gibt es in Vorbereitung auf den Black Friday dort eine große Menge an Elementen, die im Preis teilweise stark gesunken <a class=\"mh-excerpt-more\" href=\"https://www.stonewars.de/news/lego-pick-a-brick-eol-teile-reduziert/\" title=\"Über 2000 LEGO Pick a Brick EOL-Teile im Preis gesunken! Ritter-Schilde, Tiere, Minifiguren &#038; mehr zum Großteil 50% günstiger\">[...]</a></p>\n<p>Der Beitrag <a href=\"https://www.stonewars.de/news/lego-pick-a-brick-eol-teile-reduziert/\">Über 2000 LEGO Pick a Brick EOL-Teile im Preis gesunken! Ritter-Schilde, Tiere, Minifiguren &#038; mehr zum Großteil 50% günstiger</a> erschien zuerst auf <a href=\"https://www.stonewars.de\">StoneWars</a>.</p>\n",
      "Content": null,
      "Language": "de",
      "Link": "https://www.stonewars.de/news/lego-pick-a-brick-eol-teile-reduziert/"
    },
    {
      "FeedId": "https://www.stonewars.de/feed/",
      "ItemId": "https://www.stonewars.de/?p=264968",
      "Title": "LEGO Angebote bei Müller: 20% Extra-Rabatt dank Gutscheincode – zahlreiche Bestpreise möglich",
      "PublishDate": "2025-11-17T12:11:11+00:00",
      "Summary": "<p>Und die nächsten Händler machen bei den großen Rabattaktionen rund um den LEGO Black Friday mit&#8230; Wir haben noch einen kurzen Hinweis auf eine Aktion bei Müller, bei der sich gerade dank eines Gutscheincodes zahlreiche <a class=\"mh-excerpt-more\" href=\"https://www.stonewars.de/angebote/lego-angebote-bei-mueller-november-2025/\" title=\"LEGO Angebote bei Müller: 20% Extra-Rabatt dank Gutscheincode &#8211; zahlreiche Bestpreise möglich\">[...]</a></p>\n<p>Der Beitrag <a href=\"https://www.stonewars.de/angebote/lego-angebote-bei-mueller-november-2025/\">LEGO Angebote bei Müller: 20% Extra-Rabatt dank Gutscheincode &#8211; zahlreiche Bestpreise möglich</a> erschien zuerst auf <a href=\"https://www.stonewars.de\">StoneWars</a>.</p>\n",
      "Content": null,
      "Language": "de",
      "Link": "https://www.stonewars.de/angebote/lego-angebote-bei-mueller-november-2025/"
    },
    {
      "FeedId": "https://www.stonewars.de/feed/",
      "ItemId": "https://www.stonewars.de/?p=262743#262793",
      "Title": "LEGO Knaller-Angebote bei Amazon Spanien mit bis zu 48% Rabatt auf z.B. Fortnite Schlachtenbus, Juggernaut und V19 Sternjäger",
      "PublishDate": "2025-11-17T11:33:55+00:00",
      "Summary": "<p>📢 Update (17. November, 12:20 Uhr): Es gibt eine neue, extrem gute Aktion bei Amazon Spanien, bei der ihr bis zu 48% Rabatt auf die UVP bekommen könnt und darunter befinden sich gerade einige sehr <a class=\"mh-excerpt-more\" href=\"https://www.stonewars.de/angebote/lego-knaller-angebote-bei-amazon-spanien-update-2/\" title=\"LEGO Knaller-Angebote bei Amazon Spanien mit bis zu 48% Rabatt auf z.B. Fortnite Schlachtenbus, Juggernaut und V19 Sternjäger\">[...]</a></p>\n<p>Der Beitrag <a href=\"https://www.stonewars.de/angebote/lego-knaller-angebote-bei-amazon-spanien-update-2/\">LEGO Knaller-Angebote bei Amazon Spanien mit bis zu 48% Rabatt auf z.B. Fortnite Schlachtenbus, Juggernaut und V19 Sternjäger</a> erschien zuerst auf <a href=\"https://www.stonewars.de\">StoneWars</a>.</p>\n",
      "Content": null,
      "Language": "de",
      "Link": "https://www.stonewars.de/angebote/lego-knaller-angebote-bei-amazon-spanien-update-2/"
    },
    {
      "FeedId": "https://www.stonewars.de/feed/",
      "ItemId": "https://www.stonewars.de/?p=264131",
      "Title": "Forestmen-Baby: Unsere neue LEGO Anleitung als Extra-GWP für alle, die uns unterstützen wollen!",
      "PublishDate": "2025-11-17T09:50:25+00:00",
      "Summary": "<p>Die Forestmen bekommen Nachwuchs! Wir haben ein (wie wir finden äußerst niedliches) LEGO Forestmen-Baby gebaut und eine Anleitung dafür erstellt, die wir gerne im Tausch gegen eure Unterstützung an euch herausgeben wollen. Wir stellen euch <a class=\"mh-excerpt-more\" href=\"https://www.stonewars.de/anleitungen/forestmen-baby-lego-anleitung/\" title=\"Forestmen-Baby: Unsere neue LEGO Anleitung als Extra-GWP für alle, die uns unterstützen wollen!\">[...]</a></p>\n<p>Der Beitrag <a href=\"https://www.stonewars.de/anleitungen/forestmen-baby-lego-anleitung/\">Forestmen-Baby: Unsere neue LEGO Anleitung als Extra-GWP für alle, die uns unterstützen wollen!</a> erschien zuerst auf <a href=\"https://www.stonewars.de\">StoneWars</a>.</p>\n",
      "Content": null,
      "Language": "de",
      "Link": "https://www.stonewars.de/anleitungen/forestmen-baby-lego-anleitung/"
    },
    {
      "FeedId": "https://www.stonewars.de/feed/",
      "ItemId": "https://www.stonewars.de/?p=264445",
      "Title": "Landeerlaubnis erteilt: Die exklusive Gratisbeigabe zur LEGO Star Trek Enterprise D im Vorab-Review",
      "PublishDate": "2025-11-16T07:46:13+00:00",
      "Summary": "<p>Am diesjährigen LEGO Black Friday erscheint als große Neuheit und erstes Star Trek Set überhaupt bei LEGO die U.S.S. Enterprise NCC-1701-D &#8211; und mit ihr als exklusive Gratisbeigabe ein Type-15 Shuttlepod (40768) mit Ro Laren <a class=\"mh-excerpt-more\" href=\"https://www.stonewars.de/reviews/lego-star-trek-enterprise-gwp-shuttlepod-40768-review/\" title=\"Landeerlaubnis erteilt: Die exklusive Gratisbeigabe zur LEGO Star Trek Enterprise D im Vorab-Review\">[...]</a></p>\n<p>Der Beitrag <a href=\"https://www.stonewars.de/reviews/lego-star-trek-enterprise-gwp-shuttlepod-40768-review/\">Landeerlaubnis erteilt: Die exklusive Gratisbeigabe zur LEGO Star Trek Enterprise D im Vorab-Review</a> erschien zuerst auf <a href=\"https://www.stonewars.de\">StoneWars</a>.</p>\n",
      "Content": null,
      "Language": "de",
      "Link": "https://www.stonewars.de/reviews/lego-star-trek-enterprise-gwp-shuttlepod-40768-review/"
    },
    {
      "FeedId": "https://www.stonewars.de/feed/",
      "ItemId": "https://www.stonewars.de/?p=261286",
      "Title": "Bricking Bavaria 2025 – Ein Eventbericht von der großen LEGO Ausstellung in Friedrichshafen",
      "PublishDate": "2025-11-15T08:38:01+00:00",
      "Summary": "<p>Nachdem im Jahr 2024 großes Jubiläum in Fürth gefeiert werden konnte, trafen sich die AFOLs dieses Jahr wieder turnusmäßig in Friedrichshafen am Bodensee, um die einundzwanzigste Ausgabe der Ausstellung &#8222;Bricking Bavaria&#8220; auf die Beine zu <a class=\"mh-excerpt-more\" href=\"https://www.stonewars.de/events/bricking-bavaria-2025-bericht/\" title=\"Bricking Bavaria 2025 &#8211; Ein Eventbericht von der großen LEGO Ausstellung in Friedrichshafen\">[...]</a></p>\n<p>Der Beitrag <a href=\"https://www.stonewars.de/events/bricking-bavaria-2025-bericht/\">Bricking Bavaria 2025 &#8211; Ein Eventbericht von der großen LEGO Ausstellung in Friedrichshafen</a> erschien zuerst auf <a href=\"https://www.stonewars.de\">StoneWars</a>.</p>\n",
      "Content": null,
      "Language": "de",
      "Link": "https://www.stonewars.de/events/bricking-bavaria-2025-bericht/"
    },
    {
      "FeedId": "https://www.stonewars.de/feed/",
      "ItemId": "https://www.stonewars.de/?p=218183#264546",
      "Title": "StoneWars Revisited: LEGO 76271 Gotham City: Die Skyline der Batman-Zeichentrickserie im Review",
      "PublishDate": "2025-11-14T14:18:44+00:00",
      "Summary": "<p>📢 Update (14. November 2025): Am 1. April 2024 erschien ein ziemlich besonderes LEGO Batman Set, dass nun auch bald EOL geht: LEGO 76271 Batman: The Animated Series Gotham City. Damals war es mir ein <a class=\"mh-excerpt-more\" href=\"https://www.stonewars.de/reviews/review-lego-76271-batman-gotham-city/\" title=\"StoneWars Revisited: LEGO 76271 Gotham City: Die Skyline der Batman-Zeichentrickserie im Review\">[...]</a></p>\n<p>Der Beitrag <a href=\"https://www.stonewars.de/reviews/review-lego-76271-batman-gotham-city/\">StoneWars Revisited: LEGO 76271 Gotham City: Die Skyline der Batman-Zeichentrickserie im Review</a> erschien zuerst auf <a href=\"https://www.stonewars.de\">StoneWars</a>.</p>\n",
      "Content": null,
      "Language": "de",
      "Link": "https://www.stonewars.de/reviews/review-lego-76271-batman-gotham-city/"
    },
    {
      "FeedId": "https://www.stonewars.de/feed/",
      "ItemId": "https://www.stonewars.de/?p=264386",
      "Title": "LEGO Angebote bei OTTO mit z.B. 45% Rabatt auf LEGO Star Wars 75416 Chopper (C1-10P)",
      "PublishDate": "2025-11-14T11:01:44+00:00",
      "Summary": "<p>Aktuell haben diverse Händler ihre Abverkaufsaktionen zum Jahresende gestartet und versuchen dabei, dem eigentlich Black Friday wieder etwas zuvorzukommen. Auch bei OTTO gibt es gerade eine Aktion, auf die wir in aller Kürze hinweisen können, <a class=\"mh-excerpt-more\" href=\"https://www.stonewars.de/angebote/lego-angebote-otto-november-2025/\" title=\"LEGO Angebote bei OTTO mit z.B. 45% Rabatt auf LEGO Star Wars 75416 Chopper (C1-10P)\">[...]</a></p>\n<p>Der Beitrag <a href=\"https://www.stonewars.de/angebote/lego-angebote-otto-november-2025/\">LEGO Angebote bei OTTO mit z.B. 45% Rabatt auf LEGO Star Wars 75416 Chopper (C1-10P)</a> erschien zuerst auf <a href=\"https://www.stonewars.de\">StoneWars</a>.</p>\n",
      "Content": null,
      "Language": "de",
      "Link": "https://www.stonewars.de/angebote/lego-angebote-otto-november-2025/"
    }
  ]
}
