{
  "Id": "https://rss.golem.de/rss.php?feed=RSS2.0",
  "Website": "https://www.golem.de/",
  "Title": "Golem.de",
  "LastUpdatedTime": "2025-11-17T22:21:01+01:00",
  "Description": "IT-News fuer Profis",
  "Language": "de",
  "Items": [
    {
      "FeedId": "https://rss.golem.de/rss.php?feed=RSS2.0",
      "ItemId": "https://www.golem.de/2511/202238.html",
      "Title": "Top-500: Jupiter offiziell erster Exascale-Computer außerhalb der USA",
      "PublishDate": "2025-11-17T20:00:02+01:00",
      "Summary": "Die offizielle Zahl der Exascale-Systeme steigt auf vier - obwohl weltweit viel mehr existieren. Erstmals tauchen Supercomputer mit Blackwell auf. (<a href=\"https://www.golem.de/specials/top500/\">Top500-Liste</a>, <a href=\"https://www.golem.de/specials/computer/\">Computer</a>) <img src=\"https://cpx.golem.de/cpx.php?class=17&amp;aid=202238&amp;page=1&amp;ts=1763406002\" alt=\"\" width=\"1\" height=\"1\" />",
      "Content": "<img src=\"https://www.golem.de/2511/202238-545745-545743_rc.jpg\" width=\"416\" height=\"234\" vspace=\"3\" hspace=\"8\" align=\"left\">Die offizielle Zahl der Exascale-Systeme steigt auf vier - obwohl weltweit viel mehr existieren. Erstmals tauchen Supercomputer mit Blackwell auf. (<a href=\"https://www.golem.de/specials/top500/\">Top500-Liste</a>, <a href=\"https://www.golem.de/specials/computer/\">Computer</a>) <img src=\"https://cpx.golem.de/cpx.php?class=17&amp;aid=202238&amp;page=1&amp;ts=1763406002\" alt=\"\" width=\"1\" height=\"1\" />",
      "Language": "de",
      "Link": "https://www.golem.de/news/top-500-jupiter-offiziell-erster-exascale-computer-ausserhalb-der-usa-2511-202238.html"
    },
    {
      "FeedId": "https://rss.golem.de/rss.php?feed=RSS2.0",
      "ItemId": "https://www.golem.de/2511/202282.html",
      "Title": "Digitaler Souveränitätsgipfel: Vorteile für EU-Firmen bei IT-Ausschreibungen geplant",
      "PublishDate": "2025-11-17T19:49:02+01:00",
      "Summary": "Der morgige Souveränitätsgipfel in Berlin fordert Eigenständigkeit bei Cloud, KI und Satellitennetzen. Wie das erreicht werden soll, bleibt unklar. (<a href=\"https://www.golem.de/specials/bmds/\">Bundesministerium für Digitalisierung un</a>, <a href=\"https://www.golem.de/specials/supercomputer/\">Supercomputer</a>) <img src=\"https://cpx.golem.de/cpx.php?class=17&amp;aid=202282&amp;page=1&amp;ts=1763405342\" alt=\"\" width=\"1\" height=\"1\" />",
      "Content": "<img src=\"https://www.golem.de/2511/202282-545955-545953_rc.jpg\" width=\"416\" height=\"234\" vspace=\"3\" hspace=\"8\" align=\"left\">Der morgige Souveränitätsgipfel in Berlin fordert Eigenständigkeit bei Cloud, KI und Satellitennetzen. Wie das erreicht werden soll, bleibt unklar. (<a href=\"https://www.golem.de/specials/bmds/\">Bundesministerium für Digitalisierung un</a>, <a href=\"https://www.golem.de/specials/supercomputer/\">Supercomputer</a>) <img src=\"https://cpx.golem.de/cpx.php?class=17&amp;aid=202282&amp;page=1&amp;ts=1763405342\" alt=\"\" width=\"1\" height=\"1\" />",
      "Language": "de",
      "Link": "https://www.golem.de/news/digitaler-souveraenitaetsgipfel-vorteile-fuer-eu-firmen-bei-it-ausschreibungen-geplant-2511-202282.html"
    },
    {
      "FeedId": "https://rss.golem.de/rss.php?feed=RSS2.0",
      "ItemId": "https://www.golem.de/2511/202281.html",
      "Title": "U.S. Office of Government Ethics: Trump kaufte persönlich Anteile an T-Mobile US und Intel",
      "PublishDate": "2025-11-17T18:57:01+01:00",
      "Summary": "US-Präsident Donald Trump investierte privat in Firmen, die von seiner Industriepolitik Vorteile haben. Darunter ist die Deutsche Telekom-Tochter T-Mobile US. (<a href=\"https://www.golem.de/specials/donaldtrump/\">Donald Trump</a>, <a href=\"https://www.golem.de/specials/intel/\">Intel</a>) <img src=\"https://cpx.golem.de/cpx.php?class=17&amp;aid=202281&amp;page=1&amp;ts=1763402221\" alt=\"\" width=\"1\" height=\"1\" />",
      "Content": "<img src=\"https://www.golem.de/2511/202281-545950-545948_rc.jpg\" width=\"416\" height=\"234\" vspace=\"3\" hspace=\"8\" align=\"left\">US-Präsident Donald Trump investierte privat in Firmen, die von seiner Industriepolitik Vorteile haben. Darunter ist die Deutsche Telekom-Tochter T-Mobile US. (<a href=\"https://www.golem.de/specials/donaldtrump/\">Donald Trump</a>, <a href=\"https://www.golem.de/specials/intel/\">Intel</a>) <img src=\"https://cpx.golem.de/cpx.php?class=17&amp;aid=202281&amp;page=1&amp;ts=1763402221\" alt=\"\" width=\"1\" height=\"1\" />",
      "Language": "de",
      "Link": "https://www.golem.de/news/u-s-office-of-government-ethics-trump-kaufte-persoenlich-anteile-an-t-mobile-us-und-intel-2511-202281.html"
    },
    {
      "FeedId": "https://rss.golem.de/rss.php?feed=RSS2.0",
      "ItemId": "https://www.golem.de/2511/202271.html",
      "Title": "Doctor Who: Starttermin für The War Between the Land and the Sea bekannt",
      "PublishDate": "2025-11-17T18:19:02+01:00",
      "Summary": "Der Starttermin für das Doctor-Who-Spin-off The War Between the Land and the Sea in Großbritannien steht fest. International erscheint die Miniserie erst 2026. (<a href=\"https://www.golem.de/specials/science-fiction/\">Science-Fiction</a>, <a href=\"https://www.golem.de/specials/disney/\">Disney</a>) <img src=\"https://cpx.golem.de/cpx.php?class=17&amp;aid=202271&amp;page=1&amp;ts=1763399942\" alt=\"\" width=\"1\" height=\"1\" />",
      "Content": "<img src=\"https://www.golem.de/2511/202271-545911-545909_rc.jpg\" width=\"416\" height=\"234\" vspace=\"3\" hspace=\"8\" align=\"left\">Der Starttermin für das Doctor-Who-Spin-off The War Between the Land and the Sea in Großbritannien steht fest. International erscheint die Miniserie erst 2026. (<a href=\"https://www.golem.de/specials/science-fiction/\">Science-Fiction</a>, <a href=\"https://www.golem.de/specials/disney/\">Disney</a>) <img src=\"https://cpx.golem.de/cpx.php?class=17&amp;aid=202271&amp;page=1&amp;ts=1763399942\" alt=\"\" width=\"1\" height=\"1\" />",
      "Language": "de",
      "Link": "https://www.golem.de/news/doctor-who-starttermin-fuer-the-war-between-the-land-and-the-sea-bekannt-2511-202271.html"
    },
    {
      "FeedId": "https://rss.golem.de/rss.php?feed=RSS2.0",
      "ItemId": "https://www.golem.de/2511/202280.html",
      "Title": "Anzeige: RGB-Gaming-Mausmatte von Razer zum neuen Bestpreis",
      "PublishDate": "2025-11-17T17:50:01+01:00",
      "Summary": "Derzeit gibt es bei Amazon eine RGB-Gaming-Mausmatte im Angebot. Erhältlich ist sie zum neuen Bestpreis. (<a href=\"https://www.golem.de/specials/razer/\">Razer</a>, <a href=\"https://www.golem.de/specials/amazon/\">Amazon</a>) <img src=\"https://cpx.golem.de/cpx.php?class=17&amp;aid=202280&amp;page=1&amp;ts=1763398201\" alt=\"\" width=\"1\" height=\"1\" />",
      "Content": "<img src=\"https://www.golem.de/2511/202280-545945-545943_rc.jpg\" width=\"416\" height=\"234\" vspace=\"3\" hspace=\"8\" align=\"left\">Derzeit gibt es bei Amazon eine RGB-Gaming-Mausmatte im Angebot. Erhältlich ist sie zum neuen Bestpreis. (<a href=\"https://www.golem.de/specials/razer/\">Razer</a>, <a href=\"https://www.golem.de/specials/amazon/\">Amazon</a>) <img src=\"https://cpx.golem.de/cpx.php?class=17&amp;aid=202280&amp;page=1&amp;ts=1763398201\" alt=\"\" width=\"1\" height=\"1\" />",
      "Language": "de",
      "Link": "https://www.golem.de/news/anzeige-rgb-gaming-mausmatte-von-razer-zum-neuen-bestpreis-2511-202280.html"
    },
    {
      "FeedId": "https://rss.golem.de/rss.php?feed=RSS2.0",
      "ItemId": "https://www.golem.de/2511/202277.html",
      "Title": "Anzeige: Kindle Paperwhite erstmals unter 140 Euro bei Amazon",
      "PublishDate": "2025-11-17T17:45:02+01:00",
      "Summary": "Der Kindle Paperwhite bietet ein schnelles 7-Zoll-Display, lange Akkulaufzeit, blendfreies Lesen und ist zum Amazon-Bestpreis verfügbar. (<a href=\"https://www.golem.de/specials/kindle-paperwhite/\">Kindle Paperwhite</a>, <a href=\"https://www.golem.de/specials/kindle/\">Kindle</a>) <img src=\"https://cpx.golem.de/cpx.php?class=17&amp;aid=202277&amp;page=1&amp;ts=1763397902\" alt=\"\" width=\"1\" height=\"1\" />",
      "Content": "<img src=\"https://www.golem.de/2511/202277-545930-545928_rc.jpg\" width=\"416\" height=\"234\" vspace=\"3\" hspace=\"8\" align=\"left\">Der Kindle Paperwhite bietet ein schnelles 7-Zoll-Display, lange Akkulaufzeit, blendfreies Lesen und ist zum Amazon-Bestpreis verfügbar. (<a href=\"https://www.golem.de/specials/kindle-paperwhite/\">Kindle Paperwhite</a>, <a href=\"https://www.golem.de/specials/kindle/\">Kindle</a>) <img src=\"https://cpx.golem.de/cpx.php?class=17&amp;aid=202277&amp;page=1&amp;ts=1763397902\" alt=\"\" width=\"1\" height=\"1\" />",
      "Language": "de",
      "Link": "https://www.golem.de/news/anzeige-kindle-paperwhite-erstmals-unter-140-euro-bei-amazon-2511-202277.html"
    },
    {
      "FeedId": "https://rss.golem.de/rss.php?feed=RSS2.0",
      "ItemId": "https://www.golem.de/2511/202279.html",
      "Title": "Windows 11: Epic-Games-CEO will Startmenü im Hochkantformat",
      "PublishDate": "2025-11-17T17:02:01+01:00",
      "Summary": "Auch Elon Musk steigt bei den Kritiken von Windows 11 ein. Vor allem der Microsoft-Accountzwang stört ihn. (<a href=\"https://www.golem.de/specials/windows-11/\">Windows 11</a>, <a href=\"https://www.golem.de/specials/microsoft/\">Microsoft</a>) <img src=\"https://cpx.golem.de/cpx.php?class=17&amp;aid=202279&amp;page=1&amp;ts=1763395321\" alt=\"\" width=\"1\" height=\"1\" />",
      "Content": "<img src=\"https://www.golem.de/2511/202279-545940-545938_rc.jpg\" width=\"416\" height=\"234\" vspace=\"3\" hspace=\"8\" align=\"left\">Auch Elon Musk steigt bei den Kritiken von Windows 11 ein. Vor allem der Microsoft-Accountzwang stört ihn. (<a href=\"https://www.golem.de/specials/windows-11/\">Windows 11</a>, <a href=\"https://www.golem.de/specials/microsoft/\">Microsoft</a>) <img src=\"https://cpx.golem.de/cpx.php?class=17&amp;aid=202279&amp;page=1&amp;ts=1763395321\" alt=\"\" width=\"1\" height=\"1\" />",
      "Language": "de",
      "Link": "https://www.golem.de/news/windows-11-epic-games-ceo-will-startmenue-im-hochkantformat-2511-202279.html"
    },
    {
      "FeedId": "https://rss.golem.de/rss.php?feed=RSS2.0",
      "ItemId": "https://www.golem.de/2511/202278.html",
      "Title": "Anzeige: Nothing Phone (3) günstig wie nie bei Amazon",
      "PublishDate": "2025-11-17T16:49:02+01:00",
      "Summary": "Das Nothing Phone (3) mit 12+256 GByte hat bei Amazon einen neuen Tiefstpreis erreicht. Weitere Nothing-Produkte sind ebenfalls günstiger. (<a href=\"https://www.golem.de/specials/smartphone/\">Smartphone</a>, <a href=\"https://www.golem.de/specials/amazon/\">Amazon</a>) <img src=\"https://cpx.golem.de/cpx.php?class=17&amp;aid=202278&amp;page=1&amp;ts=1763394542\" alt=\"\" width=\"1\" height=\"1\" />",
      "Content": "<img src=\"https://www.golem.de/2511/202278-545935-545933_rc.jpg\" width=\"416\" height=\"234\" vspace=\"3\" hspace=\"8\" align=\"left\">Das Nothing Phone (3) mit 12+256 GByte hat bei Amazon einen neuen Tiefstpreis erreicht. Weitere Nothing-Produkte sind ebenfalls günstiger. (<a href=\"https://www.golem.de/specials/smartphone/\">Smartphone</a>, <a href=\"https://www.golem.de/specials/amazon/\">Amazon</a>) <img src=\"https://cpx.golem.de/cpx.php?class=17&amp;aid=202278&amp;page=1&amp;ts=1763394542\" alt=\"\" width=\"1\" height=\"1\" />",
      "Language": "de",
      "Link": "https://www.golem.de/news/anzeige-nothing-phone-3-guenstig-wie-nie-bei-amazon-2511-202278.html"
    },
    {
      "FeedId": "https://rss.golem.de/rss.php?feed=RSS2.0",
      "ItemId": "https://www.golem.de/2511/202267.html",
      "Title": "Golem Karrierewelt: Kostenloses Live-Webinar: KI-Agents in Sharepoint nutzen",
      "PublishDate": "2025-11-17T16:41:01+01:00",
      "Summary": "Wie verändern KI-gestützte Agents den Arbeitsalltag in Microsoft 365? Die Workplace- und Teams-Expertin Anja Schröder berichtet im Podcast. (<a href=\"https://www.golem.de/specials/office-365/\">Microsoft 365</a>, <a href=\"https://www.golem.de/specials/betriebssystem/\">Betriebssysteme</a>) <img src=\"https://cpx.golem.de/cpx.php?class=17&amp;aid=202267&amp;page=1&amp;ts=1763394061\" alt=\"\" width=\"1\" height=\"1\" />",
      "Content": "<img src=\"https://www.golem.de/2511/202267-545880-545878_rc.jpg\" width=\"416\" height=\"234\" vspace=\"3\" hspace=\"8\" align=\"left\">Wie verändern KI-gestützte Agents den Arbeitsalltag in Microsoft 365? Die Workplace- und Teams-Expertin Anja Schröder berichtet im Podcast. (<a href=\"https://www.golem.de/specials/office-365/\">Microsoft 365</a>, <a href=\"https://www.golem.de/specials/betriebssystem/\">Betriebssysteme</a>) <img src=\"https://cpx.golem.de/cpx.php?class=17&amp;aid=202267&amp;page=1&amp;ts=1763394061\" alt=\"\" width=\"1\" height=\"1\" />",
      "Language": "de",
      "Link": "https://www.golem.de/news/golem-karrierewelt-kostenloses-live-webinar-ki-agents-in-sharepoint-nutzen-2511-202267.html"
    },
    {
      "FeedId": "https://rss.golem.de/rss.php?feed=RSS2.0",
      "ItemId": "https://www.golem.de/2511/202276.html",
      "Title": "Nach Supportende: Google bekommt weiterhin Daten von Nest-Thermostaten",
      "PublishDate": "2025-11-17T15:55:02+01:00",
      "Summary": "Google hat den Support älterer Nest-Thermostate eingestellt. Die Geräte liefern aber offenbar weiterhin Daten an den Hersteller. (<a href=\"https://www.golem.de/specials/nest-labs/\">Nest</a>, <a href=\"https://www.golem.de/specials/google/\">Google</a>) <img src=\"https://cpx.golem.de/cpx.php?class=17&amp;aid=202276&amp;page=1&amp;ts=1763391302\" alt=\"\" width=\"1\" height=\"1\" />",
      "Content": "<img src=\"https://www.golem.de/2511/202276-545926-545924_rc.jpg\" width=\"416\" height=\"234\" vspace=\"3\" hspace=\"8\" align=\"left\">Google hat den Support älterer Nest-Thermostate eingestellt. Die Geräte liefern aber offenbar weiterhin Daten an den Hersteller. (<a href=\"https://www.golem.de/specials/nest-labs/\">Nest</a>, <a href=\"https://www.golem.de/specials/google/\">Google</a>) <img src=\"https://cpx.golem.de/cpx.php?class=17&amp;aid=202276&amp;page=1&amp;ts=1763391302\" alt=\"\" width=\"1\" height=\"1\" />",
      "Language": "de",
      "Link": "https://www.golem.de/news/nach-supportende-google-bekommt-weiterhin-daten-von-nest-thermostaten-2511-202276.html"
    },
    {
      "FeedId": "https://rss.golem.de/rss.php?feed=RSS2.0",
      "ItemId": "https://www.golem.de/2511/202275.html",
      "Title": "Anzeige: Früher Black Friday - Ladegerät mit 65 W für nur 20,99 Euro",
      "PublishDate": "2025-11-17T15:45:02+01:00",
      "Summary": "Ein Ladegerät von Ugreen mit 65 W, drei Ports und GaN-Technologie gibt es bei Amazon im frühen Black Friday Angebot zum Aktionspreis. (<a href=\"https://www.golem.de/specials/technik-und-hardware/\">Technik/Hardware</a>, <a href=\"https://www.golem.de/specials/black-friday/\">Black Friday</a>) <img src=\"https://cpx.golem.de/cpx.php?class=17&amp;aid=202275&amp;page=1&amp;ts=1763390702\" alt=\"\" width=\"1\" height=\"1\" />",
      "Content": "<img src=\"https://www.golem.de/2511/202275-545895-545893_rc.jpg\" width=\"416\" height=\"234\" vspace=\"3\" hspace=\"8\" align=\"left\">Ein Ladegerät von Ugreen mit 65 W, drei Ports und GaN-Technologie gibt es bei Amazon im frühen Black Friday Angebot zum Aktionspreis. (<a href=\"https://www.golem.de/specials/technik-und-hardware/\">Technik/Hardware</a>, <a href=\"https://www.golem.de/specials/black-friday/\">Black Friday</a>) <img src=\"https://cpx.golem.de/cpx.php?class=17&amp;aid=202275&amp;page=1&amp;ts=1763390702\" alt=\"\" width=\"1\" height=\"1\" />",
      "Language": "de",
      "Link": "https://www.golem.de/news/anzeige-frueher-black-friday-ladegeraet-mit-65-w-fuer-nur-20-99-euro-2511-202275.html"
    },
    {
      "FeedId": "https://rss.golem.de/rss.php?feed=RSS2.0",
      "ItemId": "https://www.golem.de/2511/202274.html",
      "Title": "Anzeige: Black Weeks bei NBB - Macbook Air M4 schon ab 829 Euro",
      "PublishDate": "2025-11-17T15:25:02+01:00",
      "Summary": "Bei notebooksbilliger.de laufen aktuell die Black Weeks. Hier bietet der Händler Rabatt von bis zu 70 Prozent an. Es winken zudem Bestpreise. (<a href=\"https://www.golem.de/specials/macbook-air/\">Macbook Air</a>, <a href=\"https://www.golem.de/specials/apple/\">Apple</a>) <img src=\"https://cpx.golem.de/cpx.php?class=17&amp;aid=202274&amp;page=1&amp;ts=1763389502\" alt=\"\" width=\"1\" height=\"1\" />",
      "Content": "<img src=\"https://www.golem.de/2511/202274-545921-545919_rc.jpg\" width=\"416\" height=\"234\" vspace=\"3\" hspace=\"8\" align=\"left\">Bei notebooksbilliger.de laufen aktuell die Black Weeks. Hier bietet der Händler Rabatt von bis zu 70 Prozent an. Es winken zudem Bestpreise. (<a href=\"https://www.golem.de/specials/macbook-air/\">Macbook Air</a>, <a href=\"https://www.golem.de/specials/apple/\">Apple</a>) <img src=\"https://cpx.golem.de/cpx.php?class=17&amp;aid=202274&amp;page=1&amp;ts=1763389502\" alt=\"\" width=\"1\" height=\"1\" />",
      "Language": "de",
      "Link": "https://www.golem.de/news/anzeige-black-weeks-bei-nbb-macbook-air-m4-schon-ab-829-euro-2511-202274.html"
    },
    {
      "FeedId": "https://rss.golem.de/rss.php?feed=RSS2.0",
      "ItemId": "https://www.golem.de/2511/202272.html",
      "Title": "Rechenzentrum: Schwarz Digits investiert 11 Milliarden Euro in Lübbenau",
      "PublishDate": "2025-11-17T15:10:02+01:00",
      "Summary": "Die Schwarz Gruppe dürfte im Spreewald das teuerste Rechenzentrum Deutschlands bauen. Eine Anschlussleistung von zunächst rund 200 Megawatt ist geplant. (<a href=\"https://www.golem.de/specials/server/\">Server</a>, <a href=\"https://www.golem.de/specials/wirtschaft/\">Wirtschaft</a>) <img src=\"https://cpx.golem.de/cpx.php?class=17&amp;aid=202272&amp;page=1&amp;ts=1763388602\" alt=\"\" width=\"1\" height=\"1\" />",
      "Content": "<img src=\"https://www.golem.de/2511/202272-545916-545914_rc.jpg\" width=\"416\" height=\"234\" vspace=\"3\" hspace=\"8\" align=\"left\">Die Schwarz Gruppe dürfte im Spreewald das teuerste Rechenzentrum Deutschlands bauen. Eine Anschlussleistung von zunächst rund 200 Megawatt ist geplant. (<a href=\"https://www.golem.de/specials/server/\">Server</a>, <a href=\"https://www.golem.de/specials/wirtschaft/\">Wirtschaft</a>) <img src=\"https://cpx.golem.de/cpx.php?class=17&amp;aid=202272&amp;page=1&amp;ts=1763388602\" alt=\"\" width=\"1\" height=\"1\" />",
      "Language": "de",
      "Link": "https://www.golem.de/news/rechenzentrum-schwarz-digits-investiert-11-milliarden-euro-in-luebbenau-2511-202272.html"
    },
    {
      "FeedId": "https://rss.golem.de/rss.php?feed=RSS2.0",
      "ItemId": "https://www.golem.de/2511/202268.html",
      "Title": "Science-Fiction: Vince Gilligan spricht über frühere Titelidee für Pluribus",
      "PublishDate": "2025-11-17T15:02:06+01:00",
      "Summary": "Pluribus-Schöpfer Vince Gilligan musste aus 100 Titelideen auswählen und nennt im Podcast eine besonders missglückte. (<a href=\"https://www.golem.de/specials/science-fiction/\">Science-Fiction</a>, <a href=\"https://www.golem.de/specials/apple-tv-plus/\">Apple TV+</a>) <img src=\"https://cpx.golem.de/cpx.php?class=17&amp;aid=202268&amp;page=1&amp;ts=1763388126\" alt=\"\" width=\"1\" height=\"1\" />",
      "Content": "<img src=\"https://www.golem.de/2511/202268-545886-545884_rc.jpg\" width=\"416\" height=\"234\" vspace=\"3\" hspace=\"8\" align=\"left\">Pluribus-Schöpfer Vince Gilligan musste aus 100 Titelideen auswählen und nennt im Podcast eine besonders missglückte. (<a href=\"https://www.golem.de/specials/science-fiction/\">Science-Fiction</a>, <a href=\"https://www.golem.de/specials/apple-tv-plus/\">Apple TV+</a>) <img src=\"https://cpx.golem.de/cpx.php?class=17&amp;aid=202268&amp;page=1&amp;ts=1763388126\" alt=\"\" width=\"1\" height=\"1\" />",
      "Language": "de",
      "Link": "https://www.golem.de/news/science-fiction-vince-gilligan-spricht-ueber-fruehere-titelidee-fuer-pluribus-2511-202268.html"
    },
    {
      "FeedId": "https://rss.golem.de/rss.php?feed=RSS2.0",
      "ItemId": "https://www.golem.de/2511/202270.html",
      "Title": "Prepaid: Ja Mobil und Penny Mobil bieten mehr Datenvolumen",
      "PublishDate": "2025-11-17T15:00:02+01:00",
      "Summary": "Die Discounter im Telekom-Netz haben ihre Smartphone-Tarife bei gleichbleibender Grundgebühr aufgewertet. Kunden erhalten jetzt bis zu 100 GByte. (<a href=\"https://www.golem.de/specials/telekom/\">Telekom</a>, <a href=\"https://www.golem.de/specials/mobilfunk/\">Mobilfunk</a>) <img src=\"https://cpx.golem.de/cpx.php?class=17&amp;aid=202270&amp;page=1&amp;ts=1763388002\" alt=\"\" width=\"1\" height=\"1\" />",
      "Content": "<img src=\"https://www.golem.de/2511/202270-545905-545903_rc.jpg\" width=\"416\" height=\"234\" vspace=\"3\" hspace=\"8\" align=\"left\">Die Discounter im Telekom-Netz haben ihre Smartphone-Tarife bei gleichbleibender Grundgebühr aufgewertet. Kunden erhalten jetzt bis zu 100 GByte. (<a href=\"https://www.golem.de/specials/telekom/\">Telekom</a>, <a href=\"https://www.golem.de/specials/mobilfunk/\">Mobilfunk</a>) <img src=\"https://cpx.golem.de/cpx.php?class=17&amp;aid=202270&amp;page=1&amp;ts=1763388002\" alt=\"\" width=\"1\" height=\"1\" />",
      "Language": "de",
      "Link": "https://www.golem.de/news/prepaid-ja-mobil-und-penny-mobil-bieten-mehr-datenvolumen-2511-202270.html"
    },
    {
      "FeedId": "https://rss.golem.de/rss.php?feed=RSS2.0",
      "ItemId": "https://www.golem.de/2511/202257.html",
      "Title": "Tiangong & Shenzhou-20: Chinas Astronauten nach Weltraumvorfall wieder auf der Erde",
      "PublishDate": "2025-11-17T14:45:02+01:00",
      "Summary": "Die Taikonauten der Shenzou-20-Mission sind nach einem Raumkapsel-Defekt zurück - bei guter Gesundheit und mit zwei Rekorden im Gepäck. (<a href=\"https://www.golem.de/specials/weltraumschrott/\">Weltraumschrott</a>, <a href=\"https://www.golem.de/specials/raumfahrt/\">Raumfahrt</a>) <img src=\"https://cpx.golem.de/cpx.php?class=17&amp;aid=202257&amp;page=1&amp;ts=1763387102\" alt=\"\" width=\"1\" height=\"1\" />",
      "Content": "<img src=\"https://www.golem.de/2511/202257-545842-545840_rc.jpg\" width=\"416\" height=\"234\" vspace=\"3\" hspace=\"8\" align=\"left\">Die Taikonauten der Shenzou-20-Mission sind nach einem Raumkapsel-Defekt zurück - bei guter Gesundheit und mit zwei Rekorden im Gepäck. (<a href=\"https://www.golem.de/specials/weltraumschrott/\">Weltraumschrott</a>, <a href=\"https://www.golem.de/specials/raumfahrt/\">Raumfahrt</a>) <img src=\"https://cpx.golem.de/cpx.php?class=17&amp;aid=202257&amp;page=1&amp;ts=1763387102\" alt=\"\" width=\"1\" height=\"1\" />",
      "Language": "de",
      "Link": "https://www.golem.de/news/tiangong-shenzhou-20-chinas-astronauten-nach-weltraumvorfall-wieder-auf-der-erde-2511-202257.html"
    },
    {
      "FeedId": "https://rss.golem.de/rss.php?feed=RSS2.0",
      "ItemId": "https://www.golem.de/2511/202262.html",
      "Title": "Retro-Gaming: Neues Linux-Projekt für alte Direct3D-Spiele",
      "PublishDate": "2025-11-17T14:30:01+01:00",
      "Summary": "Der Autor des Projekts D7vk möchte eine bessere Interoperabilität für Spiele mit Direct3D 7 unter Linux erreichen. (<a href=\"https://www.golem.de/specials/open-source/\">Open Source</a>, <a href=\"https://www.golem.de/specials/linux/\">Linux</a>) <img src=\"https://cpx.golem.de/cpx.php?class=17&amp;aid=202262&amp;page=1&amp;ts=1763386201\" alt=\"\" width=\"1\" height=\"1\" />",
      "Content": "<img src=\"https://www.golem.de/2511/202262-545891-545889_rc.jpg\" width=\"416\" height=\"234\" vspace=\"3\" hspace=\"8\" align=\"left\">Der Autor des Projekts D7vk möchte eine bessere Interoperabilität für Spiele mit Direct3D 7 unter Linux erreichen. (<a href=\"https://www.golem.de/specials/open-source/\">Open Source</a>, <a href=\"https://www.golem.de/specials/linux/\">Linux</a>) <img src=\"https://cpx.golem.de/cpx.php?class=17&amp;aid=202262&amp;page=1&amp;ts=1763386201\" alt=\"\" width=\"1\" height=\"1\" />",
      "Language": "de",
      "Link": "https://www.golem.de/news/retro-gaming-neues-linux-projekt-fuer-alte-direct3d-spiele-2511-202262.html"
    },
    {
      "FeedId": "https://rss.golem.de/rss.php?feed=RSS2.0",
      "ItemId": "https://www.golem.de/2511/202269.html",
      "Title": "Beteiligung: Nvidia will mit Nokia US-Führung bei 6G durchsetzen",
      "PublishDate": "2025-11-17T14:17:01+01:00",
      "Summary": "Bei der Beteiligung von Nvidia an Nokia geht es um mehr als bisher gedacht. Nvidia-Chef Huang will in alle Nokia-Basisstationen. (<a href=\"https://www.golem.de/specials/nokia/\">Nokia</a>, <a href=\"https://www.golem.de/specials/nvidia/\">Nvidia</a>) <img src=\"https://cpx.golem.de/cpx.php?class=17&amp;aid=202269&amp;page=1&amp;ts=1763385421\" alt=\"\" width=\"1\" height=\"1\" />",
      "Content": "<img src=\"https://www.golem.de/2511/202269-545900-545898_rc.jpg\" width=\"416\" height=\"234\" vspace=\"3\" hspace=\"8\" align=\"left\">Bei der Beteiligung von Nvidia an Nokia geht es um mehr als bisher gedacht. Nvidia-Chef Huang will in alle Nokia-Basisstationen. (<a href=\"https://www.golem.de/specials/nokia/\">Nokia</a>, <a href=\"https://www.golem.de/specials/nvidia/\">Nvidia</a>) <img src=\"https://cpx.golem.de/cpx.php?class=17&amp;aid=202269&amp;page=1&amp;ts=1763385421\" alt=\"\" width=\"1\" height=\"1\" />",
      "Language": "de",
      "Link": "https://www.golem.de/news/beteiligung-nvidia-will-mit-nokia-us-fuehrung-bei-6g-durchsetzen-2511-202269.html"
    },
    {
      "FeedId": "https://rss.golem.de/rss.php?feed=RSS2.0",
      "ItemId": "https://www.golem.de/2511/202259.html",
      "Title": "Call-of-Duty-Kampagne im Test: Viel schlechter geht Koop-Kampagne kaum",
      "PublishDate": "2025-11-17T14:00:02+01:00",
      "Summary": "Mit Black Ops 7 wagt Call of Duty eine reine Koop-Kampagne. Designentscheidungen und Drogen führen aber zu Frust. Ein Test von Peter Steinlechner (<a href=\"https://www.golem.de/specials/call-of-duty/\">Call of Duty</a>, <a href=\"https://www.golem.de/specials/spieletest/\">Spieletest</a>) <img src=\"https://cpx.golem.de/cpx.php?class=17&amp;aid=202259&amp;page=1&amp;ts=1763384402\" alt=\"\" width=\"1\" height=\"1\" />",
      "Content": "<img src=\"https://www.golem.de/2511/202259-545862-545860_rc.jpg\" width=\"416\" height=\"234\" vspace=\"3\" hspace=\"8\" align=\"left\">Mit Black Ops 7 wagt Call of Duty eine reine Koop-Kampagne. Designentscheidungen und Drogen führen aber zu Frust. Ein Test von Peter Steinlechner (<a href=\"https://www.golem.de/specials/call-of-duty/\">Call of Duty</a>, <a href=\"https://www.golem.de/specials/spieletest/\">Spieletest</a>) <img src=\"https://cpx.golem.de/cpx.php?class=17&amp;aid=202259&amp;page=1&amp;ts=1763384402\" alt=\"\" width=\"1\" height=\"1\" />",
      "Language": "de",
      "Link": "https://www.golem.de/news/call-of-duty-kampagne-im-test-viel-schlechter-geht-koop-kampagne-kaum-2511-202259.html"
    },
    {
      "FeedId": "https://rss.golem.de/rss.php?feed=RSS2.0",
      "ItemId": "https://www.golem.de/2511/202264.html",
      "Title": "Verbraucherschützer: Mehr Schutz vor Vertragsabschluss am Telefon gefordert",
      "PublishDate": "2025-11-17T13:45:02+01:00",
      "Summary": "Am häufigsten erhalten Verbraucherzentralen Beschwerden zu ungewollt geschlossenen Verträgen am Telefon. Das soll die Regierung beenden. (<a href=\"https://www.golem.de/specials/vzbv/\">VZBV</a>, <a href=\"https://www.golem.de/specials/verbraucherschutz/\">Verbraucherschutz</a>) <img src=\"https://cpx.golem.de/cpx.php?class=17&amp;aid=202264&amp;page=1&amp;ts=1763383502\" alt=\"\" width=\"1\" height=\"1\" />",
      "Content": "<img src=\"https://www.golem.de/2511/202264-545871-545869_rc.jpg\" width=\"416\" height=\"234\" vspace=\"3\" hspace=\"8\" align=\"left\">Am häufigsten erhalten Verbraucherzentralen Beschwerden zu ungewollt geschlossenen Verträgen am Telefon. Das soll die Regierung beenden. (<a href=\"https://www.golem.de/specials/vzbv/\">VZBV</a>, <a href=\"https://www.golem.de/specials/verbraucherschutz/\">Verbraucherschutz</a>) <img src=\"https://cpx.golem.de/cpx.php?class=17&amp;aid=202264&amp;page=1&amp;ts=1763383502\" alt=\"\" width=\"1\" height=\"1\" />",
      "Language": "de",
      "Link": "https://www.golem.de/news/verbraucherschuetzer-mehr-schutz-vor-vertragsabschluss-am-telefon-gefordert-2511-202264.html"
    },
    {
      "FeedId": "https://rss.golem.de/rss.php?feed=RSS2.0",
      "ItemId": "https://www.golem.de/2511/202265.html",
      "Title": "Anzeige: Bose Smart Ultra Soundbar mit 40 Prozent Rabatt bei Amazon",
      "PublishDate": "2025-11-17T13:36:02+01:00",
      "Summary": "Die Bose Soundbar mit Dolby Atmos, Sprachsteuerung und Bluetooth ist jetzt mit starkem Rabatt bei Amazon zu haben. (<a href=\"https://www.golem.de/specials/heimkino/\">Heimkino</a>, <a href=\"https://www.golem.de/specials/soundbar/\">Soundbar</a>) <img src=\"https://cpx.golem.de/cpx.php?class=17&amp;aid=202265&amp;page=1&amp;ts=1763382962\" alt=\"\" width=\"1\" height=\"1\" />",
      "Content": "<img src=\"https://www.golem.de/2511/202265-545875-545873_rc.jpg\" width=\"416\" height=\"234\" vspace=\"3\" hspace=\"8\" align=\"left\">Die Bose Soundbar mit Dolby Atmos, Sprachsteuerung und Bluetooth ist jetzt mit starkem Rabatt bei Amazon zu haben. (<a href=\"https://www.golem.de/specials/heimkino/\">Heimkino</a>, <a href=\"https://www.golem.de/specials/soundbar/\">Soundbar</a>) <img src=\"https://cpx.golem.de/cpx.php?class=17&amp;aid=202265&amp;page=1&amp;ts=1763382962\" alt=\"\" width=\"1\" height=\"1\" />",
      "Language": "de",
      "Link": "https://www.golem.de/news/anzeige-bose-smart-ultra-soundbar-mit-40-prozent-rabatt-bei-amazon-2511-202265.html"
    },
    {
      "FeedId": "https://rss.golem.de/rss.php?feed=RSS2.0",
      "ItemId": "https://www.golem.de/2511/202250.html",
      "Title": "(g+) Don't Repeat Yourself auf dem Prüfstand: Das gefährlichste Architekturpattern und du!",
      "PublishDate": "2025-11-17T13:30:02+01:00",
      "Summary": "Design- und Architekturpattern haben sich seit der berühmten Gang of Four stark verändert. Warum DRY heute nicht mehr das Maß aller Dinge sein darf. Ein IMHO von Rene Koch (<a href=\"https://www.golem.de/specials/softwareentwicklung/\">Softwareentwicklung</a>, <a href=\"https://www.golem.de/specials/server/\">Server</a>) <img src=\"https://cpx.golem.de/cpx.php?class=17&amp;aid=202250&amp;page=1&amp;ts=1763382602\" alt=\"\" width=\"1\" height=\"1\" />",
      "Content": "<img src=\"https://www.golem.de/2511/202250-545806-545804_rc.jpg\" width=\"416\" height=\"234\" vspace=\"3\" hspace=\"8\" align=\"left\">Design- und Architekturpattern haben sich seit der berühmten Gang of Four stark verändert. Warum DRY heute nicht mehr das Maß aller Dinge sein darf. Ein IMHO von Rene Koch (<a href=\"https://www.golem.de/specials/softwareentwicklung/\">Softwareentwicklung</a>, <a href=\"https://www.golem.de/specials/server/\">Server</a>) <img src=\"https://cpx.golem.de/cpx.php?class=17&amp;aid=202250&amp;page=1&amp;ts=1763382602\" alt=\"\" width=\"1\" height=\"1\" />",
      "Language": "de",
      "Link": "https://www.golem.de/news/don-t-repeat-yourself-auf-dem-pruefstand-das-gefaehrlichste-architekturpattern-und-du-2511-202250.html"
    },
    {
      "FeedId": "https://rss.golem.de/rss.php?feed=RSS2.0",
      "ItemId": "https://www.golem.de/2511/202263.html",
      "Title": "Destroyinator: Rackserver kann Daten von 16 SSDs gleichzeitig löschen",
      "PublishDate": "2025-11-17T13:15:01+01:00",
      "Summary": "Die neue Version des 45Drives Destroyinator ist nicht nur mit M.2-SSDs kompatibel. Er kann Daten auch mit 64 GByte pro Sekunde löschen. (<a href=\"https://www.golem.de/specials/pc-komponenten/\">PC-Komponenten</a>, <a href=\"https://www.golem.de/specials/computer/\">Computer</a>) <img src=\"https://cpx.golem.de/cpx.php?class=17&amp;aid=202263&amp;page=1&amp;ts=1763381701\" alt=\"\" width=\"1\" height=\"1\" />",
      "Content": "<img src=\"https://www.golem.de/2511/202263-545866-545864_rc.jpg\" width=\"416\" height=\"234\" vspace=\"3\" hspace=\"8\" align=\"left\">Die neue Version des 45Drives Destroyinator ist nicht nur mit M.2-SSDs kompatibel. Er kann Daten auch mit 64 GByte pro Sekunde löschen. (<a href=\"https://www.golem.de/specials/pc-komponenten/\">PC-Komponenten</a>, <a href=\"https://www.golem.de/specials/computer/\">Computer</a>) <img src=\"https://cpx.golem.de/cpx.php?class=17&amp;aid=202263&amp;page=1&amp;ts=1763381701\" alt=\"\" width=\"1\" height=\"1\" />",
      "Language": "de",
      "Link": "https://www.golem.de/news/destroyinator-rackserver-kann-daten-von-16-ssds-gleichzeitig-loeschen-2511-202263.html"
    },
    {
      "FeedId": "https://rss.golem.de/rss.php?feed=RSS2.0",
      "ItemId": "https://www.golem.de/2511/202256.html",
      "Title": "Jaguar Land Rover: Cyberattacke verursacht direkte Kosten von 222 Mio. Euro",
      "PublishDate": "2025-11-17T12:15:02+01:00",
      "Summary": "Jaguar Land Rover musste die Produktion nach einem Cyberangriff für über einen Monat einstellen - mit Auswirkungen auf den Gewinn. (<a href=\"https://www.golem.de/specials/jaguar-land-rover/\">Jaguar Land Rover</a>, <a href=\"https://www.golem.de/specials/cyberwar/\">Cyberwar</a>) <img src=\"https://cpx.golem.de/cpx.php?class=17&amp;aid=202256&amp;page=1&amp;ts=1763378102\" alt=\"\" width=\"1\" height=\"1\" />",
      "Content": "<img src=\"https://www.golem.de/2511/202256-545834-545832_rc.jpg\" width=\"416\" height=\"234\" vspace=\"3\" hspace=\"8\" align=\"left\">Jaguar Land Rover musste die Produktion nach einem Cyberangriff für über einen Monat einstellen - mit Auswirkungen auf den Gewinn. (<a href=\"https://www.golem.de/specials/jaguar-land-rover/\">Jaguar Land Rover</a>, <a href=\"https://www.golem.de/specials/cyberwar/\">Cyberwar</a>) <img src=\"https://cpx.golem.de/cpx.php?class=17&amp;aid=202256&amp;page=1&amp;ts=1763378102\" alt=\"\" width=\"1\" height=\"1\" />",
      "Language": "de",
      "Link": "https://www.golem.de/news/jaguar-land-rover-cyberattacke-verursacht-direkte-kosten-von-222-mio-euro-2511-202256.html"
    },
    {
      "FeedId": "https://rss.golem.de/rss.php?feed=RSS2.0",
      "ItemId": "https://www.golem.de/2511/202206.html",
      "Title": "Mazda 6e im Praxistest: Wie viel darf ein Auto für 46.900 Euro können?",
      "PublishDate": "2025-11-17T12:00:02+01:00",
      "Summary": "Der Mazda 6e sieht innen und außen gut aus, kommt mit allerlei technischen Extras und kostet unter 47.000 Euro. Gibt es auch Nachteile? Ein Test von Tobias Költzsch (<a href=\"https://www.golem.de/specials/mazda/\">Mazda</a>, <a href=\"https://www.golem.de/specials/elektroauto/\">Elektroauto</a>) <img src=\"https://cpx.golem.de/cpx.php?class=17&amp;aid=202206&amp;page=1&amp;ts=1763377202\" alt=\"\" width=\"1\" height=\"1\" />",
      "Content": "<img src=\"https://www.golem.de/2511/202206-545786-545784_rc.jpg\" width=\"416\" height=\"234\" vspace=\"3\" hspace=\"8\" align=\"left\">Der Mazda 6e sieht innen und außen gut aus, kommt mit allerlei technischen Extras und kostet unter 47.000 Euro. Gibt es auch Nachteile? Ein Test von Tobias Költzsch (<a href=\"https://www.golem.de/specials/mazda/\">Mazda</a>, <a href=\"https://www.golem.de/specials/elektroauto/\">Elektroauto</a>) <img src=\"https://cpx.golem.de/cpx.php?class=17&amp;aid=202206&amp;page=1&amp;ts=1763377202\" alt=\"\" width=\"1\" height=\"1\" />",
      "Language": "de",
      "Link": "https://www.golem.de/news/mazda-6e-im-praxistest-wie-viel-darf-ein-auto-fuer-46-900-euro-koennen-2511-202206.html"
    },
    {
      "FeedId": "https://rss.golem.de/rss.php?feed=RSS2.0",
      "ItemId": "https://www.golem.de/2511/202255.html",
      "Title": "Anzeige: Samsung Galaxy Buds 3 Pro vorm Black Friday günstig wie nie",
      "PublishDate": "2025-11-17T11:49:04+01:00",
      "Summary": "Die Samsung Galaxy Buds 3 Pro mit adaptivem ANC, Galaxy AI und Hi-Fi-Sound sind bei Amazon schon vor dem Black Friday stark reduziert. (<a href=\"https://www.golem.de/specials/kopfhoerer/\">Kopfhörer</a>, <a href=\"https://www.golem.de/specials/audio-video/\">Audio/Video</a>) <img src=\"https://cpx.golem.de/cpx.php?class=17&amp;aid=202255&amp;page=1&amp;ts=1763376544\" alt=\"\" width=\"1\" height=\"1\" />",
      "Content": "<img src=\"https://www.golem.de/2511/202255-545824-545822_rc.jpg\" width=\"416\" height=\"234\" vspace=\"3\" hspace=\"8\" align=\"left\">Die Samsung Galaxy Buds 3 Pro mit adaptivem ANC, Galaxy AI und Hi-Fi-Sound sind bei Amazon schon vor dem Black Friday stark reduziert. (<a href=\"https://www.golem.de/specials/kopfhoerer/\">Kopfhörer</a>, <a href=\"https://www.golem.de/specials/audio-video/\">Audio/Video</a>) <img src=\"https://cpx.golem.de/cpx.php?class=17&amp;aid=202255&amp;page=1&amp;ts=1763376544\" alt=\"\" width=\"1\" height=\"1\" />",
      "Language": "de",
      "Link": "https://www.golem.de/news/anzeige-samsung-galaxy-buds-3-pro-vorm-black-friday-guenstig-wie-nie-2511-202255.html"
    },
    {
      "FeedId": "https://rss.golem.de/rss.php?feed=RSS2.0",
      "ItemId": "https://www.golem.de/2511/202254.html",
      "Title": "Messenger: Telegram stellt neuen Blockade-Rekord auf",
      "PublishDate": "2025-11-17T11:43:02+01:00",
      "Summary": "Telegram hat an nur einem einzigen Tag mehr als eine halbe Million Gruppen und Kanäle gesperrt. Auch langfristig zeigt der Trend nach oben. (<a href=\"https://www.golem.de/specials/telegram/\">Telegram</a>, <a href=\"https://www.golem.de/specials/instantmessenger/\">Instant Messenger</a>) <img src=\"https://cpx.golem.de/cpx.php?class=17&amp;aid=202254&amp;page=1&amp;ts=1763376182\" alt=\"\" width=\"1\" height=\"1\" />",
      "Content": "<img src=\"https://www.golem.de/2511/202254-545829-545827_rc.jpg\" width=\"416\" height=\"234\" vspace=\"3\" hspace=\"8\" align=\"left\">Telegram hat an nur einem einzigen Tag mehr als eine halbe Million Gruppen und Kanäle gesperrt. Auch langfristig zeigt der Trend nach oben. (<a href=\"https://www.golem.de/specials/telegram/\">Telegram</a>, <a href=\"https://www.golem.de/specials/instantmessenger/\">Instant Messenger</a>) <img src=\"https://cpx.golem.de/cpx.php?class=17&amp;aid=202254&amp;page=1&amp;ts=1763376182\" alt=\"\" width=\"1\" height=\"1\" />",
      "Language": "de",
      "Link": "https://www.golem.de/news/gruppen-und-kanaele-telegram-stellt-neuen-blockade-rekord-auf-2511-202254.html"
    },
    {
      "FeedId": "https://rss.golem.de/rss.php?feed=RSS2.0",
      "ItemId": "https://www.golem.de/2511/202251.html",
      "Title": "Anzeige: TCL Mini-LED-TV im frühen Black-Friday-Deal unter 660 Euro",
      "PublishDate": "2025-11-17T11:31:01+01:00",
      "Summary": "Der TCLs 65-Zoll-Mini-LED ist jetzt schon zum frühen Black-Friday-Bestpreis erhältlich. Er bietet 4K, 144 Hz und Dolby Vision. (<a href=\"https://www.golem.de/specials/oled/\">OLED</a>, <a href=\"https://www.golem.de/specials/led-lampe/\">LED</a>) <img src=\"https://cpx.golem.de/cpx.php?class=17&amp;aid=202251&amp;page=1&amp;ts=1763375461\" alt=\"\" width=\"1\" height=\"1\" />",
      "Content": "<img src=\"https://www.golem.de/2511/202251-545810-545808_rc.jpg\" width=\"416\" height=\"234\" vspace=\"3\" hspace=\"8\" align=\"left\">Der TCLs 65-Zoll-Mini-LED ist jetzt schon zum frühen Black-Friday-Bestpreis erhältlich. Er bietet 4K, 144 Hz und Dolby Vision. (<a href=\"https://www.golem.de/specials/oled/\">OLED</a>, <a href=\"https://www.golem.de/specials/led-lampe/\">LED</a>) <img src=\"https://cpx.golem.de/cpx.php?class=17&amp;aid=202251&amp;page=1&amp;ts=1763375461\" alt=\"\" width=\"1\" height=\"1\" />",
      "Language": "de",
      "Link": "https://www.golem.de/news/anzeige-tcl-mini-led-tv-im-fruehen-black-friday-deal-unter-660-euro-2511-202251.html"
    },
    {
      "FeedId": "https://rss.golem.de/rss.php?feed=RSS2.0",
      "ItemId": "https://www.golem.de/2511/202253.html",
      "Title": "Profit mit KI: So viel verdient Microsoft an OpenAI",
      "PublishDate": "2025-11-17T11:27:02+01:00",
      "Summary": "Neben der bekannten Umsatzbeteiligung in Höhe von 20 Prozent nennen interne Microsoft-Dokumente konkrete Zahlen für die Jahre 2024 und 2025. (<a href=\"https://www.golem.de/specials/openai/\">OpenAI</a>, <a href=\"https://www.golem.de/specials/ki/\">KI</a>) <img src=\"https://cpx.golem.de/cpx.php?class=17&amp;aid=202253&amp;page=1&amp;ts=1763375222\" alt=\"\" width=\"1\" height=\"1\" />",
      "Content": "<img src=\"https://www.golem.de/2511/202253-545820-545818_rc.jpg\" width=\"416\" height=\"234\" vspace=\"3\" hspace=\"8\" align=\"left\">Neben der bekannten Umsatzbeteiligung in Höhe von 20 Prozent nennen interne Microsoft-Dokumente konkrete Zahlen für die Jahre 2024 und 2025. (<a href=\"https://www.golem.de/specials/openai/\">OpenAI</a>, <a href=\"https://www.golem.de/specials/ki/\">KI</a>) <img src=\"https://cpx.golem.de/cpx.php?class=17&amp;aid=202253&amp;page=1&amp;ts=1763375222\" alt=\"\" width=\"1\" height=\"1\" />",
      "Language": "de",
      "Link": "https://www.golem.de/news/profit-mit-ki-so-viel-verdient-microsoft-an-openai-2511-202253.html"
    },
    {
      "FeedId": "https://rss.golem.de/rss.php?feed=RSS2.0",
      "ItemId": "https://www.golem.de/2511/202252.html",
      "Title": "Microsoft: Windows-Chef geht auf harsche Kritik an Windows 11 ein",
      "PublishDate": "2025-11-17T11:12:02+01:00",
      "Summary": "Das Windows-Team habe viele Kritiken gelesen und sehe Probleme bei der Benutzererfahrung. Softwareentwickler sollen in den Fokus rücken. (<a href=\"https://www.golem.de/specials/windows-11/\">Windows 11</a>, <a href=\"https://www.golem.de/specials/windows/\">Windows</a>) <img src=\"https://cpx.golem.de/cpx.php?class=17&amp;aid=202252&amp;page=1&amp;ts=1763374322\" alt=\"\" width=\"1\" height=\"1\" />",
      "Content": "<img src=\"https://www.golem.de/2511/202252-545815-545813_rc.jpg\" width=\"416\" height=\"234\" vspace=\"3\" hspace=\"8\" align=\"left\">Das Windows-Team habe viele Kritiken gelesen und sehe Probleme bei der Benutzererfahrung. Softwareentwickler sollen in den Fokus rücken. (<a href=\"https://www.golem.de/specials/windows-11/\">Windows 11</a>, <a href=\"https://www.golem.de/specials/windows/\">Windows</a>) <img src=\"https://cpx.golem.de/cpx.php?class=17&amp;aid=202252&amp;page=1&amp;ts=1763374322\" alt=\"\" width=\"1\" height=\"1\" />",
      "Language": "de",
      "Link": "https://www.golem.de/news/microsoft-windows-chef-geht-auf-harsche-kritik-an-windows-11-ein-2511-202252.html"
    },
    {
      "FeedId": "https://rss.golem.de/rss.php?feed=RSS2.0",
      "ItemId": "https://www.golem.de/2511/202249.html",
      "Title": "Actionspiel: Mega-Flop Concord erlebt überraschendes Comeback",
      "PublishDate": "2025-11-17T10:33:01+01:00",
      "Summary": "Ein Jahr nach dem Aus von Concord arbeiten Fans an einer spielbaren Neuauflage. Sony reagiert prompt mit rechtlichen Schritten . (<a href=\"https://www.golem.de/specials/sony/\">Sony</a>, <a href=\"https://www.golem.de/specials/server/\">Server</a>) <img src=\"https://cpx.golem.de/cpx.php?class=17&amp;aid=202249&amp;page=1&amp;ts=1763371981\" alt=\"\" width=\"1\" height=\"1\" />",
      "Content": "<img src=\"https://www.golem.de/2408/188393-464990-464988_rc.jpg\" width=\"0\" height=\"0\" vspace=\"3\" hspace=\"8\" align=\"left\">Ein Jahr nach dem Aus von Concord arbeiten Fans an einer spielbaren Neuauflage. Sony reagiert prompt mit rechtlichen Schritten . (<a href=\"https://www.golem.de/specials/sony/\">Sony</a>, <a href=\"https://www.golem.de/specials/server/\">Server</a>) <img src=\"https://cpx.golem.de/cpx.php?class=17&amp;aid=202249&amp;page=1&amp;ts=1763371981\" alt=\"\" width=\"1\" height=\"1\" />",
      "Language": "de",
      "Link": "https://www.golem.de/news/actionspiel-mega-flop-concord-erlebt-ueberraschendes-comeback-2511-202249.html"
    },
    {
      "FeedId": "https://rss.golem.de/rss.php?feed=RSS2.0",
      "ItemId": "https://www.golem.de/2511/202146.html",
      "Title": "IT-Weiterbildung: \"Die Zertifikate sind eher Blendwerk\"",
      "PublishDate": "2025-11-17T10:20:02+01:00",
      "Summary": "Unglaubliche Zeitverschwendung oder tolle Jobchance? Wir haben euch nach Erfahrungen mit IT-Weiterbildungen vom Arbeitsamt gefragt. Hier kommen die Antworten. (<a href=\"https://www.golem.de/specials/it-jobs/\">Arbeit</a>, <a href=\"https://www.golem.de/specials/sql/\">SQL</a>) <img src=\"https://cpx.golem.de/cpx.php?class=17&amp;aid=202146&amp;page=1&amp;ts=1763371202\" alt=\"\" width=\"1\" height=\"1\" />",
      "Content": "<img src=\"https://www.golem.de/2511/202146-545571-545569_rc.jpg\" width=\"416\" height=\"234\" vspace=\"3\" hspace=\"8\" align=\"left\">Unglaubliche Zeitverschwendung oder tolle Jobchance? Wir haben euch nach Erfahrungen mit IT-Weiterbildungen vom Arbeitsamt gefragt. Hier kommen die Antworten. (<a href=\"https://www.golem.de/specials/it-jobs/\">Arbeit</a>, <a href=\"https://www.golem.de/specials/sql/\">SQL</a>) <img src=\"https://cpx.golem.de/cpx.php?class=17&amp;aid=202146&amp;page=1&amp;ts=1763371202\" alt=\"\" width=\"1\" height=\"1\" />",
      "Language": "de",
      "Link": "https://www.golem.de/news/it-weiterbildung-die-zertifikate-sind-eher-blendwerk-2511-202146.html"
    },
    {
      "FeedId": "https://rss.golem.de/rss.php?feed=RSS2.0",
      "ItemId": "https://www.golem.de/2511/202247.html",
      "Title": "Fehler 0x800f0922: November-Update für Windows 10 macht Probleme",
      "PublishDate": "2025-11-17T10:08:01+01:00",
      "Summary": "Auf einigen Windows-10-Geräten lässt sich das November-Update nicht installieren. Betroffen sind vor allem von IT-Abteilungen verwaltete Systeme. (<a href=\"https://www.golem.de/specials/updates-und-patches/\">Updates & Patches</a>, <a href=\"https://www.golem.de/specials/microsoft/\">Microsoft</a>) <img src=\"https://cpx.golem.de/cpx.php?class=17&amp;aid=202247&amp;page=1&amp;ts=1763370481\" alt=\"\" width=\"1\" height=\"1\" />",
      "Content": "<img src=\"https://www.golem.de/2511/202247-545801-545799_rc.jpg\" width=\"416\" height=\"234\" vspace=\"3\" hspace=\"8\" align=\"left\">Auf einigen Windows-10-Geräten lässt sich das November-Update nicht installieren. Betroffen sind vor allem von IT-Abteilungen verwaltete Systeme. (<a href=\"https://www.golem.de/specials/updates-und-patches/\">Updates & Patches</a>, <a href=\"https://www.golem.de/specials/microsoft/\">Microsoft</a>) <img src=\"https://cpx.golem.de/cpx.php?class=17&amp;aid=202247&amp;page=1&amp;ts=1763370481\" alt=\"\" width=\"1\" height=\"1\" />",
      "Language": "de",
      "Link": "https://www.golem.de/news/fehler-0x800f0922-erstes-esu-update-fuer-windows-10-macht-probleme-2511-202247.html"
    },
    {
      "FeedId": "https://rss.golem.de/rss.php?feed=RSS2.0",
      "ItemId": "https://www.golem.de/2511/202246.html",
      "Title": "Vor Digitalgipfel: IT-Verbände und Industrie fordern mehr Wettbewerbsfähigkeit",
      "PublishDate": "2025-11-17T09:14:02+01:00",
      "Summary": "Bundeskanzler Merz und Frankreichs Präsident Macron wollen in Berlin über IT-Themen beraten. Die Abhängigkeit von US-Firmen ist zentrales Thema. (<a href=\"https://www.golem.de/specials/start-up/\">Start-up</a>, <a href=\"https://www.golem.de/specials/ki/\">KI</a>) <img src=\"https://cpx.golem.de/cpx.php?class=17&amp;aid=202246&amp;page=1&amp;ts=1763367242\" alt=\"\" width=\"1\" height=\"1\" />",
      "Content": "<img src=\"https://www.golem.de/2511/202246-545790-545788_rc.jpg\" width=\"416\" height=\"234\" vspace=\"3\" hspace=\"8\" align=\"left\">Bundeskanzler Merz und Frankreichs Präsident Macron wollen in Berlin über IT-Themen beraten. Die Abhängigkeit von US-Firmen ist zentrales Thema. (<a href=\"https://www.golem.de/specials/start-up/\">Start-up</a>, <a href=\"https://www.golem.de/specials/ki/\">KI</a>) <img src=\"https://cpx.golem.de/cpx.php?class=17&amp;aid=202246&amp;page=1&amp;ts=1763367242\" alt=\"\" width=\"1\" height=\"1\" />",
      "Language": "de",
      "Link": "https://www.golem.de/news/vor-digitalgipfel-it-verbaende-und-industrie-fordern-mehr-wettbewerbsfaehigkeit-2511-202246.html"
    },
    {
      "FeedId": "https://rss.golem.de/rss.php?feed=RSS2.0",
      "ItemId": "https://www.golem.de/2511/202245.html",
      "Title": "Möglicher Cyberangriff: Bundestagsabgeordnete erhalten verdächtige USB-Sticks",
      "PublishDate": "2025-11-17T08:47:02+01:00",
      "Summary": "Mehrere Bundestagsabgeordnete haben zuletzt verdächtige Briefe mit USB-Sticks erhalten. Es könnte sich um einen versuchten Cyberangriff handeln. (<a href=\"https://www.golem.de/specials/malware/\">Malware</a>, <a href=\"https://www.golem.de/specials/virus/\">Virus</a>) <img src=\"https://cpx.golem.de/cpx.php?class=17&amp;aid=202245&amp;page=1&amp;ts=1763365622\" alt=\"\" width=\"1\" height=\"1\" />",
      "Content": "<img src=\"https://www.golem.de/2511/202245-545781-545779_rc.jpg\" width=\"416\" height=\"234\" vspace=\"3\" hspace=\"8\" align=\"left\">Mehrere Bundestagsabgeordnete haben zuletzt verdächtige Briefe mit USB-Sticks erhalten. Es könnte sich um einen versuchten Cyberangriff handeln. (<a href=\"https://www.golem.de/specials/malware/\">Malware</a>, <a href=\"https://www.golem.de/specials/virus/\">Virus</a>) <img src=\"https://cpx.golem.de/cpx.php?class=17&amp;aid=202245&amp;page=1&amp;ts=1763365622\" alt=\"\" width=\"1\" height=\"1\" />",
      "Language": "de",
      "Link": "https://www.golem.de/news/moeglicher-cyberangriff-bundestagsabgeordnete-erhalten-verdaechtige-usb-sticks-2511-202245.html"
    },
    {
      "FeedId": "https://rss.golem.de/rss.php?feed=RSS2.0",
      "ItemId": "https://www.golem.de/2511/202241.html",
      "Title": "Amphibisches Angriffsschiff: Chinas Kampfdrohnen-Träger läuft zu Testfahrten aus",
      "PublishDate": "2025-11-17T08:19:02+01:00",
      "Summary": "Das größte amphibische Angriffsschiff seiner Art weltweit verlässt die Werft - mit Katapulttechnologie für Drohnen an Bord. (<a href=\"https://www.golem.de/specials/militaer/\">Militär</a>, <a href=\"https://www.golem.de/specials/politik-recht/\">Politik</a>) <img src=\"https://cpx.golem.de/cpx.php?class=17&amp;aid=202241&amp;page=1&amp;ts=1763363942\" alt=\"\" width=\"1\" height=\"1\" />",
      "Content": "<img src=\"https://www.golem.de/2511/202241-545765-545763_rc.jpg\" width=\"416\" height=\"234\" vspace=\"3\" hspace=\"8\" align=\"left\">Das größte amphibische Angriffsschiff seiner Art weltweit verlässt die Werft - mit Katapulttechnologie für Drohnen an Bord. (<a href=\"https://www.golem.de/specials/militaer/\">Militär</a>, <a href=\"https://www.golem.de/specials/politik-recht/\">Politik</a>) <img src=\"https://cpx.golem.de/cpx.php?class=17&amp;aid=202241&amp;page=1&amp;ts=1763363942\" alt=\"\" width=\"1\" height=\"1\" />",
      "Language": "de",
      "Link": "https://www.golem.de/news/amphibisches-angriffsschiff-chinas-kampfdrohnen-traeger-laeuft-zu-testfahrten-aus-2511-202241.html"
    },
    {
      "FeedId": "https://rss.golem.de/rss.php?feed=RSS2.0",
      "ItemId": "https://www.golem.de/2511/202244.html",
      "Title": "Zollpflicht für Billigwaren: EU schafft Zollfreigrenze von 150 Euro ab",
      "PublishDate": "2025-11-17T07:57:02+01:00",
      "Summary": "Mit der geplanten Abschaffung der Zollfreigrenze von 150 Euro soll Betrug unterbunden werden. Zudem soll der Wettbewerb fairer werden. (<a href=\"https://www.golem.de/specials/europaeische-union/\">EU</a>, <a href=\"https://www.golem.de/specials/onlineshop/\">Onlineshop</a>) <img src=\"https://cpx.golem.de/cpx.php?class=17&amp;aid=202244&amp;page=1&amp;ts=1763362622\" alt=\"\" width=\"1\" height=\"1\" />",
      "Content": "<img src=\"https://www.golem.de/2511/202244-545777-545775_rc.jpg\" width=\"416\" height=\"234\" vspace=\"3\" hspace=\"8\" align=\"left\">Mit der geplanten Abschaffung der Zollfreigrenze von 150 Euro soll Betrug unterbunden werden. Zudem soll der Wettbewerb fairer werden. (<a href=\"https://www.golem.de/specials/europaeische-union/\">EU</a>, <a href=\"https://www.golem.de/specials/onlineshop/\">Onlineshop</a>) <img src=\"https://cpx.golem.de/cpx.php?class=17&amp;aid=202244&amp;page=1&amp;ts=1763362622\" alt=\"\" width=\"1\" height=\"1\" />",
      "Language": "de",
      "Link": "https://www.golem.de/news/zollpflicht-fuer-billigwaren-eu-schafft-zollfreigrenze-von-150-euro-ab-2511-202244.html"
    },
    {
      "FeedId": "https://rss.golem.de/rss.php?feed=RSS2.0",
      "ItemId": "https://www.golem.de/2511/202242.html",
      "Title": "Hypowerdrive: BMW erhält Förderzusage für Wasserstoffantriebsprojekt",
      "PublishDate": "2025-11-17T07:44:01+01:00",
      "Summary": "BMW erhält grünes Licht für sein Wasserstoffprojekt. Bund und Bayern stecken 273 Millionen Euro in die Entwicklung eines Brennstoffzellenantriebs. (<a href=\"https://www.golem.de/specials/bmvi/\">BMVI</a>, <a href=\"https://www.golem.de/specials/brennstoffzelle/\">Brennstoffzelle</a>) <img src=\"https://cpx.golem.de/cpx.php?class=17&amp;aid=202242&amp;page=1&amp;ts=1763361841\" alt=\"\" width=\"1\" height=\"1\" />",
      "Content": "<img src=\"https://www.golem.de/2511/202242-545769-545767_rc.jpg\" width=\"416\" height=\"234\" vspace=\"3\" hspace=\"8\" align=\"left\">BMW erhält grünes Licht für sein Wasserstoffprojekt. Bund und Bayern stecken 273 Millionen Euro in die Entwicklung eines Brennstoffzellenantriebs. (<a href=\"https://www.golem.de/specials/bmvi/\">BMVI</a>, <a href=\"https://www.golem.de/specials/brennstoffzelle/\">Brennstoffzelle</a>) <img src=\"https://cpx.golem.de/cpx.php?class=17&amp;aid=202242&amp;page=1&amp;ts=1763361841\" alt=\"\" width=\"1\" height=\"1\" />",
      "Language": "de",
      "Link": "https://www.golem.de/news/hypowerdrive-bmw-erhaelt-foerderzusage-fuer-wasserstoffantriebsprojekt-2511-202242.html"
    },
    {
      "FeedId": "https://rss.golem.de/rss.php?feed=RSS2.0",
      "ItemId": "https://www.golem.de/2511/202243.html",
      "Title": "iPhone: Apple verändert seine Veröffentlichungsstrategie",
      "PublishDate": "2025-11-17T07:11:02+01:00",
      "Summary": "Apple verteilt seine Produkteinführungen künftig über das ganze Jahr. Das soll die iPhone-Releases entkoppeln und die Ingenieursteams entlasten. (<a href=\"https://www.golem.de/specials/apple/\">Apple</a>, <a href=\"https://www.golem.de/specials/iphone/\">iPhone</a>) <img src=\"https://cpx.golem.de/cpx.php?class=17&amp;aid=202243&amp;page=1&amp;ts=1763359862\" alt=\"\" width=\"1\" height=\"1\" />",
      "Content": "<img src=\"https://www.golem.de/2511/202243-545773-545771_rc.jpg\" width=\"416\" height=\"234\" vspace=\"3\" hspace=\"8\" align=\"left\">Apple verteilt seine Produkteinführungen künftig über das ganze Jahr. Das soll die iPhone-Releases entkoppeln und die Ingenieursteams entlasten. (<a href=\"https://www.golem.de/specials/apple/\">Apple</a>, <a href=\"https://www.golem.de/specials/iphone/\">iPhone</a>) <img src=\"https://cpx.golem.de/cpx.php?class=17&amp;aid=202243&amp;page=1&amp;ts=1763359862\" alt=\"\" width=\"1\" height=\"1\" />",
      "Language": "de",
      "Link": "https://www.golem.de/news/iphone-apple-veraendert-seine-veroeffentlichungsstrategie-2511-202243.html"
    },
    {
      "FeedId": "https://rss.golem.de/rss.php?feed=RSS2.0",
      "ItemId": "https://www.golem.de/2511/202240.html",
      "Title": "Souveränitätsgipfel: Eigene Anbieter statt US-Dominanz bei Clouddiensten",
      "PublishDate": "2025-11-17T04:00:01+01:00",
      "Summary": "Ein Teil der Cloud soll durch deutsche KI-Start-ups und den IT-Mittelstand gedeckt werden. Politiker von Union und SPD wollen eine Änderung. (<a href=\"https://www.golem.de/specials/cloud/\">Cloud</a>, <a href=\"https://www.golem.de/specials/aws/\">AWS</a>) <img src=\"https://cpx.golem.de/cpx.php?class=17&amp;aid=202240&amp;page=1&amp;ts=1763348401\" alt=\"\" width=\"1\" height=\"1\" />",
      "Content": "<img src=\"https://www.golem.de/2511/202240-545756-545754_rc.jpg\" width=\"416\" height=\"234\" vspace=\"3\" hspace=\"8\" align=\"left\">Ein Teil der Cloud soll durch deutsche KI-Start-ups und den IT-Mittelstand gedeckt werden. Politiker von Union und SPD wollen eine Änderung. (<a href=\"https://www.golem.de/specials/cloud/\">Cloud</a>, <a href=\"https://www.golem.de/specials/aws/\">AWS</a>) <img src=\"https://cpx.golem.de/cpx.php?class=17&amp;aid=202240&amp;page=1&amp;ts=1763348401\" alt=\"\" width=\"1\" height=\"1\" />",
      "Language": "de",
      "Link": "https://www.golem.de/news/souveraenitaetsgipfel-eigene-anbieter-statt-us-dominanz-bei-cloud-diensten-2511-202240.html"
    }
  ]
}
