{
  "Id": "https://www.ksta.de/region/euskirchen-eifel",
  "Website": "https://www.ksta.de/region/euskirchen-eifel",
  "Title": "Euskirchen & Eifel",
  "LastUpdatedTime": "2024-12-15T08:04:00+01:00",
  "Description": "Was ist los im Kreis Euskirchen? Aktuelle Nachrichten und Berichte zu den Themen Kommunalpolitik, -entwicklung, Veranstaltungen, Freizeittipps, Polizei, Unfälle und vieles mehr.",
  "Language": null,
  "Items": [
    {
      "FeedId": "https://www.ksta.de/region/euskirchen-eifel",
      "ItemId": "https://www.ksta.de/919674",
      "Title": "Wiederaufbau: Untergrund lässt Brücken für Fahrzeuge in Arloff und Kirspenich nicht zu",
      "PublishDate": "2024-12-15T08:04:00+01:00",
      "Summary": "Planer stellen im Bauausschuss Konzepte für den Wiederaufbau von Straßen in Bad Münstereifel, Arloff/Kirspenich und Iversheim vor.",
      "Content": null,
      "Language": null,
      "Link": "https://www.ksta.de/region/euskirchen-eifel/bad-muenstereifel/boden-laesst-bruecken-fuer-fahrzeuge-in-arloff-kirspenich-nicht-zu-919674"
    },
    {
      "FeedId": "https://www.ksta.de/region/euskirchen-eifel",
      "ItemId": "https://www.ksta.de/920584",
      "Title": "Gebührensätze steigen: Kaller müssen im kommenden Jahr tiefer in die Tasche greifen",
      "PublishDate": "2024-12-14T18:03:00+01:00",
      "Summary": "Um die steigenden Kosten aufzufangen, müssen die Gebühren in Kall 2025 angehoben werden. Für 2026 kündigte Kämmerer Markus Stoff Steuererhöhungen an.",
      "Content": null,
      "Language": null,
      "Link": "https://www.ksta.de/region/euskirchen-eifel/kall/kaller-muessen-im-kommenden-jahr-tiefer-in-die-tasche-greifen-920584"
    },
    {
      "FeedId": "https://www.ksta.de/region/euskirchen-eifel",
      "ItemId": "https://www.ksta.de/920685",
      "Title": "Stadt erhöht Gebühren: Mechernicher Musterfamilie muss 2025 rund 150 Euro mehr zahlen",
      "PublishDate": "2024-12-14T16:02:00+01:00",
      "Summary": "Der Rat der Stadt Mechernich hat auf Vorschlag der Stadtverwaltung einer Erhöhung bei Wasser, Müllabfuhr und Winterdienst zugestimmt.",
      "Content": null,
      "Language": null,
      "Link": "https://www.ksta.de/region/euskirchen-eifel/mechernich/mechernich-stadt-erhoeht-gebuehren-fuer-wasser-muellabfuhr-co-920685"
    },
    {
      "FeedId": "https://www.ksta.de/region/euskirchen-eifel",
      "ItemId": "https://www.ksta.de/920759",
      "Title": "Song-Adventskalender: Mechernicher Sängerin mag tanzbare Weihnachtsmusik",
      "PublishDate": "2024-12-14T13:50:00+01:00",
      "Summary": "Eva und Marvin Becker können sich kaum für ein Lieblingsweihnachtslied entscheiden. Auch die Kinder haben einen Vorschlag.",
      "Content": null,
      "Language": null,
      "Link": "https://www.ksta.de/region/euskirchen-eifel/mechernich/mechernicher-saenger-paar-mag-tanzbare-weihnachtsmusik-920759"
    },
    {
      "FeedId": "https://www.ksta.de/region/euskirchen-eifel",
      "ItemId": "https://www.ksta.de/920536",
      "Title": "Sport-Vorschau: Nachsitzen abgesagt: Nachholspiel des SC Wißkirchen gegen Sindorf fällt aus",
      "PublishDate": "2024-12-14T12:45:31+01:00",
      "Summary": "In Bad Münstereifel haben die Erftbaskets Heimspiele. Die zweite Mannschaft der Volleyballerinnen aus Marmagen spielt in Urft.",
      "Content": null,
      "Language": null,
      "Link": "https://www.ksta.de/region/euskirchen-eifel/euskirchen-lokalsport/sport-vorschau-nachholspiel-des-sc-wisskirchen-faellt-aus-920536"
    },
    {
      "FeedId": "https://www.ksta.de/region/euskirchen-eifel",
      "ItemId": "https://www.ksta.de/917784",
      "Title": "Jugendfußball: Den B-Junioren der JSG Erft Euskirchen gelingt der zweite Saisonsieg",
      "PublishDate": "2024-12-14T12:40:31+01:00",
      "Summary": "Die A-Jugend der JSG Erft überwintert in der Bezirksliga auf dem Platz an der Sonne. Jubel gibt es bei den C-Juniorinnen des TuS Zülpich.",
      "Content": null,
      "Language": null,
      "Link": "https://www.ksta.de/region/euskirchen-eifel/euskirchen-lokalsport/jugendfussball-b-junioren-der-jsg-erft-gelingt-zweiter-saisonsieg-917784"
    },
    {
      "FeedId": "https://www.ksta.de/region/euskirchen-eifel",
      "ItemId": "https://www.ksta.de/898339",
      "Title": "Bei Glühwein, auf dem Pferdehof, auf Rädern: Hier gibt es Weihnachtsbäume im Kreis Euskirchen",
      "PublishDate": "2024-12-14T12:37:00+01:00",
      "Summary": "Im Kreis Euskirchen und der Eifel gibt es viele Angebote für Tannenbäume, ob bei Weihnachtsmarktaktionen oder am klassischen Verkaufsstand.",
      "Content": null,
      "Language": null,
      "Link": "https://www.ksta.de/region/euskirchen-eifel/euskirchen-hier-gibt-es-weihnachtsbaeume-und-schnittgruen-2-898339"
    },
    {
      "FeedId": "https://www.ksta.de/region/euskirchen-eifel",
      "ItemId": "https://www.ksta.de/920493",
      "Title": "Handball-Vorschau: Euskirchener Frauen wünschen sich weitere Kugeln am Punkte-Christbaum",
      "PublishDate": "2024-12-14T10:04:00+01:00",
      "Summary": "In der Peter-Weber-Halle in Kuchenheim wird es am Samstag rund um die Handballspiele der Mannschaften der HSG Euskirchen weihnachtlich.",
      "Content": null,
      "Language": null,
      "Link": "https://www.ksta.de/region/euskirchen-eifel/euskirchen-lokalsport/euskirchener-handballerinnen-hoffen-beim-heimspiel-auf-punkte-920493"
    },
    {
      "FeedId": "https://www.ksta.de/region/euskirchen-eifel",
      "ItemId": "https://www.ksta.de/920820",
      "Title": "Gebühren steigen: Sterben in Euskirchen wird wieder teurer",
      "PublishDate": "2024-12-14T08:02:00+01:00",
      "Summary": "Zweimal in Folge hatte die Stadt Euskirchen die Friedhofsgebühren gesenkt, jetzt gehen die Tarife wieder nach oben.",
      "Content": null,
      "Language": null,
      "Link": "https://www.ksta.de/region/euskirchen-eifel/stadt-euskirchen/gebuehren-steigen-sterben-in-euskirchen-wird-wieder-teurer-920820"
    },
    {
      "FeedId": "https://www.ksta.de/region/euskirchen-eifel",
      "ItemId": "https://www.ksta.de/920774",
      "Title": "Weihnachtsdorf eröffnet: Die Weihnachtsstimmung in Euskirchen erreicht ihren Zenit",
      "PublishDate": "2024-12-13T20:31:00+01:00",
      "Summary": "Das Weihnachtsdorf in Euskirchen lädt bis Sonntag zum Shoppen ein. Es gibt aber auch buntes Rahmenprogramm.",
      "Content": null,
      "Language": null,
      "Link": "https://www.ksta.de/region/euskirchen-eifel/stadt-euskirchen/euskirchen-weihnachtsdorf-auf-dem-alten-markt-eroeffnet-920774"
    },
    {
      "FeedId": "https://www.ksta.de/region/euskirchen-eifel",
      "ItemId": "https://www.ksta.de/920806",
      "Title": "Votum eindeutig: Landrat Markus Ramers kandidiert erneut im Kreis Euskirchen",
      "PublishDate": "2024-12-13T19:06:21+01:00",
      "Summary": "Die SPD im Kreis Euskirchen hat Landrat Markus Ramers das Vertrauen ausgesprochen. Der Freilinger kandidiert erneut für den Posten des Landrats.",
      "Content": null,
      "Language": null,
      "Link": "https://www.ksta.de/region/euskirchen-eifel/kreis-euskirchen/kreis-euskirchen-landrat-markus-ramers-kandidiert-erneut-920806"
    },
    {
      "FeedId": "https://www.ksta.de/region/euskirchen-eifel",
      "ItemId": "https://www.ksta.de/920641",
      "Title": "Großeinsatz für Feuerwehr: Brand in der Filteranlage eines Holzbauunternehmens in Kall",
      "PublishDate": "2024-12-13T18:49:08+01:00",
      "Summary": "Ein Großaufgebot der Feuerwehr war am Freitag zu einem Brand in einer Holzbaufirma im Gewerbegebiet ausgerückt. Vier Stunden dauerte der Einsatz.",
      "Content": null,
      "Language": null,
      "Link": "https://www.ksta.de/region/euskirchen-eifel/kall/kall-brand-in-filteranlage-einer-holzbaufirma-im-gewerbegebiet-920641"
    },
    {
      "FeedId": "https://www.ksta.de/region/euskirchen-eifel",
      "ItemId": "https://www.ksta.de/920775",
      "Title": "Angriff auf Zusteller: Frau in Hellenthal attackiert Paketboten mit Krücke",
      "PublishDate": "2024-12-13T18:10:45+01:00",
      "Summary": "Weil eine Frau im Hellenthaler Ortsteil Sieberath keinen Code für ein Paket vorzeigen konnte, nahm der Bote die Zustellung wieder mit.",
      "Content": null,
      "Language": null,
      "Link": "https://www.ksta.de/region/euskirchen-eifel/hellenthal/frau-in-hellenthal-attackiert-paketboten-mit-kruecke-920775"
    },
    {
      "FeedId": "https://www.ksta.de/region/euskirchen-eifel",
      "ItemId": "https://www.ksta.de/920480",
      "Title": "Kommentar zum Pokal in Zülpich: Ein Fußballspiel als Therapie gegen ein Trauma",
      "PublishDate": "2024-12-13T16:08:00+01:00",
      "Summary": "Das FVM-Pokal-Spiel zwischen dem TuS Zülpich und Viktoria Köln war ein Spektakel und bot mehr, als normalerweise in eine Fußballpartie passt.",
      "Content": null,
      "Language": null,
      "Link": "https://www.ksta.de/region/euskirchen-eifel/euskirchen-lokalsport/kommentar-partie-in-zuelpich-als-therapie-gegen-ein-trauma-920480"
    },
    {
      "FeedId": "https://www.ksta.de/region/euskirchen-eifel",
      "ItemId": "https://www.ksta.de/916946",
      "Title": "Prozess in Euskirchen: Zülpicher soll Nazi-Parolen verbreitet haben",
      "PublishDate": "2024-12-13T16:01:00+01:00",
      "Summary": "Ein 43-Jähriger bestreitet den Vorwurf, er habe Losungen der NSDAP und der SA verwendet. Jetzt soll seine Mutter in den Zeugenstand.",
      "Content": null,
      "Language": null,
      "Link": "https://www.ksta.de/region/euskirchen-eifel/zuelpich/prozess-zuelpicher-soll-im-internet-nazi-parolen-verbreitet-haben-916946"
    },
    {
      "FeedId": "https://www.ksta.de/region/euskirchen-eifel",
      "ItemId": "https://www.ksta.de/671378",
      "Title": "Termine und Infos: Weihnachtsmärkte 2024 im Kreis Euskirchen und der Eifel im Überblick",
      "PublishDate": "2024-12-13T14:52:00+01:00",
      "Summary": "Zwischen Weihnachtsdekorationen schlendern, sich an einem Glühwein aufwärmen – die ersten Weihnachtsmärkte im Kreis Euskirchen und der Eifel öffnen.",
      "Content": null,
      "Language": null,
      "Link": "https://www.ksta.de/region/euskirchen-eifel/kreis-euskirchen/weihnachtsmaerkte-kreis-euskirchen-eifel-2024-alle-termine-13-671378"
    },
    {
      "FeedId": "https://www.ksta.de/region/euskirchen-eifel",
      "ItemId": "https://www.ksta.de/919650",
      "Title": "Auch ohne Kreiszuschuss: Kulturcafé in Vogelsang wird als Integrationsprojekt fortgesetzt",
      "PublishDate": "2024-12-13T12:05:00+01:00",
      "Summary": "Obwohl der Kreis Euskirchen seinen Zuschuss gestrichen hat, wird Vogelsang IP das Kulturcafé als Integrationsprojekt fortführen.",
      "Content": null,
      "Language": null,
      "Link": "https://www.ksta.de/region/euskirchen-eifel/schleiden-gemuend/kulturcaf-in-vogelsang-wird-als-integrationsprojekt-fortgesetzt-919650"
    },
    {
      "FeedId": "https://www.ksta.de/region/euskirchen-eifel",
      "ItemId": "https://www.ksta.de/920256",
      "Title": "Song-Adventskalender: Zwei Höhner-Lieder landen auf der Weihnachtsplaylist",
      "PublishDate": "2024-12-13T11:13:07+01:00",
      "Summary": "Hannes Schöner packt zwei Höhner-Weihnachtslieder auf die Song-Adventskalender-Playlist.",
      "Content": null,
      "Language": null,
      "Link": "https://www.ksta.de/region/euskirchen-eifel/bad-muenstereifel/fuer-ex-hoehner-mitglied-ist-spiritueller-aspekt-von-weihnachten-wichtig-920256"
    },
    {
      "FeedId": "https://www.ksta.de/region/euskirchen-eifel",
      "ItemId": "https://www.ksta.de/919886",
      "Title": "Countrymusik im Stadttheater: Truck Stop begeistert in Euskirchen die Fans",
      "PublishDate": "2024-12-13T09:58:00+01:00",
      "Summary": "Seit mehr als 50 Jahren macht die Band Truck Stop Countrymusik mit deutschen Texten. Jetzt gastierten die Musiker in Euskirchen.",
      "Content": null,
      "Language": null,
      "Link": "https://www.ksta.de/region/euskirchen-eifel/stadt-euskirchen/countryband-truck-stop-begeistert-in-euskirchen-die-fans-919886"
    },
    {
      "FeedId": "https://www.ksta.de/region/euskirchen-eifel",
      "ItemId": "https://www.ksta.de/693212",
      "Title": "Es weihnachtet sehr: Besinnliche Ausflüge in Eifel und Umgebung",
      "PublishDate": "2024-12-13T08:02:00+01:00",
      "Summary": "Der Advent im Kreis Euskirchen und in der Eifel hat einiges zu bieten. Von Alpaka-Glühwein-Wanderungen bis hin zur Weihnachtsbäckerei.",
      "Content": null,
      "Language": null,
      "Link": "https://www.ksta.de/region/euskirchen-eifel/kreis-euskirchen/hier-kommen-sie-im-kreis-euskirchen-in-weihnachtsstimmung2-693212"
    },
    {
      "FeedId": "https://www.ksta.de/region/euskirchen-eifel",
      "ItemId": "https://www.ksta.de/918648",
      "Title": "Kampagne: Teuer und umweltschädlich: Viel zu viel Bioabfall im Restmüll im Kreis Euskirchen",
      "PublishDate": "2024-12-13T07:31:00+01:00",
      "Summary": "Im Schnitt sind 36 Prozent des Inhalts in den grauen Tonnen Biomüll, teilt der Kreis Euskirchen mit – und startet eine Kampagne.",
      "Content": null,
      "Language": null,
      "Link": "https://www.ksta.de/region/euskirchen-eifel/kreis-euskirchen/mehr-als-drittel-restmuelltonnen-im-kreis-euskirchen-sind-oft-falsch-gefuellt-918648"
    },
    {
      "FeedId": "https://www.ksta.de/region/euskirchen-eifel",
      "ItemId": "https://www.ksta.de/919854",
      "Title": "Strafanzeige gegen Besitzer: Behinderte Hundewelpen im Mechernicher Tierheim „entsorgt“",
      "PublishDate": "2024-12-13T05:55:00+01:00",
      "Summary": "In Mechernich wurden Labrador-Mischlinge mit Fehlstellungen aufgenommen – eine Mitarbeiterin hatte den richtigen Riecher und schöpfte Verdacht.",
      "Content": null,
      "Language": null,
      "Link": "https://www.ksta.de/region/euskirchen-eifel/mechernich/behinderte-welpen-im-mechernicher-tierheim-entsorgt-919854"
    },
    {
      "FeedId": "https://www.ksta.de/region/euskirchen-eifel",
      "ItemId": "https://www.ksta.de/919418",
      "Title": "Sportlerwahl 2024: Die Euskirchener Lokalredaktion bittet um Nominierungen",
      "PublishDate": "2024-12-12T19:55:00+01:00",
      "Summary": "Die Sportlerwahl 2024 im Kreis Euskirchen hat begonnen. Zunächst sind die Leser gefragt: Teilen Sie uns ihre Nominierungen mit.",
      "Content": null,
      "Language": null,
      "Link": "https://www.ksta.de/region/euskirchen-eifel/euskirchen-lokalsport/sportlerwahl-in-euskirchen-lokalredaktion-bittet-um-vorschlaege-919418"
    },
    {
      "FeedId": "https://www.ksta.de/region/euskirchen-eifel",
      "ItemId": "https://www.ksta.de/919518",
      "Title": "Skiparadies Frauenkron: „“ Vorgänger der SMS – historische Postkarten aus Dahlem veröffentlicht",
      "PublishDate": "2024-12-12T18:01:00+01:00",
      "Summary": "Mehr als 200 alte Ansichtskarten aus Dahlem wurden in einem Buch zusammengetragen und beinhalten die ein oder andere Kuriosität.",
      "Content": null,
      "Language": null,
      "Link": "https://www.ksta.de/region/euskirchen-eifel/dahlem/dahlem-skiparadies-frauenkron-alte-postkarten-veroeffentlicht-919518"
    },
    {
      "FeedId": "https://www.ksta.de/region/euskirchen-eifel",
      "ItemId": "https://www.ksta.de/918707",
      "Title": "Klaus Schmitz hört auf: Stadtrat verabschiedet Euskirchener Finanzchef",
      "PublishDate": "2024-12-12T16:05:00+01:00",
      "Summary": "Der Kämmerer hat nach 25 Jahren zum letzten Mal den Haushaltsplan für die Stadt aufgestellt. Ihm fehlen 28,5 Millionen.",
      "Content": null,
      "Language": null,
      "Link": "https://www.ksta.de/region/euskirchen-eifel/stadt-euskirchen/stadtrat-verabschiedet-euskirchener-finanzchef-918707"
    },
    {
      "FeedId": "https://www.ksta.de/region/euskirchen-eifel",
      "ItemId": "https://www.ksta.de/918540",
      "Title": "58 Stationen: Der Krippenweg in Ripsdorf erfreut sich immer größerer Beliebtheit",
      "PublishDate": "2024-12-12T14:03:00+01:00",
      "Summary": "Der Ripsdorfer Krippenweg hat bei seiner vierten Auflage einiges zu bieten. Das kleinste Exemplar ist nur wenige Zentimeter groß.",
      "Content": null,
      "Language": null,
      "Link": "https://www.ksta.de/region/euskirchen-eifel/blankenheim/krippenweg-in-ripsdorf-erfreut-sich-immer-groesserer-beliebtheit-918540"
    },
    {
      "FeedId": "https://www.ksta.de/region/euskirchen-eifel",
      "ItemId": "https://www.ksta.de/919453",
      "Title": "FVM-Pokal: Nach dem Zülpicher Blitzstart gegen Viktoria Köln gingen die Lichter aus",
      "PublishDate": "2024-12-12T13:36:28+01:00",
      "Summary": "Im Achtelfinale des FVM-Pokals unterliegt der Landesligist TuS Zülpich trotz couragierter Leistung gegen die Profis von Viktoria Köln mit 2:5.",
      "Content": null,
      "Language": null,
      "Link": "https://www.ksta.de/region/euskirchen-eifel/euskirchen-lokalsport/fvm-pokal-nach-dem-zuelpicher-blitzstart-gingen-die-lichter-aus-919453"
    },
    {
      "FeedId": "https://www.ksta.de/region/euskirchen-eifel",
      "ItemId": "https://www.ksta.de/919017",
      "Title": "Adventskalender: Andreas Warler aus Schleiden fand sein Lieblingsweihnachtslied im Petersdom",
      "PublishDate": "2024-12-12T12:05:00+01:00",
      "Summary": "Von Weihnachten bekommt der Schleidener Andreas Warler nicht genug. Er liebt es, wenn die Kirchen voll sind und die Leute singen.",
      "Content": null,
      "Language": null,
      "Link": "https://www.ksta.de/region/euskirchen-eifel/schleiden-gemuend/song-adventskalender-schleidener-organist-fand-lieblingslied-im-petersdom-919017"
    },
    {
      "FeedId": "https://www.ksta.de/region/euskirchen-eifel",
      "ItemId": "https://www.ksta.de/918991",
      "Title": "Dreieinhalb Jahre nach der Flut: Badesaison am Kronenburger See ist für 2025 gerettet",
      "PublishDate": "2024-12-12T10:02:00+01:00",
      "Summary": "Nach dreieinhalbjähriger Zwangspause in Folge der Flutkatastrophe von 2021 kann der Kronenburger See wieder angestaut werden.",
      "Content": null,
      "Language": null,
      "Link": "https://www.ksta.de/region/euskirchen-eifel/dahlem/badesaison-am-kronenburger-see-ist-fuer-2025-gerettet-918991"
    },
    {
      "FeedId": "https://www.ksta.de/region/euskirchen-eifel",
      "ItemId": "https://www.ksta.de/918813",
      "Title": "Petition gegen Pläne der Stadt: Standorte der Solarparks in Schleiden stoßen auf Kritik",
      "PublishDate": "2024-12-12T08:02:00+01:00",
      "Summary": "Mit einer Petition will Markus Pauls aus Harperscheid die Pläne der Stadt für drei Solarparks stoppen. Unterstützung kommt aus der Politik.",
      "Content": null,
      "Language": null,
      "Link": "https://www.ksta.de/region/euskirchen-eifel/schleiden-gemuend/standorte-der-solarparks-in-schleiden-stossen-auf-kritik-918813"
    },
    {
      "FeedId": "https://www.ksta.de/region/euskirchen-eifel",
      "ItemId": "https://www.ksta.de/919112",
      "Title": "Stahlseil gerissen: Die „Aachen“ trieb nach Havarie führerlos auf dem Rursee",
      "PublishDate": "2024-12-12T06:03:00+01:00",
      "Summary": "Während der Fahrt ins Trockendock in Rurberg löste sich das Stahlseil der Slipanlage und das 100-Tonnen-Fahrgastschiff „Aachen“ der Rurseeschifffahrt trieb davon.",
      "Content": null,
      "Language": null,
      "Link": "https://www.ksta.de/region/euskirchen-eifel/kreis-euskirchen/die-aachen-trieb-nach-havarie-auf-fuehrerlos-auf-dem-rursee-919112"
    },
    {
      "FeedId": "https://www.ksta.de/region/euskirchen-eifel",
      "ItemId": "https://www.ksta.de/918865",
      "Title": "Frauenfußball: Die SG Erfthöhen ist seit neun Spielen ohne Niederlage",
      "PublishDate": "2024-12-11T20:07:00+01:00",
      "Summary": "In der Landesliga verlor Füssenich-Geich gegen einen mit Regionalligaspielerinnen gespickten SC Fortuna Köln. Zülpich siegt standesgemäß.",
      "Content": null,
      "Language": null,
      "Link": "https://www.ksta.de/region/euskirchen-eifel/euskirchen-lokalsport/frauenfussball-sg-erfthoehen-hat-sein-neun-spielen-nicht-verloren-918865"
    },
    {
      "FeedId": "https://www.ksta.de/region/euskirchen-eifel",
      "ItemId": "https://www.ksta.de/919012",
      "Title": "Planung vorgestellt: Streit in Mechernich über Radwege für die Feytalstraße",
      "PublishDate": "2024-12-11T19:25:27+01:00",
      "Summary": "Spätestens im September 2025 sollen der Ausbau und die Erneuerung der Kanalisation beginnen – Gesamtkosten: rund 7,5 Millionen Euro.",
      "Content": null,
      "Language": null,
      "Link": "https://www.ksta.de/region/euskirchen-eifel/mechernich/mechernich-streit-ueber-radwege-fuer-die-feytalstrasse-919012"
    },
    {
      "FeedId": "https://www.ksta.de/region/euskirchen-eifel",
      "ItemId": "https://www.ksta.de/919023",
      "Title": "Razzien: Mutmaßlicher Fluthilfe-Betrug: So reagieren Politiker und Helfer im Kreis Euskirchen",
      "PublishDate": "2024-12-11T17:55:59+01:00",
      "Summary": "In Euskirchen wurden 15 Wohnobjekte durchsucht, in Mechernich eines. Die Gründe sorgen im Kreis Euskirchen für Entsetzen.",
      "Content": null,
      "Language": null,
      "Link": "https://www.ksta.de/region/euskirchen-eifel/kreis-euskirchen/so-reagieren-politiker-und-helfer-im-kreis-euskirchen-auf-fluthilfe-betrug-919023"
    },
    {
      "FeedId": "https://www.ksta.de/region/euskirchen-eifel",
      "ItemId": "https://www.ksta.de/918841",
      "Title": "„Verhöhnen die Flutopfer“: Verdacht auf Fluthilfe-Betrug – Polizei durchsucht Häuser in Euskirchen",
      "PublishDate": "2024-12-11T15:44:43+01:00",
      "Summary": "Die Durchsuchungen fanden in NRW und zwei anderen Bundesländern statt. Insgesamt werden 136 Menschen verdächtigt, sich die Taschen gefüllt zu haben.",
      "Content": null,
      "Language": null,
      "Link": "https://www.ksta.de/region/euskirchen-eifel/massiver-fluthilfe-betrug-polizei-durchsucht-haeuser-in-euskirchen-918841"
    },
    {
      "FeedId": "https://www.ksta.de/region/euskirchen-eifel",
      "ItemId": "https://www.ksta.de/918166",
      "Title": "Weihnachtsoratorium: Evangelische Kantorei Euskirchen bei Konzert in Bestform",
      "PublishDate": "2024-12-11T14:03:00+01:00",
      "Summary": "Das Weihnachtsoratorium von Johann Sebastian Bach aufzuführen, ist ein ambitioniertes Unterfangen für die evangelische Kantorei Euskirchen.",
      "Content": null,
      "Language": null,
      "Link": "https://www.ksta.de/region/euskirchen-eifel/stadt-euskirchen/euskirchen-evangelische-kantorei-begeistert-mit-weihnachtsoratorium-918166"
    },
    {
      "FeedId": "https://www.ksta.de/region/euskirchen-eifel",
      "ItemId": "https://www.ksta.de/917994",
      "Title": "Benefizkonzert: Zoe Wees überzeugte im Zülpicher Seepark mit sehr persönlichen Texten",
      "PublishDate": "2024-12-11T12:03:00+01:00",
      "Summary": "Nur von einem Gitarristen begleitet, kam die Stimme des Stars in Zülpich besonders gut zur Geltung. Newcomer Marc Atlas machte den Auftakt.",
      "Content": null,
      "Language": null,
      "Link": "https://www.ksta.de/region/euskirchen-eifel/zuelpich/zuelpich-zoe-wees-ueberzeugte-am-see-mit-persoenlichen-texten-917994"
    },
    {
      "FeedId": "https://www.ksta.de/region/euskirchen-eifel",
      "ItemId": "https://www.ksta.de/918105",
      "Title": "Song-Adventskalender: Vassil Svechtarov kritisiert Kommerz an Weihnachten",
      "PublishDate": "2024-12-11T10:05:00+01:00",
      "Summary": "Der Musiker möchte sich an den Feiertagen nicht berieseln lassen. Statt tausendfachen Wiederholungen von Liedern setzt er auf Inhalte.",
      "Content": null,
      "Language": null,
      "Link": "https://www.ksta.de/region/euskirchen-eifel/stadt-euskirchen/song-adventskalender-vassil-svechtarov-kritisiert-kommerz-918105"
    },
    {
      "FeedId": "https://www.ksta.de/region/euskirchen-eifel",
      "ItemId": "https://www.ksta.de/918029",
      "Title": "Umzug in den Osterferien: Grundschule Kall bleibt länger als geplant in den Containern",
      "PublishDate": "2024-12-11T08:03:00+01:00",
      "Summary": "Der Umzug der Kaller Grundschule wurde von den Weihnachts- auf die Osterferien verschoben. Danach muss noch das marode Dach saniert werden.",
      "Content": null,
      "Language": null,
      "Link": "https://www.ksta.de/region/euskirchen-eifel/kall/grundschule-kall-bleibt-laenger-als-geplant-in-den-containern-918029"
    },
    {
      "FeedId": "https://www.ksta.de/region/euskirchen-eifel",
      "ItemId": "https://www.ksta.de/917343",
      "Title": "Ambitionierter Zeitplan: Stadt Euskirchen will Waldfreibad 2026 wiedereröffnen",
      "PublishDate": "2024-12-11T06:03:00+01:00",
      "Summary": "2021 war das Freibad an der Steinbachtalsperre schwer beschädigt worden. Die Stadt Euskirchen bereitet den Umbau vor.",
      "Content": null,
      "Language": null,
      "Link": "https://www.ksta.de/region/euskirchen-eifel/stadt-euskirchen/stadt-euskirchen-will-waldfreibad-2026-wiedereroeffnen-917343"
    },
    {
      "FeedId": "https://www.ksta.de/region/euskirchen-eifel",
      "ItemId": "https://www.ksta.de/918190",
      "Title": "Massenkarambolage: Pkw stößt auf der L210 bei Euskirchen-Weidesheim mit Lkw zusammen",
      "PublishDate": "2024-12-10T18:49:16+01:00",
      "Summary": "In einen Unfall auf der L210 bei Euskirchen-Weidesheim sind insgesamt fünf Fahrzeuge verstrickt worden. Mehrere Menschen wurden verletzt. Die L210 ist noch gesperrt.",
      "Content": null,
      "Language": null,
      "Link": "https://www.ksta.de/region/euskirchen-eifel/stadt-euskirchen/massenkarambolage-auf-der-l210-bei-euskirchen-weidesheim-918190"
    },
    {
      "FeedId": "https://www.ksta.de/region/euskirchen-eifel",
      "ItemId": "https://www.ksta.de/917732",
      "Title": "Grube Toni: So schützen Naturschützer in Bad Münstereifel den Edelkrebs vor dem Aussterben",
      "PublishDate": "2024-12-10T16:03:00+01:00",
      "Summary": "Edelkrebse werden im Kreis Euskirchen in ihrem ursprünglichen Lebensraum angesiedelt. Die Tiere zeigen dabei eine Stärke, die die Fachwelt erstaunt.",
      "Content": null,
      "Language": null,
      "Link": "https://www.ksta.de/region/euskirchen-eifel/kreis-euskirchen/bad-muenstereifel-naturschuetzer-helfen-edelkrebsen-917732"
    },
    {
      "FeedId": "https://www.ksta.de/region/euskirchen-eifel",
      "ItemId": "https://www.ksta.de/917234",
      "Title": "Mit vielen Lichtern: Außenkrippe von Georg und Rosemarie in Olef lockt einige Besucher an",
      "PublishDate": "2024-12-10T11:55:00+01:00",
      "Summary": "Die Außenkrippe von Georg und Rosemarie Weber in ihrem Garten erfreut viele Besucher. Die Figuren aus Betonstein stammen aus dem französischen Banneux.",
      "Content": null,
      "Language": null,
      "Link": "https://www.ksta.de/region/euskirchen-eifel/schleiden-gemuend/aussenkrippe-von-georg-und-rosemarie-in-olef-lockt-einige-besucher-an-917234"
    },
    {
      "FeedId": "https://www.ksta.de/region/euskirchen-eifel",
      "ItemId": "https://www.ksta.de/917368",
      "Title": "Song-Adventskalender: DJ Paytric erinnert sich an Partys an Heiligabend",
      "PublishDate": "2024-12-10T10:01:00+01:00",
      "Summary": "DJ Paytric hört einen Klassiker der Weihnachtsmusik besonders gerne. Die Art Heiligabend zu feiern hat sich bei ihm stark verändert.",
      "Content": null,
      "Language": null,
      "Link": "https://www.ksta.de/region/euskirchen-eifel/mechernich/song-adventskalender-dj-paytric-hat-an-heiligabend-aufgelegt-917368"
    },
    {
      "FeedId": "https://www.ksta.de/region/euskirchen-eifel",
      "ItemId": "https://www.ksta.de/917328",
      "Title": "Fehlende Schilder auf Fahrradstraße: Im Auel in Euskirchen sind Autos eigentlich verboten",
      "PublishDate": "2024-12-10T07:25:00+01:00",
      "Summary": "Der Auel in Euskirchen ist eine Fahrradstraße, aber die Zusatzschilder fehlen, weshalb dort eigentlich keine Autos fahren dürfen.",
      "Content": null,
      "Language": null,
      "Link": "https://www.ksta.de/region/euskirchen-eifel/stadt-euskirchen/euskirchen-bei-der-fahrradstrasse-im-auel-fehlen-schilder-917328"
    },
    {
      "FeedId": "https://www.ksta.de/region/euskirchen-eifel",
      "ItemId": "https://www.ksta.de/917314",
      "Title": "Mittel werden erheblich gekürzt: Das Kommerner Freilichtmuseum setzt 2025 den Rotstift an",
      "PublishDate": "2024-12-10T05:55:00+01:00",
      "Summary": "Das Personal des Museums soll nach Möglichkeit gehalten werden, wenn die Großveranstaltungen wie erwartet gut besucht werden.",
      "Content": null,
      "Language": null,
      "Link": "https://www.ksta.de/region/euskirchen-eifel/mechernich/kommern-freilichtmuseum-setzt-2025-den-rotstift-an-917314"
    },
    {
      "FeedId": "https://www.ksta.de/region/euskirchen-eifel",
      "ItemId": "https://www.ksta.de/917300",
      "Title": "„Oase für die Seelen“: Aachener Bischof gratulierte zum Jubiläum der Communio in Mechernich",
      "PublishDate": "2024-12-10T04:05:00+01:00",
      "Summary": "Vor 40 Jahren gründete Mutter Marie Therese in Mechernich die Communio in Christo. Vertreter aus vielen Teilen der Welt feierten nun am Hauptsitz das Jubiläum.",
      "Content": null,
      "Language": null,
      "Link": "https://www.ksta.de/region/euskirchen-eifel/mechernich/aachener-bischof-gratulierte-der-communio-in-mechernich-917300"
    },
    {
      "FeedId": "https://www.ksta.de/region/euskirchen-eifel",
      "ItemId": "https://www.ksta.de/917235",
      "Title": "Typisierung für Leo: 362 Menschen machten in Mechernich den Speicheltest",
      "PublishDate": "2024-12-09T20:01:00+01:00",
      "Summary": "Die DKMS sucht einen Knochenmarkspender für den siebenjährigen Leo, der an Blutkrebs erkrankt ist. Die Hilfsgruppe Eifel unterstützt sie.",
      "Content": null,
      "Language": null,
      "Link": "https://www.ksta.de/region/euskirchen-eifel/mechernich/362-menschen-machten-in-mechernich-fuer-leo-den-speicheltest-917235"
    },
    {
      "FeedId": "https://www.ksta.de/region/euskirchen-eifel",
      "ItemId": "https://www.ksta.de/917250",
      "Title": "Kreisliga A: Der SV Sötenich wacht bei der SG Flamersheim/Kirchheim zu spät auf",
      "PublishDate": "2024-12-09T19:01:00+01:00",
      "Summary": "Zwei späte Tore in Mechernich sichern dem TSV Schönau noch einen Punkt. Die JSG Erft Euskirchen lässt Hellenthal keine Chance.",
      "Content": null,
      "Language": null,
      "Link": "https://www.ksta.de/region/euskirchen-eifel/euskirchen-lokalsport/kreisliga-a-der-sv-soetenich-wacht-in-flamersheim-zu-spaet-auf-917250"
    },
    {
      "FeedId": "https://www.ksta.de/region/euskirchen-eifel",
      "ItemId": "https://www.ksta.de/917229",
      "Title": "Mitsingkonzert: Kinderschutzbund Mechernich lud zum „Advänz für Pänz“",
      "PublishDate": "2024-12-09T18:30:00+01:00",
      "Summary": "Der „Advänz für Pänz“ ist ein beliebtes Event bei Mechernicher Familien.",
      "Content": null,
      "Language": null,
      "Link": "https://www.ksta.de/region/euskirchen-eifel/mechernich/mechernich-kinderschutzbund-lud-zum-mitsingen-ein-917229"
    },
    {
      "FeedId": "https://www.ksta.de/region/euskirchen-eifel",
      "ItemId": "https://www.ksta.de/917189",
      "Title": "Zwei Menschen schwer verletzt: Autofahrer fährt in Zingsheim in Fußgänger und Kinderwagen",
      "PublishDate": "2024-12-09T15:56:02+01:00",
      "Summary": "Bei einem Unfall in Nettersheim-Zingsheim sind zwei Menschen lebensbedrohlich verletzt worden. Ein Kleinkind überstand die Kollision unverletzt.",
      "Content": null,
      "Language": null,
      "Link": "https://www.ksta.de/region/euskirchen-eifel/nettersheim/nettersheim-zwei-menschen-bei-unfall-in-zingsheim-schwer-verletzt-917189"
    },
    {
      "FeedId": "https://www.ksta.de/region/euskirchen-eifel",
      "ItemId": "https://www.ksta.de/916470",
      "Title": "Jubiläumsausstellung: Euskirchener Modelleisenbahnbauer machen sich Sorgen um die Zukunft",
      "PublishDate": "2024-12-09T15:54:00+01:00",
      "Summary": "Jubiläumsausstellung in Euskirchen zeigte Vielfältigkeit des Hobbys. AG an der Euskirchener Gesamtschule soll Nachwuchs fördern.",
      "Content": null,
      "Language": null,
      "Link": "https://www.ksta.de/region/euskirchen-eifel/stadt-euskirchen/euskirchen-modelleisenbahnbauer-haben-nachwuchssorgen-916470"
    },
    {
      "FeedId": "https://www.ksta.de/region/euskirchen-eifel",
      "ItemId": "https://www.ksta.de/916545",
      "Title": "Handball-Oberliga: Der TV Palmersheim zündete gegen Aachen den Turbo erst spät",
      "PublishDate": "2024-12-09T14:46:50+01:00",
      "Summary": "Der TV Palmersheim hatte mit häufigem Unterzahlspiel zu kämpfen. Dafür war Jonas Rolands Leistung buchstäblich zum Niederknien.",
      "Content": null,
      "Language": null,
      "Link": "https://www.ksta.de/region/euskirchen-eifel/euskirchen-lokalsport/handball-palmersheim-zuendete-gegen-aachen-den-turbo-erst-spaet-916545"
    },
    {
      "FeedId": "https://www.ksta.de/region/euskirchen-eifel",
      "ItemId": "https://www.ksta.de/916297",
      "Title": "Song-Adventskalender: WDR4-Moderatorin Katia Franke liebt ein Weihnachtslied von ABBA",
      "PublishDate": "2024-12-09T11:54:00+01:00",
      "Summary": "Kinderstimmen berühren WDR-4-Moderatorin besonders. Aber auch „Last Christmas“ sei nicht schlecht.",
      "Content": null,
      "Language": null,
      "Link": "https://www.ksta.de/region/euskirchen-eifel/kall/katia-franke-hat-mehr-als-ein-lieblingsweihnachtslied-916297"
    },
    {
      "FeedId": "https://www.ksta.de/region/euskirchen-eifel",
      "ItemId": "https://www.ksta.de/916465",
      "Title": "Konzert: Neunjährige tanzt Hip-Hop zu Gitarren-Weihnachtsmusik in Euskirchen",
      "PublishDate": "2024-12-09T09:51:00+01:00",
      "Summary": "Schülerinnen und Schüler der Musikschule Euskirchen vom Vorschul- bis zum Rentenalter brachten das Publikum in Weihnachtsstimmung.",
      "Content": null,
      "Language": null,
      "Link": "https://www.ksta.de/region/euskirchen-eifel/stadt-euskirchen/euskirchen-hip-hop-tanz-ueberrascht-beim-weihnachtskonzert-916465"
    },
    {
      "FeedId": "https://www.ksta.de/region/euskirchen-eifel",
      "ItemId": "https://www.ksta.de/916559",
      "Title": "Geschwindigkeitskontrollen: Kommunen im Kreis Euskirchen würden gerne selbst blitzen",
      "PublishDate": "2024-12-09T08:05:00+01:00",
      "Summary": "Laut Deutschem Städte- und Gemeindebund können Kommunen mit mehr als 50.000 Einwohnern selbst Geschwindigkeitskontrollen übernehmen.",
      "Content": null,
      "Language": null,
      "Link": "https://www.ksta.de/region/euskirchen-eifel/kreis-euskirchen/kommunen-im-kreis-euskirchen-moechten-selbst-blitzen-916559"
    },
    {
      "FeedId": "https://www.ksta.de/region/euskirchen-eifel",
      "ItemId": "https://www.ksta.de/916420",
      "Title": "Problem nimmt zu: Kaller Bauhof kämpft gegen wilden Müll und Vandalismus",
      "PublishDate": "2024-12-09T08:04:00+01:00",
      "Summary": "In den vergangen sechs Jahren seien die Probleme mit wildem Müll und Vandalismus immer größer geworden, berichtet Bauhofleiter André Kaudel.",
      "Content": null,
      "Language": null,
      "Link": "https://www.ksta.de/region/euskirchen-eifel/kall/kall-wilder-muell-und-vandalismus-nehmen-zu-916420"
    },
    {
      "FeedId": "https://www.ksta.de/region/euskirchen-eifel",
      "ItemId": "https://www.ksta.de/916599",
      "Title": "Fußball-Bezirksliga: Ein Torwartfehler entscheidet das Derby zwischen Dahlem und Bessenich",
      "PublishDate": "2024-12-08T21:19:08+01:00",
      "Summary": "Bessenichs Schlussmann Eamonn Klein macht gegen Dahlem-Schmidtheim ein tolles Fußballspiel, greift kurz vor Schluss aber daneben.",
      "Content": null,
      "Language": null,
      "Link": "https://www.ksta.de/region/euskirchen-eifel/euskirchen-lokalsport/torwartfehler-entscheidet-das-derby-zwischen-dahlem-und-bessenich-916599"
    },
    {
      "FeedId": "https://www.ksta.de/region/euskirchen-eifel",
      "ItemId": "https://www.ksta.de/916631",
      "Title": "Fußball-Landesliga: David Sasse sieht „schlechteste Viertelstunde“ als Zülpicher Trainer",
      "PublishDate": "2024-12-08T21:05:55+01:00",
      "Summary": "Die Generalprobe des TuS Zülpich vor dem Pokalspiel gegen Viktoria Köln missglückt. Erftstadt-Lechenich präsentiert einen neuen Trainer.",
      "Content": null,
      "Language": null,
      "Link": "https://www.ksta.de/region/euskirchen-eifel/euskirchen-lokalsport/david-sasse-sieht-schlechteste-viertelstunde-als-zuelpich-coach-916631"
    },
    {
      "FeedId": "https://www.ksta.de/region/euskirchen-eifel",
      "ItemId": "https://www.ksta.de/916449",
      "Title": "Zweiter Advent: Der Krieg in Gaza war Thema auf dem Weihnachtsmarkt im Kloster Steinfeld",
      "PublishDate": "2024-12-08T18:03:00+01:00",
      "Summary": "Tausende Besucher strömten am zweiten Adventswochenende nach Steinfeld. Zwischen Weihnachtsmusik und Plätzchen ging es auch um ernste Themen.",
      "Content": null,
      "Language": null,
      "Link": "https://www.ksta.de/region/euskirchen-eifel/kall/steinfeld-auf-weihnachtsmarkt-war-auch-der-gaza-krieg-thema-916449"
    },
    {
      "FeedId": "https://www.ksta.de/region/euskirchen-eifel",
      "ItemId": "https://www.ksta.de/916415",
      "Title": "Ein Gloria zum Mitsingen: Höhner begeistern mit Weihnachtskonzert in Euskirchen",
      "PublishDate": "2024-12-08T16:05:00+01:00",
      "Summary": "Die Höhner-Weihnacht war zu Gast in Euskirchen und präsentierte sich mal rockig, mal besinnlich und immer unterhaltsam.",
      "Content": null,
      "Language": null,
      "Link": "https://www.ksta.de/region/euskirchen-eifel/stadt-euskirchen/euskirchen-hoehner-begeistern-mit-weihnachtskonzert-916415"
    },
    {
      "FeedId": "https://www.ksta.de/region/euskirchen-eifel",
      "ItemId": "https://www.ksta.de/915336",
      "Title": "Aufwendige Dachsanierung: Marder leistete an Hans-Verbeek-Schule in Euskirchen ganze Arbeit",
      "PublishDate": "2024-12-08T15:06:00+01:00",
      "Summary": "Mehr als 600.000 Euro muss der Kreis Euskirchen in die Förderschule investieren. Eigentlich wird sogar ein Neubau in Euskirchen präferiert.",
      "Content": null,
      "Language": null,
      "Link": "https://www.ksta.de/region/euskirchen-eifel/kreis-euskirchen/euskirchen-hans-verbeek-schule-muss-saniert-werden-915336"
    },
    {
      "FeedId": "https://www.ksta.de/region/euskirchen-eifel",
      "ItemId": "https://www.ksta.de/913902",
      "Title": "Streit ums Geld: Politiker im Kreis Euskirchen beraten über 532-Millionen-Euro-Paket",
      "PublishDate": "2024-12-08T12:16:00+01:00",
      "Summary": "Bürgermeister, Landrat und Politiker im Kreis Euskirchen streiten übers Geld. Doch sie sind ziemlich machtlos. Die Gründe für die Krise liegen woanders.",
      "Content": null,
      "Language": null,
      "Link": "https://www.ksta.de/region/euskirchen-eifel/kreis-euskirchen/politiker-im-kreis-euskirchen-beraten-ueber-532-millionen-euro-paket-913902"
    },
    {
      "FeedId": "https://www.ksta.de/region/euskirchen-eifel",
      "ItemId": "https://www.ksta.de/915402",
      "Title": "Umweltsünde wird beseitigt: Schwermetalle aus Mechernich noch in Rotterdam nachweisbar",
      "PublishDate": "2024-12-08T12:02:00+01:00",
      "Summary": "Das Wasser des Veybachs ist stark belastet. Nun einigten sich NRW-Ministerien und der Erftverband auf eine Aufbereitungsanlage.",
      "Content": null,
      "Language": null,
      "Link": "https://www.ksta.de/region/euskirchen-eifel/mechernich/mechernich-veybach-wasser-aus-burfeyer-stollen-wird-gereinigt-915402"
    },
    {
      "FeedId": "https://www.ksta.de/region/euskirchen-eifel",
      "ItemId": "https://www.ksta.de/915372",
      "Title": "Bad Münstereifel: Bauausschuss gibt grünes Licht für Sanierung des Eifelbad-Daches",
      "PublishDate": "2024-12-08T10:04:00+01:00",
      "Summary": "Aktuell ist das Eifelbad in Bad Münstereifel gesperrt, weil eine Akutmaßnahme am Dach nötig ist. Jetzt wurde eine Sanierung beschlossen.",
      "Content": null,
      "Language": null,
      "Link": "https://www.ksta.de/region/euskirchen-eifel/bad-muenstereifel/bad-muenstereifel-gruenes-licht-fuer-sanierung-des-eifelbad-daches-915372"
    },
    {
      "FeedId": "https://www.ksta.de/region/euskirchen-eifel",
      "ItemId": "https://www.ksta.de/915842",
      "Title": "Weilerswist: 80-Jähriger stürzt an Bahnübergang und wird von Zug erfasst und tödlich verletzt",
      "PublishDate": "2024-12-08T09:31:38+01:00",
      "Summary": "Ein Pedelecfahrer ist im Kreis Euskirchen nach einem Sturz an einem Bahnübergang ums Leben gekommen. Der Lokführer bekam vom Unglück offenbar nichts mit.",
      "Content": null,
      "Language": null,
      "Link": "https://www.ksta.de/region/euskirchen-eifel/weilerswist/weilerswist-80-jaehriger-nach-sturz-an-bahnuebergang-von-zug-erfasst-915842"
    },
    {
      "FeedId": "https://www.ksta.de/region/euskirchen-eifel",
      "ItemId": "https://www.ksta.de/915345",
      "Title": "Wasserstoff und autonomes Fahren: RVK steckt 91 Millionen Euro in ihre Mechernicher Projekte",
      "PublishDate": "2024-12-08T08:04:00+01:00",
      "Summary": "Die RVK baut eine Wasserstofftankstelle sowie ein Aus- und Weiterbildungszentrum auf ehemaligem Bundeswehrgelände in Mechernich.",
      "Content": null,
      "Language": null,
      "Link": "https://www.ksta.de/region/euskirchen-eifel/kreis-euskirchen/rvk-investiert-in-mechernich-91-millionen-euro-in-wasserstoff-915345"
    },
    {
      "FeedId": "https://www.ksta.de/region/euskirchen-eifel",
      "ItemId": "https://www.ksta.de/915210",
      "Title": "Song-Adventskalender: Junge Zülpicherin hat schon zwei Weihnachtssongs geschrieben",
      "PublishDate": "2024-12-07T13:59:00+01:00",
      "Summary": "Kira Grohs verrät in unserem siebten Teil des Song-Adventskalenders, warum ihre eigenen Weihnachtslieder nicht ihre liebsten sind.",
      "Content": null,
      "Language": null,
      "Link": "https://www.ksta.de/region/euskirchen-eifel/zuelpich/song-adventskalender-zuelpicherin-liebt-a-cappella-lied-915210"
    },
    {
      "FeedId": "https://www.ksta.de/region/euskirchen-eifel",
      "ItemId": "https://www.ksta.de/915253",
      "Title": "Handball-Vorschau: Der TV Palmersheim will Wiedergutmachung nach der Derby-Niederlage",
      "PublishDate": "2024-12-07T10:52:00+01:00",
      "Summary": "Die Männer der HSG Euskirchen fahren zum nächsten Derby nach Heimerzheim. Schlusslicht Zülpich empfängt Tabellenführer Oppum.",
      "Content": null,
      "Language": null,
      "Link": "https://www.ksta.de/region/euskirchen-eifel/euskirchen-lokalsport/handball-palmersheim-will-wiedergutmachung-nach-der-derby-pleite-915253"
    },
    {
      "FeedId": "https://www.ksta.de/region/euskirchen-eifel",
      "ItemId": "https://www.ksta.de/915346",
      "Title": "Traumazentrum schließt: Hilfsangebot für Flutbetroffene in Gemünd wird eingestellt",
      "PublishDate": "2024-12-07T08:05:00+01:00",
      "Summary": "Die Interkommunale Psychosoziale Unterstützung für Flutbetroffene in Gemünd wird zum Jahresende eingestellt. Das Pilotprojekt des Landes läuft aus.",
      "Content": null,
      "Language": null,
      "Link": "https://www.ksta.de/region/euskirchen-eifel/schleiden-gemuend/hilfsangebot-fuer-flutbetroffene-in-gemuend-wird-eingestellt-915346"
    },
    {
      "FeedId": "https://www.ksta.de/region/euskirchen-eifel",
      "ItemId": "https://www.ksta.de/915301",
      "Title": "82 Hektar stehen bereit: Stadt Schleiden will an drei Standorten Solarparks entwickeln",
      "PublishDate": "2024-12-06T18:54:45+01:00",
      "Summary": "Bei Broich und Harperscheid sowie zwischen Berescheid und Ettelscheid sind Freiflächenphotovoltaikanlagen geplant.",
      "Content": null,
      "Language": null,
      "Link": "https://www.ksta.de/region/euskirchen-eifel/schleiden-gemuend/in-schleiden-sollen-an-drei-standorten-solarparks-entstehen-915301"
    },
    {
      "FeedId": "https://www.ksta.de/region/euskirchen-eifel",
      "ItemId": "https://www.ksta.de/915127",
      "Title": "Prozess: Kampfmittelfunde erfunden – Marien-Hospital Euskirchen zahlte dennoch Millionen",
      "PublishDate": "2024-12-06T16:16:59+01:00",
      "Summary": "Im Prozess um mutmaßliche Millionenschäden der Stiftung Marien-Hospital Euskirchen gab es eine böse Überraschung für zwei Angeklagte.",
      "Content": null,
      "Language": null,
      "Link": "https://www.ksta.de/region/euskirchen-eifel/stadt-euskirchen/kampfmittelfund-erfunden-doch-marien-hospital-euskirchen-zahlte-915127"
    },
    {
      "FeedId": "https://www.ksta.de/region/euskirchen-eifel",
      "ItemId": "https://www.ksta.de/915213",
      "Title": "Fußball-Bezirksliga: Der SV Bessenich hofft auf die Rückkehr von Torjäger Moritz Abels",
      "PublishDate": "2024-12-06T15:38:38+01:00",
      "Summary": "Der SV Rhenania Bessenich tut sich vor allem gegen tief stehende Mannschaften enorm schwer. Das liegt auch an einem personellen Ausfall.",
      "Content": null,
      "Language": null,
      "Link": "https://www.ksta.de/region/euskirchen-eifel/euskirchen-lokalsport/bezirksliga-bessenich-hofft-auf-die-rueckkehr-von-moritz-abels-915213"
    },
    {
      "FeedId": "https://www.ksta.de/region/euskirchen-eifel",
      "ItemId": "https://www.ksta.de/915012",
      "Title": "Verwüstung: Euskirchener flüchtet vor Polizei und rast über Friedhof und mehrere Gräber",
      "PublishDate": "2024-12-06T14:40:00+01:00",
      "Summary": "Als die Euskirchener Polizei einen Autofahrer anhalten wollte, gab er Gas. Seine Fahrt endete auf dem Friedhof in Kreuzweingarten.",
      "Content": null,
      "Language": null,
      "Link": "https://www.ksta.de/region/euskirchen-eifel/stadt-euskirchen/euskirchener-fluechtet-vor-polizei-und-rast-ueber-friedhof-und-graeber-915012"
    },
    {
      "FeedId": "https://www.ksta.de/region/euskirchen-eifel",
      "ItemId": "https://www.ksta.de/914825",
      "Title": "Weihnachtsbrauch: Jeder dritte Tannenbaum kommt aus NRW – Öko-Alternativen gibt es auch in der Region",
      "PublishDate": "2024-12-06T12:46:06+01:00",
      "Summary": "Heiligabend rückt näher – und damit für viele auch die Frage: Welche Tanne wird es dieses Jahr? Ein Blick auf die Zahlen hinter dem Geschäft mit dem Weihnachtsbaum ",
      "Content": null,
      "Language": null,
      "Link": "https://www.ksta.de/politik/nrw-politik/nrw-jeder-dritte-tannenbaum-aus-der-region-oeko-alternativen-im-trend-914825"
    },
    {
      "FeedId": "https://www.ksta.de/region/euskirchen-eifel",
      "ItemId": "https://www.ksta.de/914830",
      "Title": "Adventskalender: John Lennon und Rolf Zuckowski dürfen auf Weihnachtsplaylist nicht fehlen",
      "PublishDate": "2024-12-06T12:05:00+01:00",
      "Summary": "Hinter dem 6. Türchen unseres Song-Adventskalenders verbergen sich zwei Klassiker der Weihnachtszeit.",
      "Content": null,
      "Language": null,
      "Link": "https://www.ksta.de/region/euskirchen-eifel/zuelpich/song-adventskalender-john-lennon-und-rolf-zuckowski-duerfen-nicht-fehlen-914830"
    },
    {
      "FeedId": "https://www.ksta.de/region/euskirchen-eifel",
      "ItemId": "https://www.ksta.de/914356",
      "Title": "Jugendfußball: A-Junioren der JSG Erft Euskirchen demontieren den Tabellenführer",
      "PublishDate": "2024-12-06T10:01:00+01:00",
      "Summary": "Die A-Junioren der JSG Erft Euskirchen gewinnen in der Bezirksliga mit 6:0. Die B-Junioren hingegen kassieren die nächste deutliche Pleite.",
      "Content": null,
      "Language": null,
      "Link": "https://www.ksta.de/region/euskirchen-eifel/euskirchen-lokalsport/a-junioren-der-jsg-erft-euskirchen-demontieren-den-tabellenfuehrer-914356"
    },
    {
      "FeedId": "https://www.ksta.de/region/euskirchen-eifel",
      "ItemId": "https://www.ksta.de/914353",
      "Title": "Geschirr für alle Anlässe: „Tischlein deck dich“ in Freilingen hat gut 7000 Teile im Bestand",
      "PublishDate": "2024-12-06T10:01:00+01:00",
      "Summary": "Gut für Umwelt: 259 Mal wurde der kostenlose Geschirrverleih „Tischlein deck dich“ in Freilingen seit 2021 genutzt.",
      "Content": null,
      "Language": null,
      "Link": "https://www.ksta.de/region/euskirchen-eifel/blankenheim/tischlein-deck-dich-in-freilingen-hat-gut-7000-teile-im-bestand-914353"
    },
    {
      "FeedId": "https://www.ksta.de/region/euskirchen-eifel",
      "ItemId": "https://www.ksta.de/914339",
      "Title": "Sparzwang: Bei diesen Projekten setzt der Kreis Euskirchen schon jetzt den Rotstift an",
      "PublishDate": "2024-12-06T07:34:00+01:00",
      "Summary": "Auf einige kleinere Projekte wird der Kreis Euskirchen künftig verzichtet, denn es muss gespart werden. Es soll auch Geld ausgegeben werden.",
      "Content": null,
      "Language": null,
      "Link": "https://www.ksta.de/region/euskirchen-eifel/kreis-euskirchen/sparzwang-bei-diesen-projekten-setzt-der-kreis-euskirchen-schon-jetzt-den-rotstift-an-914339"
    },
    {
      "FeedId": "https://www.ksta.de/region/euskirchen-eifel",
      "ItemId": "https://www.ksta.de/914308",
      "Title": "Fernkunde mit Drohnen: KI hilft bei der Forschung im Nationalpark Eifel",
      "PublishDate": "2024-12-06T05:55:00+01:00",
      "Summary": "Die Forschung im Nationalpark kann von Digitalisierung und Künstlicher Intelligenz profitieren.",
      "Content": null,
      "Language": null,
      "Link": "https://www.ksta.de/region/euskirchen-eifel/schleiden-gemuend/nationalpark-eifel-drohnen-und-ki-spielen-immer-wichtigere-rolle-914308"
    },
    {
      "FeedId": "https://www.ksta.de/region/euskirchen-eifel",
      "ItemId": "https://www.ksta.de/914528",
      "Title": "Prozess am Landgericht: Wie ein Trio Geld des Marien-Hospitals Euskirchen aufteilte",
      "PublishDate": "2024-12-05T19:35:39+01:00",
      "Summary": "Am Landgericht Bonn stand der nächste Verhandlungstag rund um den mutmaßlichen Millionen-Schaden bei der Stiftung Marien-Hospital Euskirchen.",
      "Content": null,
      "Language": null,
      "Link": "https://www.ksta.de/region/euskirchen-eifel/stadt-euskirchen/euskirchen-naechster-prozesstag-rund-um-das-marien-hospital-euskirchen-914528"
    },
    {
      "FeedId": "https://www.ksta.de/region/euskirchen-eifel",
      "ItemId": "https://www.ksta.de/914219",
      "Title": "Frauenfußball: Aufsteiger Zülpich feiert Kantersieg und die Herbstmeisterschaft",
      "PublishDate": "2024-12-05T18:04:00+01:00",
      "Summary": "Der TB-SV Füssenich-Geich springt in der Landesliga auf den zweiten Tabellenplatz, die SG Erfthöhen ist seit acht Spielen ungeschlagen.",
      "Content": null,
      "Language": null,
      "Link": "https://www.ksta.de/region/euskirchen-eifel/euskirchen-lokalsport/frauenfussball-tus-zuelpich-feiert-kantersieg-und-die-herbstmeisterschaft-914219"
    },
    {
      "FeedId": "https://www.ksta.de/region/euskirchen-eifel",
      "ItemId": "https://www.ksta.de/914194",
      "Title": "Heimatpreis: Die Gemeinde Hellenthal ehrt die Betreiber der Grube Wohlfahrt in Rescheid",
      "PublishDate": "2024-12-05T16:06:00+01:00",
      "Summary": "Tausende Stunden an ehrenamtlicher Arbeit leisten die Mitglieder des Heimatvereins Rescheid. Bürgermeister Westerburg zeichnete sie dafür aus.",
      "Content": null,
      "Language": null,
      "Link": "https://www.ksta.de/region/euskirchen-eifel/hellenthal/hellenthal-ehrung-fuer-die-betreiber-der-grube-wohlfahrt-in-rescheid-914194"
    },
    {
      "FeedId": "https://www.ksta.de/region/euskirchen-eifel",
      "ItemId": "https://www.ksta.de/913874",
      "Title": "Song-Adventskalender: Für die Band Spirit ist schon lange Weihnachten",
      "PublishDate": "2024-12-05T15:04:00+01:00",
      "Summary": "Hinter Türchen Nummer fünf unseres Song-Adventskalenders verbirgt sich die Sacro-Pop-Band Spirit, die sich schon lange auf Weihnachten vorbereitet.",
      "Content": null,
      "Language": null,
      "Link": "https://www.ksta.de/region/euskirchen-eifel/kreis-euskirchen/eifeler-band-bringt-weihnachts-cd-heraus-913874"
    },
    {
      "FeedId": "https://www.ksta.de/region/euskirchen-eifel",
      "ItemId": "https://www.ksta.de/913371",
      "Title": "Kurse in Euskirchen: So kann Yoga bei Depression und Angstzuständen helfen",
      "PublishDate": "2024-12-05T14:05:00+01:00",
      "Summary": "Stella Wolters bietet in der Alten Tuchfabrik in Euskirchen Yoga-Therapiestunden an. Die Übungen sind für alle Generationen geeignet.",
      "Content": null,
      "Language": null,
      "Link": "https://www.ksta.de/region/euskirchen-eifel/euskirchen-lokalsport/euskirchen-yoga-ist-auch-eine-therapiemoeglichkeit-bei-depression-913371"
    },
    {
      "FeedId": "https://www.ksta.de/region/euskirchen-eifel",
      "ItemId": "https://www.ksta.de/913335",
      "Title": "Bewerbung per Mail: SPD, FDP und Grüne in Kall suchen Kandidat für die Bürgermeisterwahl",
      "PublishDate": "2024-12-05T12:02:00+01:00",
      "Summary": "Eine „empathische und kompetente Persönlichkeit“ soll für SPD, FDP und Grüne in Kall bei der Bürgermeisterwahl ins Rennen gehen. Bewerber werden gesucht.",
      "Content": null,
      "Language": null,
      "Link": "https://www.ksta.de/region/euskirchen-eifel/kall/kall-spd-fdp-und-gruene-suchen-kandidat-fuer-buergermeisterwahl-913335"
    },
    {
      "FeedId": "https://www.ksta.de/region/euskirchen-eifel",
      "ItemId": "https://www.ksta.de/913550",
      "Title": "Heimbacher Kloster: Pfarrer bekommt nach Ausstrahlung von ARD-„Tatort“ kritische Nachrichten",
      "PublishDate": "2024-12-05T10:23:00+01:00",
      "Summary": "Im „Tatort“ wurde sexueller Missbrauch in der Katholischen Kirche thematisiert. Nach dem Dreh gab es jedoch nicht nur positive Rückmeldungen.",
      "Content": null,
      "Language": null,
      "Link": "https://www.ksta.de/region/euskirchen-eifel/kreis-euskirchen/kloster-in-heimbach-bot-kulisse-fuer-tatort-mit-wotan-wilke-moehring-913550"
    },
    {
      "FeedId": "https://www.ksta.de/region/euskirchen-eifel",
      "ItemId": "https://www.ksta.de/913428",
      "Title": "Nur eine Fahrt: Landwirte im Kreis Euskirchen haben Nase voll wegen hoher Auflagen für Lichterzüge",
      "PublishDate": "2024-12-05T10:22:00+01:00",
      "Summary": "Nur im Euskirchener Südkreis soll es in diesem Jahr eine Demo-Fahrt geben. Die führt am dritten Adventssamstag von Kall nach Schleiden.",
      "Content": null,
      "Language": null,
      "Link": "https://www.ksta.de/region/euskirchen-eifel/schleiden-gemuend/lichterzug-kreis-euskirchen-landwirte-haben-nase-voll-wegen-auflagen-913428"
    },
    {
      "FeedId": "https://www.ksta.de/region/euskirchen-eifel",
      "ItemId": "https://www.ksta.de/913420",
      "Title": "Angstraum für Reisende: Fußgängertunnel am Kaller Bahnhof soll endlich umgestaltet werden",
      "PublishDate": "2024-12-05T08:03:00+01:00",
      "Summary": "Die Umgestaltung des Fußgängertunnels am Kaller Bahnhof wird seit Jahren diskutiert. Die Hoffnungen liegen auf einem Treffen mit der Bahn AG im Januar.",
      "Content": null,
      "Language": null,
      "Link": "https://www.ksta.de/region/euskirchen-eifel/kall/fussgaengertunnel-am-kaller-bahnhof-soll-endlich-umgestaltet-werden-913420"
    },
    {
      "FeedId": "https://www.ksta.de/region/euskirchen-eifel",
      "ItemId": "https://www.ksta.de/913314",
      "Title": "Kampfsport: So bereitet Baker Barakat die Fight Night in Mechernich vor",
      "PublishDate": "2024-12-04T19:41:00+01:00",
      "Summary": "Baker Barakat veranstaltet in Mechernich am 14. Dezember eine Fight Night. Im Vorfeld werden alle erlaubten Trainingstricks genutzt.",
      "Content": null,
      "Language": null,
      "Link": "https://www.ksta.de/region/euskirchen-eifel/euskirchen-lokalsport/mecherich-kickboxer-baker-barakat-organisiert-fight-night-913314"
    },
    {
      "FeedId": "https://www.ksta.de/region/euskirchen-eifel",
      "ItemId": "https://www.ksta.de/913280",
      "Title": "Polit-Nachwuchs: Wie Dieter Bohlen: SPD im Kreis Euskirchen sucht „die nächste Kanzlerin“",
      "PublishDate": "2024-12-04T18:02:00+01:00",
      "Summary": "Mit den Karriereaussichten für die Teilnehmer hat es die SPD im Kreis Euskirchen vielleicht etwas übertrieben – aber die Aktion ist aller Ehren wert.",
      "Content": null,
      "Language": null,
      "Link": "https://www.ksta.de/region/euskirchen-eifel/kreis-euskirchen/spd-im-kreis-euskirchen-sucht-die-naechste-kanzlerin-913280"
    },
    {
      "FeedId": "https://www.ksta.de/region/euskirchen-eifel",
      "ItemId": "https://www.ksta.de/913211",
      "Title": "Planungen: Neue Brücke könnte mehr Platz in Bad Münstereifeler Schule schaffen",
      "PublishDate": "2024-12-04T15:37:52+01:00",
      "Summary": "Das St.-Michael-Gymnasium in Bad Münstereifel platzt aus allen Nähten. Doch eine Verbesserung der Lage kostet viel Geld und Zeit.",
      "Content": null,
      "Language": null,
      "Link": "https://www.ksta.de/region/euskirchen-eifel/bad-muenstereifel/bad-muenstereifel-neue-bruecke-und-mehr-raeume-fuer-gymnasium-geplant-913211"
    },
    {
      "FeedId": "https://www.ksta.de/region/euskirchen-eifel",
      "ItemId": "https://www.ksta.de/912505",
      "Title": "Musikkarriere: Von der Euskirchener Blue Mary Big Band auf die Bühnen in aller Welt",
      "PublishDate": "2024-12-04T12:17:00+01:00",
      "Summary": "Christian Golz lehrt an der Musikschule Euskirchen. Als E-Bassist von „Marley's Ghost“ widmet er sich dem Werk von Reggae-Ikone Bob Marley.",
      "Content": null,
      "Language": null,
      "Link": "https://www.ksta.de/region/euskirchen-eifel/stadt-euskirchen/euskirchener-musikschullehrer-musiziert-weltweit-in-studios-und-auf-buehnen-912505"
    },
    {
      "FeedId": "https://www.ksta.de/region/euskirchen-eifel",
      "ItemId": "https://www.ksta.de/912597",
      "Title": "Song-Adventskalender: Dominic Sanz tritt mit „3-Heit“ in seiner Heimat Freilingen auf",
      "PublishDate": "2024-12-04T10:02:00+01:00",
      "Summary": "Im vierten Türchen des Song-Adventskalenders erklärt „Söhne Mannheims“-Sänger Dominc Sanz, wie er gerne Schnee beschwören möchte.",
      "Content": null,
      "Language": null,
      "Link": "https://www.ksta.de/region/euskirchen-eifel/blankenheim/song-adventskalender-dominic-sanz-singt-im-heimatort-freilingen-912597"
    },
    {
      "FeedId": "https://www.ksta.de/region/euskirchen-eifel",
      "ItemId": "https://www.ksta.de/912532",
      "Title": "Machbarkeitsstudie: Im Goldenen Tal in Bad Münstereifel ist eine neue Grundschule möglich",
      "PublishDate": "2024-12-04T07:58:00+01:00",
      "Summary": "Die neue Grundschule von Bad Münstereifel soll im Hang zwischen den Tennisplätzen und der Sportwelt Schäfer entstehen. Die Kosten sind hoch.",
      "Content": null,
      "Language": null,
      "Link": "https://www.ksta.de/region/euskirchen-eifel/bad-muenstereifel/neue-grundschule-im-goldenen-tal-in-bad-muenstereifel-ist-moeglich-912532"
    },
    {
      "FeedId": "https://www.ksta.de/region/euskirchen-eifel",
      "ItemId": "https://www.ksta.de/912491",
      "Title": "Sondersitzung: Kreis Euskirchen steckt 219 Millionen Euro in die Zukunft der Berufskollegs",
      "PublishDate": "2024-12-04T06:03:00+01:00",
      "Summary": "Neubau an der Katzenhecke: In einer Sondersitzung entschied sich der Planungsausschuss des Kreistags für das ambitionierte Projekt.",
      "Content": null,
      "Language": null,
      "Link": "https://www.ksta.de/region/euskirchen-eifel/kreis-euskirchen/kreis-euskirchen-219-millionen-euro-fuer-kuenftige-berufskollegs-912491"
    },
    {
      "FeedId": "https://www.ksta.de/region/euskirchen-eifel",
      "ItemId": "https://www.ksta.de/909771",
      "Title": "Hilfe in der Not: Uli Wecker aus Bad Münstereifel rettet Leben seines 81-jährigen Nachbarn",
      "PublishDate": "2024-12-04T05:57:00+01:00",
      "Summary": "Der Bad Münstereifeler Uli Wecker hat seinen Nachbarn innerhalb weniger Wochen gleich zweimal aus einer misslichen Lage befreit.",
      "Content": null,
      "Language": null,
      "Link": "https://www.ksta.de/region/euskirchen-eifel/bad-muenstereifel/bad-muenstereifel-uli-wecker-rettet-leben-des-81-jaehrigen-nachbarn-1-909771"
    },
    {
      "FeedId": "https://www.ksta.de/region/euskirchen-eifel",
      "ItemId": "https://www.ksta.de/912580",
      "Title": "Gewerbegebiet Wißkirchen: Pläne für Autohof in Euskirchen sind vom Tisch",
      "PublishDate": "2024-12-03T19:05:00+01:00",
      "Summary": "Für den Autohof, der an der A1 vorgesehen war, hat sich kein Investor gefunden. Die Stadt Euskirchen ändert nun das Konzept für das Areal.",
      "Content": null,
      "Language": null,
      "Link": "https://www.ksta.de/region/euskirchen-eifel/stadt-euskirchen/plaene-fuer-autohof-bei-euskirchen-wisskirchen-sind-vom-tisch-912580"
    },
    {
      "FeedId": "https://www.ksta.de/region/euskirchen-eifel",
      "ItemId": "https://www.ksta.de/912288",
      "Title": "Kritik an Unternehmen: Weiter massive Beschwerden wegen des Glasfaserausbaus in Kall",
      "PublishDate": "2024-12-03T18:02:00+01:00",
      "Summary": "In Zusammenhang mit dem Glasfaserausbau in Kall gibt es weiter massive Beschwerden von Bürgern. Bürgermeister Hermann-Josef Esser kritisiert die Firmen.",
      "Content": null,
      "Language": null,
      "Link": "https://www.ksta.de/region/euskirchen-eifel/kall/weiter-beschwerden-wegen-des-glasfaserausbaus-in-kall-912288"
    },
    {
      "FeedId": "https://www.ksta.de/region/euskirchen-eifel",
      "ItemId": "https://www.ksta.de/512973",
      "Title": "Haushälfte oder Waldstück: Diese Grundstücke werden im Kreis Euskirchen und der Eifel zwangsversteigert",
      "PublishDate": "2024-12-03T16:34:00+01:00",
      "Summary": "Im Kreis Euskirchen werden derzeit diese acht Objekte zwangsweise versteigert.",
      "Content": null,
      "Language": null,
      "Link": "https://www.ksta.de/region/euskirchen-eifel/kreis-euskirchen/haus-kaufen-zwangsversteigerungen-im-kreis-euskirchen-6-512973"
    },
    {
      "FeedId": "https://www.ksta.de/region/euskirchen-eifel",
      "ItemId": "https://www.ksta.de/912303",
      "Title": "Weihnachtskonzert: Ü50-Blasorchester und die „Ahr Voices“ harmonierten in Kommern",
      "PublishDate": "2024-12-03T14:58:53+01:00",
      "Summary": "Das Blasorchester „Ü50 in concert“ und der Chor „Ahr Voices“ gaben in der Kommerner Bürgerhalle ein vorweihnachtliches Konzert.",
      "Content": null,
      "Language": null,
      "Link": "https://www.ksta.de/region/euskirchen-eifel/mechernich/kommern-ue50-blasorchester-und-die-ahr-voices-harmonierten-912303"
    },
    {
      "FeedId": "https://www.ksta.de/region/euskirchen-eifel",
      "ItemId": "https://www.ksta.de/911404",
      "Title": "Handball-Oberliga-Derby: Wölfe Voreifel lassen TV Palmersheim keine Chance",
      "PublishDate": "2024-12-03T14:01:00+01:00",
      "Summary": "Die Handballer des TV Palmersheim konnten die vielen verletzungsbedingten Ausfälle nicht kompensieren. Nach neun Minuten stand es schon 0:6.",
      "Content": null,
      "Language": null,
      "Link": "https://www.ksta.de/region/euskirchen-eifel/euskirchen-lokalsport/handball-woelfe-voreifel-lassen-tv-palmersheim-keine-chance-911404"
    },
    {
      "FeedId": "https://www.ksta.de/region/euskirchen-eifel",
      "ItemId": "https://www.ksta.de/911762",
      "Title": "Song-Adventskalender: Das Trio „Eu-Semble“ aus Euskirchen präsentiert drei Weihnachtslieder",
      "PublishDate": "2024-12-03T11:55:00+01:00",
      "Summary": "Die Sänger von „Eu-Semble“ stellen im dritten Türchen des Song-Adventskalenders ihre drei Lieblingsweihnachtslieder vor.",
      "Content": null,
      "Language": null,
      "Link": "https://www.ksta.de/region/euskirchen-eifel/stadt-euskirchen/song-adventskalender-eu-semble-hat-drei-lieblingsweihnachtslieder-911762"
    },
    {
      "FeedId": "https://www.ksta.de/region/euskirchen-eifel",
      "ItemId": "https://www.ksta.de/911545",
      "Title": "Gastronomie: Neues Café in Flamersheim: Bei den Hunden ist das Leberwursteis der Renner",
      "PublishDate": "2024-12-03T10:03:00+01:00",
      "Summary": "Mit Kaffee und Weinen, einem Baby-Café und Eis für Vierbeiner wartet „Kaffee und Korken“ in Flamersheim auf.",
      "Content": null,
      "Language": null,
      "Link": "https://www.ksta.de/region/euskirchen-eifel/stadt-euskirchen/neues-caf-in-flamersheim-hunde-lieben-das-leberwursteis-911545"
    }
  ]
}
