{
  "Id": "https://www.fernuni-hagen.de/universitaet/aktuelles/index.shtml",
  "Website": "https://www.fernuni-hagen.de/universitaet/aktuelles/index.shtml",
  "Title": "FernUniversität in Hagen - Aktuelles",
  "LastUpdatedTime": "2025-03-16T01:01:05+01:00",
  "Description": "Aktuelles",
  "Language": "de",
  "Items": [
    {
      "FeedId": "https://www.fernuni-hagen.de/universitaet/aktuelles/index.shtml",
      "ItemId": "https://www.fernuni-hagen.de/universitaet/aktuelles/2025/03/politischer-salon-jugend-und-politik.shtml",
      "Title": "Über Politik rappen und am Küchentisch sprechen",
      "PublishDate": "2025-03-14T00:00:00+01:00",
      "Summary": "Im vollbesetzten Jugendtheater Lutz geht es um Jugend und Politik, Jugend in der Politik und Politik für die Jugend.",
      "Content": null,
      "Language": "de",
      "Link": "https://www.fernuni-hagen.de/universitaet/aktuelles/2025/03/politischer-salon-jugend-und-politik.shtml"
    },
    {
      "FeedId": "https://www.fernuni-hagen.de/universitaet/aktuelles/index.shtml",
      "ItemId": "https://www.fernuni-hagen.de/universitaet/aktuelles/2025/03/am-wahl-prorektoren-2025.shtml",
      "Title": "Neue Prorektorin und neuer Prorektor für die FernUniversität in Hagen",
      "PublishDate": "2025-11-03T00:00:00+01:00",
      "Summary": "Am 10. März 2025 hat die Hochschulwahlversammlung der FernUniversität in Hagen eine neue Prorektorin und einen neuen Prorektor gewählt. Ihre Amtszeit beginnt am 1. April 2025.",
      "Content": null,
      "Language": "de",
      "Link": "https://www.fernuni-hagen.de/universitaet/aktuelles/2025/03/am-wahl-prorektoren-2025.shtml"
    },
    {
      "FeedId": "https://www.fernuni-hagen.de/universitaet/aktuelles/index.shtml",
      "ItemId": "https://www.fernuni-hagen.de/universitaet/aktuelles/2025/03/am-digitale-kultur-bericht-2024.shtml",
      "Title": "Im Web viel Neues: Nach dem Digital Services Act",
      "PublishDate": "2025-10-03T00:00:00+02:00",
      "Summary": "Der Forschungsschwerpunkt digitale_kultur sieht das neue EU-Gesetz als zentrales Ereignis. Warum es so wichtig ist – und was darüber hinaus ansteht, erklärt Thorben Mämecke.",
      "Content": null,
      "Language": "de",
      "Link": "https://www.fernuni-hagen.de/universitaet/aktuelles/2025/03/am-digitale-kultur-bericht-2024.shtml"
    },
    {
      "FeedId": "https://www.fernuni-hagen.de/universitaet/aktuelles/index.shtml",
      "ItemId": "https://www.fernuni-hagen.de/universitaet/aktuelles/2025/03/am-weiterbildung-schnell-anmelden.shtml",
      "Title": "Vorankommen mit passgenauer Weiterbildung",
      "PublishDate": "2025-06-03T00:00:00+02:00",
      "Summary": "Ein Studium muss nicht lange dauern: Die FernUni macht zahlreichen Branchen kompakte Weiterbildungsangebote. Interessierte können sich für viele davon noch „last minute“ anmelden.",
      "Content": null,
      "Language": "de",
      "Link": "https://www.fernuni-hagen.de/universitaet/aktuelles/2025/03/am-weiterbildung-schnell-anmelden.shtml"
    },
    {
      "FeedId": "https://www.fernuni-hagen.de/universitaet/aktuelles/index.shtml",
      "ItemId": "https://www.fernuni-hagen.de/universitaet/aktuelles/2025/03/juristische-praxis-hautnah-erleben.shtml",
      "Title": "Juristische Praxis hautnah erleben",
      "PublishDate": "2025-04-03T00:00:00+02:00",
      "Summary": "Die FernUni sucht auch in diesem Jahr wieder engagierte Studierende für den Soldan Moot Court 2025. Jetzt informieren und Teil des Teams werden.",
      "Content": null,
      "Language": "de",
      "Link": "https://www.fernuni-hagen.de/universitaet/aktuelles/2025/03/juristische-praxis-hautnah-erleben.shtml"
    },
    {
      "FeedId": "https://www.fernuni-hagen.de/universitaet/aktuelles/index.shtml",
      "ItemId": "https://www.fernuni-hagen.de/zielgruppen/lehrpreis.shtml",
      "Title": "FernUni-Lehrpreis 2025 – jetzt Vorschläge einreichen!",
      "PublishDate": "2025-03-03T00:00:00+01:00",
      "Summary": "Die FernUniversität schreibt auch in diesem Jahr einen Preis für vorbildliche Lehr-/Lernkonzepte aus. Lehrende und Studierende können Vorschläge für entsprechende Module machen.",
      "Content": null,
      "Language": "de",
      "Link": "https://www.fernuni-hagen.de/zielgruppen/lehrpreis.shtml"
    },
    {
      "FeedId": "https://www.fernuni-hagen.de/universitaet/aktuelles/index.shtml",
      "ItemId": "https://www.fernuni-hagen.de/universitaet/aktuelles/2025/03/kreative-spitzenleistungen-beim-postertag.shtml",
      "Title": "Kreative Spitzenleistungen beim Postertag",
      "PublishDate": "2025-03-03T00:00:00+01:00",
      "Summary": "Kreativ, fundiert, ausgezeichnet – beim Postertag an der FernUni präsentierten Studierende ihre Forschungsprojekte und bewiesen ihr Talent für Wissenschaftskommunikation.",
      "Content": null,
      "Language": "de",
      "Link": "https://www.fernuni-hagen.de/universitaet/aktuelles/2025/03/kreative-spitzenleistungen-beim-postertag.shtml"
    },
    {
      "FeedId": "https://www.fernuni-hagen.de/universitaet/aktuelles/index.shtml",
      "ItemId": "https://www.fernuni-hagen.de/universitaet/aktuelles/2025/02/rosenmontag-oeffnungszeiten.shtml",
      "Title": "Eingeschränkter Service am Rosenmontag",
      "PublishDate": "2025-02-25T00:00:00+01:00",
      "Summary": "Zum Höhepunkt der Karnevalszeit sind am 3. März einige Services der FernUni nicht ganztägig erreichbar. Das betrifft insbesondere Studierende.",
      "Content": null,
      "Language": "de",
      "Link": "https://www.fernuni-hagen.de/universitaet/aktuelles/2025/02/rosenmontag-oeffnungszeiten.shtml"
    },
    {
      "FeedId": "https://www.fernuni-hagen.de/universitaet/aktuelles/index.shtml",
      "ItemId": "https://www.fernuni-hagen.de/universitaet/aktuelles/2025/02/team-aus-fsp-eun-gewinnt-hochschulwettbewerb.shtml",
      "Title": "FernUni-Projekt gewinnt bei Hochschulwettbewerb 2025",
      "PublishDate": "2025-02-25T00:00:00+01:00",
      "Summary": "Junge Wissenschaftler:innen von der FernUniversität werden im Wissenschaftsjahr „Zukunftsenergie“ ausgezeichnet für die Kommunikationsidee „Chancengleichheit in der Energiewende”.",
      "Content": null,
      "Language": "de",
      "Link": "https://www.fernuni-hagen.de/universitaet/aktuelles/2025/02/team-aus-fsp-eun-gewinnt-hochschulwettbewerb.shtml"
    },
    {
      "FeedId": "https://www.fernuni-hagen.de/universitaet/aktuelles/index.shtml",
      "ItemId": "https://www.fernuni-hagen.de/universitaet/aktuelles/2025/02/ernennung-rektor-stuermer.shtml",
      "Title": "Ministerin Ina Brandes ernennt Stefan Stürmer zum Rektor der FernUniversität in Hagen",
      "PublishDate": "2025-02-25T00:00:00+01:00",
      "Summary": "Prof. Dr. Stefan Stürmer wurde am 5. Dezember 2024 zum neuen Rektor der FernUniversität gewählt. Heute (25.2.) erhielt er seine Ernennungsurkunde im NRW-Wissenschaftsministerium.",
      "Content": null,
      "Language": "de",
      "Link": "https://www.fernuni-hagen.de/universitaet/aktuelles/2025/02/ernennung-rektor-stuermer.shtml"
    }
  ]
}
