[
  {
    "itemId": "https://devblogs.microsoft.com/visualstudio/?p=251794",
    "raw": "<p>Ever felt frustrated with the search window cluttering your workspace? The latest feature in Visual Studio 2022 gives you more control over the behavior of the Code and Feature Search window, making your search experience smoother and more efficient. Some users have shared that the search window feels intrusive, interrupting your work by appearing mid-screen [&#8230;]</p>\n<p>The post <a href=\"https://devblogs.microsoft.com/visualstudio/dock-the-code-search-window-in-visual-studio-2022/\">Dock the Code Search window in Visual Studio 2022</a> appeared first on <a href=\"https://devblogs.microsoft.com/visualstudio\">Visual Studio Blog</a>.</p>\n",
    "sanitized": "Ever felt frustrated with the search window cluttering your workspace? The latest feature in Visual Studio 2022 gives you more control over the behavior of the Code and Feature Search window, making your search experience smoother and more efficient. Some users have shared that the search window feels intrusive, interrupting your work by appearing mid-screen […]\nThe post Dock the Code Search window in Visual Studio 2022 appeared first on Visual Studio Blog."
  },
  {
    "itemId": "https://devblogs.microsoft.com/visualstudio/?p=251839",
    "raw": "<p>Finding the exact line of code where an issue is occurring can be like searching for a needle in a haystack. Whether you are debugging an error on line 43 of a file or diving into a specific section of code, you can efficiently jump to the right places with this newest addition to Code [&#8230;]</p>\n<p>The post <a href=\"https://devblogs.microsoft.com/visualstudio/go-to-line-anywhere-with-code-search-for-visual-studio-2022/\">Go to line anywhere with Code Search for Visual Studio 2022</a> appeared first on <a href=\"https://devblogs.microsoft.com/visualstudio\">Visual Studio Blog</a>.</p>\n",
    "sanitized": "Finding the exact line of code where an issue is occurring can be like searching for a needle in a haystack. Whether you are debugging an error on line 43 of a file or diving into a specific section of code, you can efficiently jump to the right places with this newest addition to Code […]\nThe post Go to line anywhere with Code Search for Visual Studio 2022 appeared first on Visual Studio Blog."
  },
  {
    "itemId": "https://devblogs.microsoft.com/visualstudio/?p=251830",
    "raw": "<p>Visual Studio 2022&#8217;s Connected Services features are being updated to help you start secure. In the past, for example with Azure Storage, we’d inject the entire connection string into your configuration. With this update, we’ve removed the secrets from the UX – and from what we save to configuration – altogether. This means your code [&#8230;]</p>\n<p>The post <a href=\"https://devblogs.microsoft.com/visualstudio/connect-securely-to-your-azure-resources/\">Connect securely to your Azure resources</a> appeared first on <a href=\"https://devblogs.microsoft.com/visualstudio\">Visual Studio Blog</a>.</p>\n",
    "sanitized": "Visual Studio 2022’s Connected Services features are being updated to help you start secure. In the past, for example with Azure Storage, we’d inject the entire connection string into your configuration. With this update, we’ve removed the secrets from the UX – and from what we save to configuration – altogether. This means your code […]\nThe post Connect securely to your Azure resources appeared first on Visual Studio Blog."
  },
  {
    "itemId": "https://devblogs.microsoft.com/visualstudio/?p=251823",
    "raw": "<p>Visual Studio 2022 introduces a new feature to improve the security of publishing applications to Azure App Service. This feature is designed to disable Basic Authentication and enable integrated security for a more secure publishing process. Basic Authentication has been identified as a less secure method for managing app deployments. Visual Studio 2022 addresses this [&#8230;]</p>\n<p>The post <a href=\"https://devblogs.microsoft.com/visualstudio/security-updates-to-azure-publishing-from-visual-studio/\">Security updates to Azure publishing from Visual Studio</a> appeared first on <a href=\"https://devblogs.microsoft.com/visualstudio\">Visual Studio Blog</a>.</p>\n",
    "sanitized": "Visual Studio 2022 introduces a new feature to improve the security of publishing applications to Azure App Service. This feature is designed to disable Basic Authentication and enable integrated security for a more secure publishing process. Basic Authentication has been identified as a less secure method for managing app deployments. Visual Studio 2022 addresses this […]\nThe post Security updates to Azure publishing from Visual Studio appeared first on Visual Studio Blog."
  },
  {
    "itemId": "https://devblogs.microsoft.com/visualstudio/?p=251812",
    "raw": "<p>If you haven’t already heard, GitHub just announced Copilot Free! And great news: you can already start using Copilot Free right now in Visual Studio. It&#8217;s available now, and we&#8217;re putting the finishing touches on a more streamlined experience in January. We’re excited to bring these benefits to the entire Visual Studio family. With Copilot [&#8230;]</p>\n<p>The post <a href=\"https://devblogs.microsoft.com/visualstudio/github-copilot-free-is-here-in-visual-studio/\">GitHub Copilot Free is here in Visual Studio</a> appeared first on <a href=\"https://devblogs.microsoft.com/visualstudio\">Visual Studio Blog</a>.</p>\n",
    "sanitized": "If you haven’t already heard, GitHub just announced Copilot Free! And great news: you can already start using Copilot Free right now in Visual Studio. It’s available now, and we’re putting the finishing touches on a more streamlined experience in January. We’re excited to bring these benefits to the entire Visual Studio family. With Copilot […]\nThe post GitHub Copilot Free is here in Visual Studio appeared first on Visual Studio Blog."
  },
  {
    "itemId": "https://devblogs.microsoft.com/visualstudio/?p=251787",
    "raw": "<p>Are you tired of having to repeatedly launch the Find window in Visual Studio to update your search results? Whether you&#8217;ve just refactored some code or pulled recent changes, having to redo a search to get updated results is no longer necessary. With the new refresh option, you can now update your Find results without [&#8230;]</p>\n<p>The post <a href=\"https://devblogs.microsoft.com/visualstudio/refresh-your-find-results/\">Refresh your Find results</a> appeared first on <a href=\"https://devblogs.microsoft.com/visualstudio\">Visual Studio Blog</a>.</p>\n",
    "sanitized": "Are you tired of having to repeatedly launch the Find window in Visual Studio to update your search results? Whether you’ve just refactored some code or pulled recent changes, having to redo a search to get updated results is no longer necessary. With the new refresh option, you can now update your Find results without […]\nThe post Refresh your Find results appeared first on Visual Studio Blog."
  },
  {
    "itemId": "https://devblogs.microsoft.com/visualstudio/?p=251783",
    "raw": "<p>Visual Studio 2022 now includes support for creating internal repositories for GitHub organizations. This feature allows developers to work within their GitHub organization&#8217;s guidelines within the Visual Studio environment more effectively. Managing repositories involves configuring varying levels of visibility and permissions. Visual Studio 2022’s new feature aims to smooth this process by providing support for [&#8230;]</p>\n<p>The post <a href=\"https://devblogs.microsoft.com/visualstudio/create-internal-github-repos-for-your-team/\">Create internal GitHub repos for your team</a> appeared first on <a href=\"https://devblogs.microsoft.com/visualstudio\">Visual Studio Blog</a>.</p>\n",
    "sanitized": "Visual Studio 2022 now includes support for creating internal repositories for GitHub organizations. This feature allows developers to work within their GitHub organization’s guidelines within the Visual Studio environment more effectively. Managing repositories involves configuring varying levels of visibility and permissions. Visual Studio 2022’s new feature aims to smooth this process by providing support for […]\nThe post Create internal GitHub repos for your team appeared first on Visual Studio Blog."
  },
  {
    "itemId": "https://devblogs.microsoft.com/visualstudio/?p=251755",
    "raw": "<p>Have you ever renamed a file in Solution Explorer and wondered if Git is tracking your changes correctly? You&#8217;re not alone. Many developers have found this process confusing and worry whether their changes are being properly staged in Git. But worry no more &#8211; there&#8217;s a solution! When you rename files in Solution Explorer, Visual [&#8230;]</p>\n<p>The post <a href=\"https://devblogs.microsoft.com/visualstudio/boost-your-git-confidence-with-the-new-file-rename-notification/\">Boost your Git confidence with the new file rename notification</a> appeared first on <a href=\"https://devblogs.microsoft.com/visualstudio\">Visual Studio Blog</a>.</p>\n",
    "sanitized": "Have you ever renamed a file in Solution Explorer and wondered if Git is tracking your changes correctly? You’re not alone. Many developers have found this process confusing and worry whether their changes are being properly staged in Git. But worry no more – there’s a solution! When you rename files in Solution Explorer, Visual […]\nThe post Boost your Git confidence with the new file rename notification appeared first on Visual Studio Blog."
  },
  {
    "itemId": "https://devblogs.microsoft.com/visualstudio/?p=251750",
    "raw": "<p>Struggling with complex deployment processes for your serverless applications? Visual Studio 2022 introduces a seamless solution with the new Azure Functions Flex Consumption hosting plan, now generally available. Imagine a world where deploying your serverless applications to a hosting plan that supports fast scaling and VNet is as simple as a right-click. With the Azure [&#8230;]</p>\n<p>The post <a href=\"https://devblogs.microsoft.com/visualstudio/effortless-publishing-with-azure-functions-flex-consumption/\">Effortless publishing with Azure Functions Flex Consumption</a> appeared first on <a href=\"https://devblogs.microsoft.com/visualstudio\">Visual Studio Blog</a>.</p>\n",
    "sanitized": "Struggling with complex deployment processes for your serverless applications? Visual Studio 2022 introduces a seamless solution with the new Azure Functions Flex Consumption hosting plan, now generally available. Imagine a world where deploying your serverless applications to a hosting plan that supports fast scaling and VNet is as simple as a right-click. With the Azure […]\nThe post Effortless publishing with Azure Functions Flex Consumption appeared first on Visual Studio Blog."
  },
  {
    "itemId": "https://devblogs.microsoft.com/visualstudio/?p=251739",
    "raw": "<p>Are you tired of the cumbersome process involved in publishing your .NET console applications to Azure WebJobs on Linux? For developers yearning for a seamless and efficient method to deploy their applications, Visual Studio 2022 introduces a much-anticipated solution. Visual Studio 2022 now supports right-click publishing to Azure WebJobs on Linux, making the deployment process [&#8230;]</p>\n<p>The post <a href=\"https://devblogs.microsoft.com/visualstudio/effortless-publishing-to-azure-webjobs-on-linux/\">Effortless publishing to Azure WebJobs on Linux</a> appeared first on <a href=\"https://devblogs.microsoft.com/visualstudio\">Visual Studio Blog</a>.</p>\n",
    "sanitized": "Are you tired of the cumbersome process involved in publishing your .NET console applications to Azure WebJobs on Linux? For developers yearning for a seamless and efficient method to deploy their applications, Visual Studio 2022 introduces a much-anticipated solution. Visual Studio 2022 now supports right-click publishing to Azure WebJobs on Linux, making the deployment process […]\nThe post Effortless publishing to Azure WebJobs on Linux appeared first on Visual Studio Blog."
  }
]
