{
  "raw__": "Der US-Hersteller Tesla sucht derzeit mit dem indischen Immobilienunternehmen DLF nach einem Showroom in Neu-Delhi. \nDer Beitrag Plant Tesla wieder Investitionen in Indien? erschien zuerst auf Elektroauto-News.net.\n---\nhttps://www.elektroauto-news.net/news/plant-tesla-investitionen-in-indien",
  "split": "Plant Tesla wieder Investitionen in Indien?\n\nDer US-Hersteller Tesla sucht derzeit mit dem indischen Immobilienunternehmen DLF nach einem Showroom in Neu-Delhi. ...\n---\nhttps://www.elektroauto-news.net/news/plant-tesla-investitionen-in-indien"
}
