Merz zur Ukraine: "Der Weg in die NATO ist unumkehrbar"

CDU-Chef Merz pocht in den tagesthemen auf eine gemeinsame europäische Strategie bei der Unterstützung der Ukraine. Und er will, dass deutsche Waffen auch auf russischem Territorium gegen militärische Ziele zum Einsatz kommen dürfen.
---
https://www.tagesschau.de/ausland/europa/merz-tagesthemen-ukraine-100.html
