„Wir stehen erst am Anfang“: Warum der Krieg zwischen Iran und Israel einen Flächenbrand auslösen könnte

Der Konflikt zwischen Israel und Iran eskaliert weiter ohne Deeskalation. In Israel kommen durch Raketenangriffe erneut Menschen ums Leben.
---
https://www.businessinsider.de/politik/wir-stehen-erst-am-anfang-warum-der-krieg-zwischen-iran-und-israel-einen-flaechenbrand-ausloesen-koennte/?tpcc=offsite_rss
