nextnews: neuer fairer Ladetarif, Gutachter von Tesla-Autopilot geschockt, IAA-Report, BYD, Xiaomi

Northvolt in Not: Europas Hoffnungsträger kämpft um seine Zukunft Northvolt, einst als Vorreiter der europäischen Batterieproduktion gefeiert, steckt in ernsten ...
---
https://nextmove.de/nextnews-neuer-fairer-ladetarif-gutachter-von-tesla-autopilot-geschockt-iaa-report-byd-xiaomi/
