{
  "raw__": "PV-Anlage mit 6 Modulen und Hoymiles Micro-Wechselrichtern auf den Carport gebaut\n\nIm April 2022 hatte ich unsere PV-Anlage auf knappe 22kWp erweitert, da wurde unser EFH zum Plusenergiehaus. Seither hat sich nichts mehr getan, bis zur nächsten Idee Anfang 2024. Denn auf der Ostseite des Carports hatte ich schon 2020 PV-Module angebracht, warum nicht auch auf der Westseite? Durch die Verschattung des Wohnhauses, hatte ich damals […]\nDer Beitrag PV-Anlage mit...\n---\nhttps://technikblog.ch/2024/04/pv-anlage-mit-6-modulen-und-hoymiles-micro-wechselrichtern-auf-den-carport-gebaut/",
  "split": "PV-Anlage mit 6 Modulen und Hoymiles Micro-Wechselrichtern auf den Carport gebaut\n\nIm April 2022 hatte ich unsere PV-Anlage auf knappe 22kWp erweitert, da wurde unser EFH zum Plusenergiehaus. Seither hat sich nichts mehr getan, bis zur nächsten Idee Anfang 2024. Denn auf der Ostseite des Carports hatte ich schon 2020 PV-Module angebracht, warum nicht auch auf der Westseite? Durch die Verschattung des Wohnhauses, hatte ich damals ...\n---\nhttps://technikblog.ch/2024/04/pv-anlage-mit-6-modulen-und-hoymiles-micro-wechselrichtern-auf-den-carport-gebaut/"
}
