Joby und Virgin Atlantic wollen Flugtaxis im Großraum London anbieten

In Ballungsgebieten könnten senkrecht startende Elektroflieger keine Fiktion bleiben. Beim neuesten Versuch sollen Ziele und Reichweite stimmen.
---
https://www.heise.de/news/Joby-und-Virgin-Atlantic-wollen-Flugtaxis-im-Grossraum-London-anbieten-10317321.html?wt_mc=rss.red.ho.ho.atom.beitrag.beitrag
