NEOS steigt aus Koalitionsverhandlungen aus

NEOS hat am Freitag in einer überraschend angesetzten Pressekonferenz das Ende der Koalitionsgespräche mit ÖVP und SPÖ verkündet. In einer ausführlichen Rede begründete Parteichefin Beate Meinl-Reisinger den Schritt mit mangelndem Reformwillen bei den Verhandlungspartnern ÖVP und SPÖ. Es seien „keine relevanten Fortschritte, sondern viel mehr Rückschritte“ in den Gesprächen erzielt worden.
---
https://orf.at/stories/3380630/
