{
  "raw__": "„Die Depression killt noch unsere Beziehung“. sagte der Mann im Coaching.\n\nErfahren Sie, wie Sie mit einer Depression in der Beziehung umgehen können: Wenn Mitgefühl zur Falle wird. Wie Depression anstecken kann. Betrachten Sie die Depression als den schwarzen Hund. Warum wohlwollende Beharrlichkeit besser ist als Schonung. Ralph, 35 Jahre, Verkäufer in einem großen Autohaus. kommt über eine Empfehlung in mein 3-h-Coaching. Er wirkt angespannt und […]\nDer Bei...\n---\nhttps://www.persoenlichkeits-blog.de/article/120886/depression-beziehung?utm_source=rss&utm_medium=rss&utm_campaign=depression-beziehung",
  "split": "„Die Depression killt noch unsere Beziehung“. sagte der Mann im Coaching.\n\nErfahren Sie, wie Sie mit einer Depression in der Beziehung umgehen können: Wenn Mitgefühl zur Falle wird. Wie Depression anstecken kann. Betrachten Sie die Depression als den schwarzen Hund. Warum wohlwollende Beharrlichkeit besser ist als Schonung. Ralph, 35 Jahre, Verkäufer in einem großen Autohaus. kommt über eine Empfehlung in mein 3-h-Coaching. Er wirkt angespannt und ...\n---\nhttps://www.persoenlichkeits-blog.de/article/120886/depression-beziehung?utm_source=rss&utm_medium=rss&utm_campaign=depression-beziehung"
}
