{
  "raw__": "AMAG: Transformation eines Automobilunternehmens\n\nIch durfte letzte Woche an der Jahrespressekonferenz der AMAG teilnehmen und war besonders gespannt auf die beiden Themen «Elektromobilität und Energie-gewinnung» der neuen Business Unit «AMAG Energy & Mobility», sowie «Synthetische Treibstoffe – Stand und Bedeutung für die Zukunft» von Synhelion. Ich habe diese PR-Konferenz zum Anlass genommen etwas zum Automarkt Schweiz 2022 und der […]\nDer Beitrag AMAG: Tra...\n---\nhttps://technikblog.ch/2023/01/amag-transformation-eines-automobilunternehmens/",
  "split": "AMAG: Transformation eines Automobilunternehmens\n\nIch durfte letzte Woche an der Jahrespressekonferenz der AMAG teilnehmen und war besonders gespannt auf die beiden Themen «Elektromobilität und Energie-gewinnung» der neuen Business Unit «AMAG Energy & Mobility», sowie «Synthetische Treibstoffe – Stand und Bedeutung für die Zukunft» von Synhelion. Ich habe diese PR-Konferenz zum Anlass genommen etwas zum Automarkt Schweiz 2022 und der ...\n---\nhttps://technikblog.ch/2023/01/amag-transformation-eines-automobilunternehmens/"
}
