{
  "raw__": "Updates for C++ developers in Visual Studio 2022 17.12\n\nVisual Studio 17.12 is here and comes with a host of new features for C++ developers. We’ve made improvements across our toolchain, C++ Build Insights, Unreal Engine support, and more. This post gives a quick overview of what’s available; for all the details, see What’s New for C++ Developers in Visual Studio 2022 17.12 on […]\nThe post Updates for C++ developers in Visual Studio 2022 17.12 appeared first o...\n---\nhttps://devblogs.microsoft.com/visualstudio/updates-for-c-developers-in-visual-studio-2022-17-12/",
  "split": "Updates for C++ developers in Visual Studio 2022 17.12\n\nVisual Studio 17.12 is here and comes with a host of new features for C++ developers. We’ve made improvements across our toolchain, C++ Build Insights, Unreal Engine support, and more. This post gives a quick overview of what’s available; for all the details, see What’s New for C++ Developers in Visual Studio 2022 17.12 on ...\n---\nhttps://devblogs.microsoft.com/visualstudio/updates-for-c-developers-in-visual-studio-2022-17-12/"
}
