{
  "raw__": "Northvolt files for Chapter 11 Bankruptcy Protection\n\nNorthvolt AB, a Swedish battery maker, filed for Chapter 11 bankruptcy protection in the United States on Thursday, November 21, 2024. The Swedish company hasn’t given up yet. According to its press release, Northvolt hopes its Chapter 11 reorganization filing will enable it to restructure its debt, appropriately scale its business to meet customer needs […]\nThe post Northvolt files for Chapter 11 Bankruptcy...\n---\nhttps://www.teslarati.com/northvolt-bankruptcy-chapter-11/",
  "split": "Northvolt files for Chapter 11 Bankruptcy Protection\n\nNorthvolt AB, a Swedish battery maker, filed for Chapter 11 bankruptcy protection in the United States on Thursday, November 21, 2024. The Swedish company hasn’t given up yet. According to its press release, Northvolt hopes its Chapter 11 reorganization filing will enable it to restructure its debt, appropriately scale its business to meet customer needs ...\n---\nhttps://www.teslarati.com/northvolt-bankruptcy-chapter-11/"
}
