{
  "raw__": "Solltet ihr Probleme im Zusammenhang mit der Bezahlmethode Google Wallet und PayPal haben, so seid ihr nicht alleine. Mittlerweile sind ein paar Mails eingetrudelt, die von diesem Problem berichten. Einer unserer Leser schildert wie folgt: „Sowohl bei meiner Frau als...Zum Beitrag: Google Wallet und PayPal: Nutzer melden Störungen\n\nZum Blog: Caschys Blog\n\n\nDu kannst uns mit jedem deiner Käufe über Amazon unters...\n---\nhttps://stadt-bremerhaven.de/google-wallet-und-paypal-nutzer-melden-stoerungen/",
  "split": "Google Wallet und PayPal: Nutzer melden Störungen\n\nSolltet ihr Probleme im Zusammenhang mit der Bezahlmethode Google Wallet und PayPal haben, so seid ihr nicht alleine. Mittlerweile sind ein paar Mails eingetrudelt, die von diesem Problem berichten. Einer unserer Leser schildert wie folgt: „Sowohl bei meiner Frau als...\n---\nhttps://stadt-bremerhaven.de/google-wallet-und-paypal-nutzer-melden-stoerungen/"
}
