{
  "raw__": "VW ID.Buzz vorgestellt: Hier sind alle Daten im Überblick\n\nDarauf habe ich und zahlreiche andere Fans des VW Bus lange gewartet: Die offizielle Vorstellung des ID. Buzz. Vor 4 Jahren sass ich in der Design-Studie am Autosalon in Genf, jetzt kommt der Buzz diesen Herbst auf den Markt. Der vollelektrische Bulli rollt zeitgleich als ID. Buzz (Fünfsitzer) und ID. Buzz Cargo (Transporter) vom Band. Das wichtigste hier in […]\nDer Beitrag VW ID.Buzz vorgestellt: Hier ...\n---\nhttps://technikblog.ch/2022/03/vw-id-buzz-vorgestellt-hier-sind-alle-daten-im-ueberblick/",
  "split": "VW ID.Buzz vorgestellt: Hier sind alle Daten im Überblick\n\nDarauf habe ich und zahlreiche andere Fans des VW Bus lange gewartet: Die offizielle Vorstellung des ID. Buzz. Vor 4 Jahren sass ich in der Design-Studie am Autosalon in Genf, jetzt kommt der Buzz diesen Herbst auf den Markt. Der vollelektrische Bulli rollt zeitgleich als ID. Buzz (Fünfsitzer) und ID. Buzz Cargo (Transporter) vom Band. Das wichtigste hier in ...\n---\nhttps://technikblog.ch/2022/03/vw-id-buzz-vorgestellt-hier-sind-alle-daten-im-ueberblick/"
}
