[
  {
    "itemId": "ErBCG6pjFVsR47G8xCGt7G",
    "raw": " Seagate recently sold one exabyte’s worth of HAMR HDDs to two of the world's largest tech companies. ",
    "sanitized": "Seagate recently sold one exabyte’s worth of HAMR HDDs to two of the world's largest tech companies."
  },
  {
    "itemId": "rYz2pnMUyqySnrtfTob6V3",
    "raw": " I'll forever love gaming on PC, but if the GPU market doesn't see a significant shift any time soon, I can't recommend it to console-only gamers. ",
    "sanitized": "I'll forever love gaming on PC, but if the GPU market doesn't see a significant shift any time soon, I can't recommend it to console-only gamers."
  },
  {
    "itemId": "RXHtQaLVYUHoehea8fdqVb",
    "raw": " The Pixel 9a is expected to have similar internal specs to the Pixel 9, though performance may vary. ",
    "sanitized": "The Pixel 9a is expected to have similar internal specs to the Pixel 9, though performance may vary."
  },
  {
    "itemId": "6mDFWJ8WHNaAYE8Ca8dr5E",
    "raw": " Looking for NYT Connections answers and hints? Here's all you need to know to solve today's game, plus my commentary on the puzzles. ",
    "sanitized": "Looking for NYT Connections answers and hints? Here's all you need to know to solve today's game, plus my commentary on the puzzles."
  },
  {
    "itemId": "c7kCKUtBMTfV5AHv3pLY28",
    "raw": " Looking for Quordle clues? We can help. Plus get the answers to Quordle today and past solutions. ",
    "sanitized": "Looking for Quordle clues? We can help. Plus get the answers to Quordle today and past solutions."
  },
  {
    "itemId": "FxE38WkvZGKfMrVsMK6KQR",
    "raw": " Looking for NYT Strands answers and hints? Here's all you need to know to solve today's game, including the spangram. ",
    "sanitized": "Looking for NYT Strands answers and hints? Here's all you need to know to solve today's game, including the spangram."
  },
  {
    "itemId": "Je3sRJM2i5pL55TtqgsVFB",
    "raw": " Newfold Digital, parent company of Bluehost and HostGator, is moving over to Oracle Cloud. ",
    "sanitized": "Newfold Digital, parent company of Bluehost and HostGator, is moving over to Oracle Cloud."
  },
  {
    "itemId": "vLAcyh5jDztU69xavt2LXi",
    "raw": " I'm not a morning person, but this one tool could make waking up less of a chore. ",
    "sanitized": "I'm not a morning person, but this one tool could make waking up less of a chore."
  },
  {
    "itemId": "okawA5qtoJAFK8BUcaBr9h",
    "raw": " Despite recognizing AI's potential, many finance leaders still proceed with caution in adopting AI. ",
    "sanitized": "Despite recognizing AI's potential, many finance leaders still proceed with caution in adopting AI."
  },
  {
    "itemId": "NTmN89zwzNaWJ3KiPBXwHA",
    "raw": " Asus is making a Fragrance Mouse with an essential oil compartment that'll be available to buy soon– and it could actually be a stress-busting idea, for some. ",
    "sanitized": "Asus is making a Fragrance Mouse with an essential oil compartment that'll be available to buy soon– and it could actually be a stress-busting idea, for some."
  },
  {
    "itemId": "zF3jmCjHQzp3gmzpBUBhHG",
    "raw": " We've got some more dummy units to pore over, and they show the same redesigns as earlier leaks. ",
    "sanitized": "We've got some more dummy units to pore over, and they show the same redesigns as earlier leaks."
  },
  {
    "itemId": "nurQW6cs8ND8KHdDdSEc4e",
    "raw": " Thought hi-res audio was all a terrible lie? Not anymore you won't – just try Campfire Audio's Clara.  ",
    "sanitized": "Thought hi-res audio was all a terrible lie? Not anymore you won't – just try Campfire Audio's Clara."
  },
  {
    "itemId": "B5vrg5wuNC6ZZ9BfriyJ7X",
    "raw": " EIZO FlexScan FLT display consumes less power than an average electric bulb. ",
    "sanitized": "EIZO FlexScan FLT display consumes less power than an average electric bulb."
  },
  {
    "itemId": "dHcKVa7YTwEhtFzz7YCiHJ",
    "raw": " Alien: Earth is arriving in mid-2025. Here's everything we know so far about the sci-fi franchise's first foray onto the small screen. ",
    "sanitized": "Alien: Earth is arriving in mid-2025. Here's everything we know so far about the sci-fi franchise's first foray onto the small screen."
  },
  {
    "itemId": "NJYez6PmcNQGX9druwo3Th",
    "raw": " Generative AI enhances cybersecurity but faces challenges like siloed data, phishing threats, and a talent gap. ",
    "sanitized": "Generative AI enhances cybersecurity but faces challenges like siloed data, phishing threats, and a talent gap."
  },
  {
    "itemId": "gVH9Tee5L9wGgEdPqXZmRm",
    "raw": " Looking for Wordle hints? I can help. Plus get the answers to Wordle today and yesterday. ",
    "sanitized": "Looking for Wordle hints? I can help. Plus get the answers to Wordle today and yesterday."
  },
  {
    "itemId": "BgkU3chTb8tN42QMpPrShk",
    "raw": " Here's everything we know about Bridgerton season 4, which officially began filming in September 2024, ahead of the hit Netflix show's return. ",
    "sanitized": "Here's everything we know about Bridgerton season 4, which officially began filming in September 2024, ahead of the hit Netflix show's return."
  },
  {
    "itemId": "o4RQWViWFZCYEb68BrqKeW",
    "raw": " Akash Systems' Diamond Cooled servers uses synthetic diamonds for unparalleled GPU cooling. ",
    "sanitized": "Akash Systems' Diamond Cooled servers uses synthetic diamonds for unparalleled GPU cooling."
  },
  {
    "itemId": "2S6MGoeMYBNM3RAxYPw3om",
    "raw": " Here’s what we know about Euphoria season 3, which is finally officially in production – three years after it was renewed. ",
    "sanitized": "Here’s what we know about Euphoria season 3, which is finally officially in production – three years after it was renewed."
  },
  {
    "itemId": "bFh9vbftNnPmkBwMxCbJ4f",
    "raw": " Reports say Meta’s in-house AI training CPU, produced by TSMC, is almost ready for deployment. ",
    "sanitized": "Reports say Meta’s in-house AI training CPU, produced by TSMC, is almost ready for deployment."
  }
]
