Ruf nach Verbindlichkeit in der Politik

Ein Bündnis von Fachleuten tritt für einen gesetzlich verankerten Gleichstellungsrat – ähnlich dem Fiskalrat – ein. Österreich sei von einer ausgewogenen ökonomischen, sozialen und politischen Teilhabe von Frauen und Männern noch weit entfernt. Dem soll der Rat durch regelmäßige Analyse der staatlichen Maßnahmen entgegenwirken. Die kommende Regierung habe „eine große Chance, hier einen historischen Schritt zu machen“.
---
https://orf.at/stories/3378400/
