RT by @JLMelenchon: 🔴753 morts au #travail en France en 2023

"Depuis dix ans, le nombre de décès au travail ne cesse d’augmenter"

Le bilan du macronisme sur le terrain des droits sociaux est celui d’un carnage

En finir avec #Macron et son monde est une urgence sociale !

https://urlz.fr/trDX
---
https://nitter.privacydev.net/smith51_a/status/1869249248392523908#m
