ITU: Netzbevölkerung wächst, digitale Kluften bleiben

Die weltweite Netzbevölkerung wächst langsam, aber stetig. Doch bleiben erhebliche Unterschiede bei den Zugangsmöglichkeiten vor allem in ärmeren Ländern.
---
https://www.heise.de/news/ITU-Netzbevoelkerung-waechst-digitale-Kluften-bleiben-11082155.html?wt_mc=rss.red.ho.ho.atom.beitrag.beitrag
