{
  "raw__": "Škoda Enyaq iV80x im Test: Das Elektro-Familienauto mit Allrad\n\nIch hatte bei der Lancierung des Škoda Enyaq iV in der Schweiz die Möglichkeit einen Kurztest mit dem Auto zu absolvieren. Mittlerweile sind einige Monate vergangen und die Allrad-Varianten sind auch erhältlich. So habe ich mir die letzten beiden Wochen bei winterlichen Bedingungen den Enyaq iV80x Sportsline genauer angeschaut: Testauto: Škoda Enyaq iV80x SportLine Das […]\nDer Beitrag Škoda Enya...\n---\nhttps://technikblog.ch/2021/12/skoda-enyaq-iv80x-im-test-das-elektro-familienauto-mit-allrad/",
  "split": "Škoda Enyaq iV80x im Test: Das Elektro-Familienauto mit Allrad\n\nIch hatte bei der Lancierung des Škoda Enyaq iV in der Schweiz die Möglichkeit einen Kurztest mit dem Auto zu absolvieren. Mittlerweile sind einige Monate vergangen und die Allrad-Varianten sind auch erhältlich. So habe ich mir die letzten beiden Wochen bei winterlichen Bedingungen den Enyaq iV80x Sportsline genauer angeschaut: Testauto: Škoda Enyaq iV80x SportLine Das ...\n---\nhttps://technikblog.ch/2021/12/skoda-enyaq-iv80x-im-test-das-elektro-familienauto-mit-allrad/"
}
