{
  "raw__": "LEGO Fortnite: Neues Spiel, neuer Name und neue Inhalte\n\nDie Kooperation zwischen LEGO und Fortnite geht in die nächste Runde. Ab dem 12. Dezember können Spieler in LEGO Fortnite Brick Life eine neue virtuelle Stadt erkunden. Das soziale Rollenspiel ermöglicht es bis zu 32 Teilnehmern gleichzeitig, sich in einer...Zum Beitrag: LEGO Fortnite: Neues Spiel, neuer Name und neue Inhalte\n\nZum Blog: Caschys Blog\n\n\nDu kannst uns mit jedem deiner Käufe über Amazon unter...\n---\nhttps://stadt-bremerhaven.de/lego-fortnite-neues-spiel-neuer-name-und-neue-inhalte/",
  "split": "LEGO Fortnite: Neues Spiel, neuer Name und neue Inhalte\n\nDie Kooperation zwischen LEGO und Fortnite geht in die nächste Runde. Ab dem 12. Dezember können Spieler in LEGO Fortnite Brick Life eine neue virtuelle Stadt erkunden. Das soziale Rollenspiel ermöglicht es bis zu 32 Teilnehmern gleichzeitig, sich in einer...\n---\nhttps://stadt-bremerhaven.de/lego-fortnite-neues-spiel-neuer-name-und-neue-inhalte/"
}
