Judge opens path for Elon Musk and Tesla to appeal $56B pay package

A Delaware judge has cleared the way for Elon Musk and Tesla to begin a legal appeal process for Musk’s 2018 pay package. The appeal process is a key step in the company’s attempt to try and reinstate the CEO’s $56 billion high-risk, high-reward compensation plan. Tesla has previously announced that it would be appealing ...
---
https://www.teslarati.com/judge-opens-path-elon-musk-tesla-56b-pay-package-appeal/
