This 5-quart KitchenAid stand mixer is on sale at Amazon for 28% off

If you think the KitchenAid Artisan Series 5-Quart Tilt-Head Stand Mixer will make for a nice gift, you can get it from Amazon right now with a $130 discount.
---
https://www.digitaltrends.com/home/kitchenaid-artisan-series-5-quart-tilt-head-stand-mixer-deal-amazon-december-2024/
