{
  "raw__": "New LEGO Ideas #48: Polnische Bergrettung im Einsatz! – Mr. Bean, Taylor Swift und die Simpsons folgen ins Review\n\nDie großen Shopping-Events wie das Insiders-Wochenende stehen unmittelbar bevor und viele Schnäppchenjäger werden gespannt auf die Angebote warten. Wir wollen in diesem Newsletter einen Schritt zurücktreten und uns mit den Neuheiten auf Ideas beschäftigen – [...]\nDer Beitrag New LEGO Ideas #48: Polnische Bergrettung im Einsatz! – Mr. Bean, Taylor S...\n---\nhttps://www.stonewars.de/news/new-lego-ideas-48/",
  "split": "New LEGO Ideas #48: Polnische Bergrettung im Einsatz! – Mr. Bean, Taylor Swift und die Simpsons folgen ins Review\n\nDie großen Shopping-Events wie das Insiders-Wochenende stehen unmittelbar bevor und viele Schnäppchenjäger werden gespannt auf die Angebote warten. Wir wollen in diesem Newsletter einen Schritt zurücktreten und uns mit den Neuheiten auf Ideas beschäftigen – ...\n---\nhttps://www.stonewars.de/news/new-lego-ideas-48/"
}
