Mastodon: Wie Heise einen föderierten Social-Media-Dienst integriert

Die Webentwicklung von heise online berichtet über die technischen Herausforderungen, Mastodon zu den Social Media Diensten hinzuzufügen.
---
https://www.heise.de/blog/Mastodon-Integration-eines-foederierten-Social-Media-Dienstes-9337038.html?wt_mc=rss.red.ho.themen."ich+roll%27+dann+mal+aus".beitrag.beitrag
