{
  "raw__": "E-Autos und Plug-in-Hybride mit weltweit drittem Rekordjahr in Folge\n\nAuf der ganzen Welt steigen die Zulassungen von Elektroautos und Plug-in-Hybriden. Deutschland steht mit seinem Minus ziemlich alleine da. \nDer Beitrag E-Autos und Plug-in-Hybride mit weltweit drittem Rekordjahr in Folge erschien zuerst auf Elektroauto-News.net.\n---\nhttps://www.elektroauto-news.net/news/e-auto-plug-in-hybrid-wachstum-welt",
  "split": "E-Autos und Plug-in-Hybride mit weltweit drittem Rekordjahr in Folge\n\nAuf der ganzen Welt steigen die Zulassungen von Elektroautos und Plug-in-Hybriden. Deutschland steht mit seinem Minus ziemlich alleine da. ...\n---\nhttps://www.elektroauto-news.net/news/e-auto-plug-in-hybrid-wachstum-welt"
}
