{
  "raw__": "Discover the Platinum Nextcloud Summit 2025 sponsors, champions of digital sovereignty. Meet them live in Munich, Germany, on June 5th!\nThe post Meet the Platinum Nextcloud Summit 2025 sponsors leading the future of digital sovereignty appeared first on Nextcloud.\n---\nhttps://nextcloud.com/blog/meet-the-platinum-nextcloud-summit-2025-sponsors/",
  "split": "Meet the Platinum Nextcloud Summit 2025 sponsors leading the future of digital sovereignty\n\nDiscover the Platinum Nextcloud Summit 2025 sponsors, champions of digital sovereignty. Meet them live in Munich, Germany, on June 5th!...\n---\nhttps://nextcloud.com/blog/meet-the-platinum-nextcloud-summit-2025-sponsors/"
}
