Neues Android-Feature loggt Nutzer bei Gerätewechsel automatisch in Apps ein

Das Übertragen der Apps und Daten von einem alten auf ein neues Android-Gerät ist schon gängige Praxis. Ein neues Feature soll einen erneuten Login ersparen.
---
https://www.heise.de/news/Neues-Android-Feature-loggt-Nutzer-bei-Geraetewechsel-automatisch-in-Apps-ein-10108072.html?wt_mc=rss.red.ho.ho.atom.beitrag.beitrag
