Ab 4. Dezember kehrt SpongeBob exklusiv auf Apple Arcade zurück. In „SpongeBob: Patty Pursuit 2“ erleben Fans des Schwammes ein brandneues Jump ’n‘ Run-Abenteuer, dieses Mal mit Plankton als spielbarem Partner. Gemeinsam gilt es, Bikini Bottom zu retten, die verschwundene...Zum Beitrag: Apple Arcade: SpongeBob Patty Pursuit 2 und mehr kommen im Dezember

#caschy #tech
---
https://stadt-bremerhaven.de/apple-arcade-spongebob-patty-pursuit-2-und-mehr-kommen-im-dezember/
