[
  {
    "itemId": "https://www.elektroauto-news.net/?p=170016",
    "raw": "<media:content url=\"https://cdn.elektroauto-news.net/wp-content/uploads/2024/09/e-cannonball_2024_cybertruck_alexander_bloch_bangula_brueder_Ove_kroeger.jpeg\" type=\"image/jpeg\" medium=\"image\" /><p>Der E-Cannonball wächst weiter: Mehr Teams, neue Aufgaben und zwei Tage voller Spannung in NRW. Was dieses Jahr anders ist, erfährst du im Podcast.</p>\n<p>Der Beitrag <a rel=\"nofollow\" href=\"https://www.elektroauto-news.net/news/e-cannonball-2025-erallye-neue-highlights\">E-Cannonball 2025: Elektro-Rallye mit neuen Highlights</a> erschien zuerst auf <a rel=\"nofollow\" href=\"https://www.elektroauto-news.net\">Elektroauto-News.net</a>.</p>\n",
    "sanitized": "Der E-Cannonball wächst weiter: Mehr Teams, neue Aufgaben und zwei Tage voller Spannung in NRW. Was dieses Jahr anders ist, erfährst du im Podcast.\nDer Beitrag E-Cannonball 2025: Elektro-Rallye mit neuen Highlights erschien zuerst auf Elektroauto-News.net."
  },
  {
    "itemId": "https://www.elektroauto-news.net/?p=171665",
    "raw": "<media:content url=\"https://cdn.elektroauto-news.net/wp-content/uploads/2025/03/Polestar-4-Long-Range-Single-Motor-5.jpg\" type=\"image/jpeg\" medium=\"image\" /><p>Mit 200 kW, 600 km Reichweite und futuristischem Design will der Polestar 4 überzeugen. Ich habe getestet, wie alltagstauglich das SUV-Coupé wirklich ist.</p>\n<p>Der Beitrag <a rel=\"nofollow\" href=\"https://www.elektroauto-news.net/news/polestar-4-test-suv-coupe-long-range\">Polestar 4 im Test: SUV-Coupé mit eigenständigem Design</a> erschien zuerst auf <a rel=\"nofollow\" href=\"https://www.elektroauto-news.net\">Elektroauto-News.net</a>.</p>\n",
    "sanitized": "Mit 200 kW, 600 km Reichweite und futuristischem Design will der Polestar 4 überzeugen. Ich habe getestet, wie alltagstauglich das SUV-Coupé wirklich ist.\nDer Beitrag Polestar 4 im Test: SUV-Coupé mit eigenständigem Design erschien zuerst auf Elektroauto-News.net."
  },
  {
    "itemId": "https://www.elektroauto-news.net/?p=171801",
    "raw": "<media:content url=\"https://cdn.elektroauto-news.net/wp-content/uploads/2024/02/Lkw-Autobahn-shutterstock_179200397.jpg\" type=\"image/jpeg\" medium=\"image\" /><p>Genau ein Elektroauto eines europäischen Herstellers schafft es hier zwischen die Phalanx aus Modellen aus China und Südkorea.</p>\n<p>Der Beitrag <a rel=\"nofollow\" href=\"https://www.elektroauto-news.net/news/7-eautos-grosser-akku-guenstig\">Diese 7 E-Autos mit sehr großem Akku sind besonders günstig</a> erschien zuerst auf <a rel=\"nofollow\" href=\"https://www.elektroauto-news.net\">Elektroauto-News.net</a>.</p>\n",
    "sanitized": "Genau ein Elektroauto eines europäischen Herstellers schafft es hier zwischen die Phalanx aus Modellen aus China und Südkorea.\nDer Beitrag Diese 7 E-Autos mit sehr großem Akku sind besonders günstig erschien zuerst auf Elektroauto-News.net."
  },
  {
    "itemId": "https://www.elektroauto-news.net/?p=169287",
    "raw": "<media:content url=\"https://cdn.elektroauto-news.net/wp-content/uploads/2024/02/7cdaba4c-94bb-4bc3-ba74-d73ad3f1b700.jpg\" type=\"image/jpeg\" medium=\"image\" /><p>Ein Überblick rund um das Thema Batteriewechsel, und ob es sich bei der Technologie tatsächlich um eine Alternative zur Ladesäule handelt. </p>\n<p>Der Beitrag <a rel=\"nofollow\" href=\"https://www.elektroauto-news.net/news/battery-swap-batteriewechsel\">Battery Swap: Batteriewechsel statt Ladesäule?</a> erschien zuerst auf <a rel=\"nofollow\" href=\"https://www.elektroauto-news.net\">Elektroauto-News.net</a>.</p>\n",
    "sanitized": "Ein Überblick rund um das Thema Batteriewechsel, und ob es sich bei der Technologie tatsächlich um eine Alternative zur Ladesäule handelt. \nDer Beitrag Battery Swap: Batteriewechsel statt Ladesäule? erschien zuerst auf Elektroauto-News.net."
  },
  {
    "itemId": "https://www.elektroauto-news.net/?p=171839",
    "raw": "<media:content url=\"https://cdn.elektroauto-news.net/wp-content/uploads/2025/02/Klaus-Zellmer-Skoda-nicht-nur-Elektroautos-IMG20890_0_PM4279_20250225.jpg\" type=\"image/jpeg\" medium=\"image\" /><p>Als eines der wenigen Automobilunternehmen kann Škoda für 2024 neue Bestwerte vermelden. Ausruhen wollen sich die Tschechen darauf nicht. </p>\n<p>Der Beitrag <a rel=\"nofollow\" href=\"https://www.elektroauto-news.net/news/skoda-rekordumsatz-2024\">Škoda vermeldet Rekordumsatz für 2024</a> erschien zuerst auf <a rel=\"nofollow\" href=\"https://www.elektroauto-news.net\">Elektroauto-News.net</a>.</p>\n",
    "sanitized": "Als eines der wenigen Automobilunternehmen kann Škoda für 2024 neue Bestwerte vermelden. Ausruhen wollen sich die Tschechen darauf nicht. \nDer Beitrag Škoda vermeldet Rekordumsatz für 2024 erschien zuerst auf Elektroauto-News.net."
  },
  {
    "itemId": "https://www.elektroauto-news.net/?p=171850",
    "raw": "<media:content url=\"https://cdn.elektroauto-news.net/wp-content/uploads/2025/03/©PatriceMaurein-maxus112.jpg\" type=\"image/jpeg\" medium=\"image\" /><p>Maxus bringt den eTerron 9 nach Deutschland – ein Elektro-Pick-up mit 325 kW Leistung, 430 km Reichweite und Allradantrieb. Auslieferungen sollen bald starten.</p>\n<p>Der Beitrag <a rel=\"nofollow\" href=\"https://www.elektroauto-news.net/news/maxus-pick-up-eterron-9-deutschland\">Maxus bringt Elektro-Pick-up eTerron 9 nach Deutschland</a> erschien zuerst auf <a rel=\"nofollow\" href=\"https://www.elektroauto-news.net\">Elektroauto-News.net</a>.</p>\n",
    "sanitized": "Maxus bringt den eTerron 9 nach Deutschland – ein Elektro-Pick-up mit 325 kW Leistung, 430 km Reichweite und Allradantrieb. Auslieferungen sollen bald starten.\nDer Beitrag Maxus bringt Elektro-Pick-up eTerron 9 nach Deutschland erschien zuerst auf Elektroauto-News.net."
  },
  {
    "itemId": "https://www.elektroauto-news.net/?p=171834",
    "raw": "<media:content url=\"https://cdn.elektroauto-news.net/wp-content/uploads/2024/03/BMW-Vision-Neue-Klasse.jpg\" type=\"image/jpeg\" medium=\"image\" /><p>BMW büßt beim Gewinn gut ein Drittel ein. Trotzdem bleiben die Münchner entspannt. Denn es steht eine große Offensive bevor, die Erwartungen sind hoch wie nie. </p>\n<p>Der Beitrag <a rel=\"nofollow\" href=\"https://www.elektroauto-news.net/news/bmw-gewinneinbruch-2024\">Warum BMW seinen Gewinneinbruch gelassen sieht</a> erschien zuerst auf <a rel=\"nofollow\" href=\"https://www.elektroauto-news.net\">Elektroauto-News.net</a>.</p>\n",
    "sanitized": "BMW büßt beim Gewinn gut ein Drittel ein. Trotzdem bleiben die Münchner entspannt. Denn es steht eine große Offensive bevor, die Erwartungen sind hoch wie nie. \nDer Beitrag Warum BMW seinen Gewinneinbruch gelassen sieht erschien zuerst auf Elektroauto-News.net."
  },
  {
    "itemId": "https://www.elektroauto-news.net/?p=171832",
    "raw": "<media:content url=\"https://cdn.elektroauto-news.net/wp-content/uploads/2024/11/Automobilindustrie-Zulieferer-Mittelstand-shutterstock_1441729118.jpg\" type=\"image/jpeg\" medium=\"image\" /><p>Eine aktuelle Umfrage des VDA verweist auf die Herausforderungen des automobilen Mittelstands. Und schickt Warnsignale an die künftige Regierung. </p>\n<p>Der Beitrag <a rel=\"nofollow\" href=\"https://www.elektroauto-news.net/news/vda-krise-automobiler-mittelstand\">VDA: Lage des automobilen Mittelstands verschlechtert sich weiter</a> erschien zuerst auf <a rel=\"nofollow\" href=\"https://www.elektroauto-news.net\">Elektroauto-News.net</a>.</p>\n",
    "sanitized": "Eine aktuelle Umfrage des VDA verweist auf die Herausforderungen des automobilen Mittelstands. Und schickt Warnsignale an die künftige Regierung. \nDer Beitrag VDA: Lage des automobilen Mittelstands verschlechtert sich weiter erschien zuerst auf Elektroauto-News.net."
  },
  {
    "itemId": "https://www.elektroauto-news.net/?p=171825",
    "raw": "<media:content url=\"https://cdn.elektroauto-news.net/wp-content/uploads/2025/02/Tesla-Model-Y-Juniper.jpg\" type=\"image/jpeg\" medium=\"image\" /><p>Tesla plant in Shanghai ein günstigeres Model Y. Die neue Variante soll kleiner sein und die Herstellungskosten um 20 Prozent senken. Produktion ab 2026.</p>\n<p>Der Beitrag <a rel=\"nofollow\" href=\"https://www.elektroauto-news.net/news/tesla-20-prozent-guenstiger-model-y\">Tesla plant 20 Prozent günstigeres Model Y für China</a> erschien zuerst auf <a rel=\"nofollow\" href=\"https://www.elektroauto-news.net\">Elektroauto-News.net</a>.</p>\n",
    "sanitized": "Tesla plant in Shanghai ein günstigeres Model Y. Die neue Variante soll kleiner sein und die Herstellungskosten um 20 Prozent senken. Produktion ab 2026.\nDer Beitrag Tesla plant 20 Prozent günstigeres Model Y für China erschien zuerst auf Elektroauto-News.net."
  },
  {
    "itemId": "https://www.elektroauto-news.net/?p=171804",
    "raw": "<media:content url=\"https://cdn.elektroauto-news.net/wp-content/uploads/2024/11/Daimler-Mercedes-Elektrobus-Ladeinfrastruktur.jpg\" type=\"image/jpeg\" medium=\"image\" /><p>Der Trend in Europa geht eindeutig zum Elektrobus. Der Wasserstoffbus scheint in Holland gescheitert, Deutschland steht diese Erkenntnis wohl noch bevor. </p>\n<p>Der Beitrag <a rel=\"nofollow\" href=\"https://www.elektroauto-news.net/news/elektrobusse-wasserstoffbusse-europa\">Fast die Hälfte aller neuen Stadtbusse in Europa sind rein elektrisch</a> erschien zuerst auf <a rel=\"nofollow\" href=\"https://www.elektroauto-news.net\">Elektroauto-News.net</a>.</p>\n",
    "sanitized": "Der Trend in Europa geht eindeutig zum Elektrobus. Der Wasserstoffbus scheint in Holland gescheitert, Deutschland steht diese Erkenntnis wohl noch bevor. \nDer Beitrag Fast die Hälfte aller neuen Stadtbusse in Europa sind rein elektrisch erschien zuerst auf Elektroauto-News.net."
  },
  {
    "itemId": "https://www.elektroauto-news.net/?p=171814",
    "raw": "<media:content url=\"https://cdn.elektroauto-news.net/wp-content/uploads/2024/10/Tesla-Model-3-Long-Range-Rear-Wheel-Drive.jpg\" type=\"image/jpeg\" medium=\"image\" /><p>Auch das Tesla Model Y ist neben zwei Volkswagen-Modellen unter den beliebtesten gebrauchten Elektroautos der Deutschen. </p>\n<p>Der Beitrag <a rel=\"nofollow\" href=\"https://www.elektroauto-news.net/news/tesla-model-3-gebrauchtes-e-auto\">Tesla Model 3 bleibt trotz Musk beliebtestes gebrauchtes E-Auto</a> erschien zuerst auf <a rel=\"nofollow\" href=\"https://www.elektroauto-news.net\">Elektroauto-News.net</a>.</p>\n",
    "sanitized": "Auch das Tesla Model Y ist neben zwei Volkswagen-Modellen unter den beliebtesten gebrauchten Elektroautos der Deutschen. \nDer Beitrag Tesla Model 3 bleibt trotz Musk beliebtestes gebrauchtes E-Auto erschien zuerst auf Elektroauto-News.net."
  },
  {
    "itemId": "https://www.elektroauto-news.net/?p=171744",
    "raw": "<media:content url=\"https://cdn.elektroauto-news.net/wp-content/uploads/2025/03/WeltpremiereinIstanbulSeniorVicePresidentProductPricingTobiasA.GubitzamneuenOpelFrontera.jpg\" type=\"image/jpeg\" medium=\"image\" /><p>Opel will 2025 doppelt so viele Elektroautos verkaufen. Vertriebschef Tobias Gubitz über CO₂-Ziele, Preise und die Zukunft der Marke.</p>\n<p>Der Beitrag <a rel=\"nofollow\" href=\"https://www.elektroauto-news.net/news/opel-restwertbanane-wird-sich-glaetten\">Opel: „Restwertbanane von E-Autos wird sich glätten“</a> erschien zuerst auf <a rel=\"nofollow\" href=\"https://www.elektroauto-news.net\">Elektroauto-News.net</a>.</p>\n",
    "sanitized": "Opel will 2025 doppelt so viele Elektroautos verkaufen. Vertriebschef Tobias Gubitz über CO₂-Ziele, Preise und die Zukunft der Marke.\nDer Beitrag Opel: „Restwertbanane von E-Autos wird sich glätten“ erschien zuerst auf Elektroauto-News.net."
  },
  {
    "itemId": "https://www.elektroauto-news.net/?p=171753",
    "raw": "<media:content url=\"https://cdn.elektroauto-news.net/wp-content/uploads/2025/03/shutterstock_2487066151.jpg\" type=\"image/jpeg\" medium=\"image\" /><p>Viele Autoverkäufer tun sich mit Elektroautos schwer. Die Prägung durch das Verbrenner-Zeitalter und fehlende Beratung bremsen den Wandel im Handel.</p>\n<p>Der Beitrag <a rel=\"nofollow\" href=\"https://www.elektroauto-news.net/news/autoverkaeufer-e-autos-haendler\">Warum Autoverkäufer E-Autos oft nur widerwillig verkaufen</a> erschien zuerst auf <a rel=\"nofollow\" href=\"https://www.elektroauto-news.net\">Elektroauto-News.net</a>.</p>\n",
    "sanitized": "Viele Autoverkäufer tun sich mit Elektroautos schwer. Die Prägung durch das Verbrenner-Zeitalter und fehlende Beratung bremsen den Wandel im Handel.\nDer Beitrag Warum Autoverkäufer E-Autos oft nur widerwillig verkaufen erschien zuerst auf Elektroauto-News.net."
  },
  {
    "itemId": "https://www.elektroauto-news.net/?p=171754",
    "raw": "<media:content url=\"https://cdn.elektroauto-news.net/wp-content/uploads/2025/01/Skoda-Enyaq-2025-Facelift-1.jpg\" type=\"image/jpeg\" medium=\"image\" /><p>Mehr als jeder fünfte Elektroauto-Kunde des gewerblichen Leasinganbieters entschied sich im vergangenen Jahr für ein besonders praktisches E-Auto.</p>\n<p>Der Beitrag <a rel=\"nofollow\" href=\"https://www.elektroauto-news.net/news/leaseplan-top-eautos-2024-gewerbeleasing\">Leaseplan-Kunden haben bei E-Autos einen klaren Favoriten</a> erschien zuerst auf <a rel=\"nofollow\" href=\"https://www.elektroauto-news.net\">Elektroauto-News.net</a>.</p>\n",
    "sanitized": "Mehr als jeder fünfte Elektroauto-Kunde des gewerblichen Leasinganbieters entschied sich im vergangenen Jahr für ein besonders praktisches E-Auto.\nDer Beitrag Leaseplan-Kunden haben bei E-Autos einen klaren Favoriten erschien zuerst auf Elektroauto-News.net."
  },
  {
    "itemId": "https://www.elektroauto-news.net/?p=171818",
    "raw": "<media:content url=\"https://cdn.elektroauto-news.net/wp-content/uploads/2025/03/CHANGAN_DEEPAL_S07_Euroepan-Launch_1.jpg\" type=\"image/jpeg\" medium=\"image\" /><p>Ende März stellt ChangAn in Mainz seine Europa-Strategie vor. Der Elektro-SUV Deepal S07 startet dann ab April zuerst in fünf ausgewählten EU-Ländern.</p>\n<p>Der Beitrag <a rel=\"nofollow\" href=\"https://www.elektroauto-news.net/news/china-changan-europa-offensive\">China-Marke ChangAn startet Europa-Offensive</a> erschien zuerst auf <a rel=\"nofollow\" href=\"https://www.elektroauto-news.net\">Elektroauto-News.net</a>.</p>\n",
    "sanitized": "Ende März stellt ChangAn in Mainz seine Europa-Strategie vor. Der Elektro-SUV Deepal S07 startet dann ab April zuerst in fünf ausgewählten EU-Ländern.\nDer Beitrag China-Marke ChangAn startet Europa-Offensive erschien zuerst auf Elektroauto-News.net."
  },
  {
    "itemId": "https://www.elektroauto-news.net/?p=171707",
    "raw": "<media:content url=\"https://cdn.elektroauto-news.net/wp-content/uploads/2025/01/shutterstock_2425077367.jpg\" type=\"image/jpeg\" medium=\"image\" /><p>Der chinesische Elektroautohersteller Nio will sich stärker auf seinen heimischen Markt konzentrieren und verschiebt den Eintritt in weitere globale Märkte.</p>\n<p>Der Beitrag <a rel=\"nofollow\" href=\"https://www.elektroauto-news.net/news/nio-eautos-globale-expansion\">Nio-CEO: Globale Expansion vor 2028 „unwahrscheinlich“</a> erschien zuerst auf <a rel=\"nofollow\" href=\"https://www.elektroauto-news.net\">Elektroauto-News.net</a>.</p>\n",
    "sanitized": "Der chinesische Elektroautohersteller Nio will sich stärker auf seinen heimischen Markt konzentrieren und verschiebt den Eintritt in weitere globale Märkte.\nDer Beitrag Nio-CEO: Globale Expansion vor 2028 „unwahrscheinlich“ erschien zuerst auf Elektroauto-News.net."
  },
  {
    "itemId": "https://www.elektroauto-news.net/?p=171747",
    "raw": "<media:content url=\"https://cdn.elektroauto-news.net/wp-content/uploads/2025/03/Renault-Megane-E-Tech-electric-Esprit-Alpine-6.jpg\" type=\"image/jpeg\" medium=\"image\" /><p>Der Renault Megane E-Tech Electric startet ins neue Modelljahr mit One-Pedal-Fahren, bidirektionalem Laden und einer sportlichen „Esprit Alpine“-Variante.</p>\n<p>Der Beitrag <a rel=\"nofollow\" href=\"https://www.elektroauto-news.net/news/renault-megane-e-tech-electric-update\">Renault Megane E-Tech Electric erhält Modelljahr-Update</a> erschien zuerst auf <a rel=\"nofollow\" href=\"https://www.elektroauto-news.net\">Elektroauto-News.net</a>.</p>\n",
    "sanitized": "Der Renault Megane E-Tech Electric startet ins neue Modelljahr mit One-Pedal-Fahren, bidirektionalem Laden und einer sportlichen „Esprit Alpine“-Variante.\nDer Beitrag Renault Megane E-Tech Electric erhält Modelljahr-Update erschien zuerst auf Elektroauto-News.net."
  },
  {
    "itemId": "https://www.elektroauto-news.net/?p=171432",
    "raw": "<media:content url=\"https://cdn.elektroauto-news.net/wp-content/uploads/2025/03/Nordamerika-USA-Kanada-Mexiko-shutterstock_2411072163.jpg\" type=\"image/jpeg\" medium=\"image\" /><p>Vergangene Woche wurde bekannt, dass US-Präsident Trump die geplanten Strafzölle von 25 Prozent für einige Autohersteller um einen Monat verschoben hat. </p>\n<p>Der Beitrag <a rel=\"nofollow\" href=\"https://www.elektroauto-news.net/news/usa-zoelle-kanada-mexiko-trump\">USA schieben Zölle gegen Kanada und Mexiko auf</a> erschien zuerst auf <a rel=\"nofollow\" href=\"https://www.elektroauto-news.net\">Elektroauto-News.net</a>.</p>\n",
    "sanitized": "Vergangene Woche wurde bekannt, dass US-Präsident Trump die geplanten Strafzölle von 25 Prozent für einige Autohersteller um einen Monat verschoben hat. \nDer Beitrag USA schieben Zölle gegen Kanada und Mexiko auf erschien zuerst auf Elektroauto-News.net."
  }
]
