{
  "raw__": "British Columbia has decided to scrap the provincial sales tax (PST) exemption for used zero-emission vehicles (ZEVs) nearly two years earlier than initially planned. The PST exemption for used EVs was first introduced in the […]\nThe post B.C. Government Ends PST Exemption for Used EVs Two Years Ahead of Schedule appeared first on Drive Tesla.\n---\nhttps://driveteslacanada.ca/news/b-c-government-ends-pst-exemption-for-used-evs-two-years-ahead-of-schedule/?utm_source=rss&utm_medium=rss&utm_campaign=b-c-government-ends-pst-exemption-for-used-evs-two-years-ahead-of-schedule",
  "split": "B.C. Government Ends PST Exemption for Used EVs Two Years Ahead of Schedule\n\nBritish Columbia has decided to scrap the provincial sales tax (PST) exemption for used zero-emission vehicles (ZEVs) nearly two years earlier than initially planned. The PST exemption for used EVs was first introduced in the ...\n---\nhttps://driveteslacanada.ca/news/b-c-government-ends-pst-exemption-for-used-evs-two-years-ahead-of-schedule/?utm_source=rss&utm_medium=rss&utm_campaign=b-c-government-ends-pst-exemption-for-used-evs-two-years-ahead-of-schedule"
}
