[
  {
    "itemId": "https://www.stonewars.de/?p=232771#233414",
    "raw": "<p>Update (22. November, 18:40 Uhr): Um Mitternacht startet das Insiders-Wochenende 2024 im LEGO Onlineshop und wir rechnen neben den doppelten Insiders-Punkten und den Gratisbeigaben mit den folgenden Angeboten zum Event, die laut einigen Gerüchten in <a class=\"mh-excerpt-more\" href=\"https://www.stonewars.de/angebote/lego-insiders-wochenende-2024/\" title=\"Ab Mitternacht: LEGO Insiders-Wochenende 2024 mit Rabatten, 2x Punkte und 3x GWPs sowie neuen Prämien\">[...]</a></p>\n<p>Der Beitrag <a href=\"https://www.stonewars.de/angebote/lego-insiders-wochenende-2024/\">Ab Mitternacht: LEGO Insiders-Wochenende 2024 mit Rabatten, 2x Punkte und 3x GWPs sowie neuen Prämien</a> erschien zuerst auf <a href=\"https://www.stonewars.de\">StoneWars</a>.</p>\n",
    "sanitized": "Update (22. November, 18:40 Uhr): Um Mitternacht startet das Insiders-Wochenende 2024 im LEGO Onlineshop und wir rechnen neben den doppelten Insiders-Punkten und den Gratisbeigaben mit den folgenden Angeboten zum Event, die laut einigen Gerüchten in [...]\nDer Beitrag Ab Mitternacht: LEGO Insiders-Wochenende 2024 mit Rabatten, 2x Punkte und 3x GWPs sowie neuen Prämien erschien zuerst auf StoneWars."
  },
  {
    "itemId": "https://www.stonewars.de/?p=233393",
    "raw": "<p>Heute um Punkt Mitternacht startet das alljährliche LEGO Insiders-Wochenende, das wir in diesem Beitrag gerne mit dem Ende nächster Woche anstehenden LEGO Black Friday vergleichen möchten. Wann lohnt sich ein Einkauf im LEGO Onlineshop am <a class=\"mh-excerpt-more\" href=\"https://www.stonewars.de/angebote/lego-insiders-wochenende-vs-black-friday-2024/\" title=\"LEGO Insiders-Wochenende vs. Black Friday 2024: Aktuelle Liste mit Einkaufstipps exklusiver Sets &#8211; Was sollte man wann kaufen?\">[...]</a></p>\n<p>Der Beitrag <a href=\"https://www.stonewars.de/angebote/lego-insiders-wochenende-vs-black-friday-2024/\">LEGO Insiders-Wochenende vs. Black Friday 2024: Aktuelle Liste mit Einkaufstipps exklusiver Sets &#8211; Was sollte man wann kaufen?</a> erschien zuerst auf <a href=\"https://www.stonewars.de\">StoneWars</a>.</p>\n",
    "sanitized": "Heute um Punkt Mitternacht startet das alljährliche LEGO Insiders-Wochenende, das wir in diesem Beitrag gerne mit dem Ende nächster Woche anstehenden LEGO Black Friday vergleichen möchten. Wann lohnt sich ein Einkauf im LEGO Onlineshop am [...]\nDer Beitrag LEGO Insiders-Wochenende vs. Black Friday 2024: Aktuelle Liste mit Einkaufstipps exklusiver Sets – Was sollte man wann kaufen? erschien zuerst auf StoneWars."
  },
  {
    "itemId": "https://www.stonewars.de/?p=130031#220251",
    "raw": "<p>Update (22. November 2024, 16:19 Uhr): Nach gut drei Jahren ist es offenbar soweit: Der LEGO Star Wars UCS AT-AT (75313), nach dem UCS Millennium Falcon das zweitgrößte Star Wars Set aller Zeiten, erreicht zum <a class=\"mh-excerpt-more\" href=\"https://www.stonewars.de/news/lego-star-wars-ucs-at-at-75313-eol-fokus/\" title=\"Letzte Chance für den LEGO Star Wars UCS AT-AT (75313): Zum Jahresende EOL, morgen mit 20% Rabatt bei LEGO?\">[...]</a></p>\n<p>Der Beitrag <a href=\"https://www.stonewars.de/news/lego-star-wars-ucs-at-at-75313-eol-fokus/\">Letzte Chance für den LEGO Star Wars UCS AT-AT (75313): Zum Jahresende EOL, morgen mit 20% Rabatt bei LEGO?</a> erschien zuerst auf <a href=\"https://www.stonewars.de\">StoneWars</a>.</p>\n",
    "sanitized": "Update (22. November 2024, 16:19 Uhr): Nach gut drei Jahren ist es offenbar soweit: Der LEGO Star Wars UCS AT-AT (75313), nach dem UCS Millennium Falcon das zweitgrößte Star Wars Set aller Zeiten, erreicht zum [...]\nDer Beitrag Letzte Chance für den LEGO Star Wars UCS AT-AT (75313): Zum Jahresende EOL, morgen mit 20% Rabatt bei LEGO? erschien zuerst auf StoneWars."
  },
  {
    "itemId": "https://www.stonewars.de/?p=232933",
    "raw": "<p>Update (22. November, 13:17 Uhr): Inzwischen wurde das bereits gestern erwähnte Bundle für alle zehn F1 Speed Champions bei JB Spielwaren gelistet, und auch Amazon.com hat nun diesbezüglich eine sehr interessante Listung vorgenommen. Dort wird <a class=\"mh-excerpt-more\" href=\"https://www.stonewars.de/news/lego-speed-champions-maerz-2025-formel-1-bundles/\" title=\"LEGO Speed Champions Neuheiten März 2025: Spezielle Bundles für alle zehn F1-Sets bei Amazon und JB Spielwaren\">[...]</a></p>\n<p>Der Beitrag <a href=\"https://www.stonewars.de/news/lego-speed-champions-maerz-2025-formel-1-bundles/\">LEGO Speed Champions Neuheiten März 2025: Spezielle Bundles für alle zehn F1-Sets bei Amazon und JB Spielwaren</a> erschien zuerst auf <a href=\"https://www.stonewars.de\">StoneWars</a>.</p>\n",
    "sanitized": "Update (22. November, 13:17 Uhr): Inzwischen wurde das bereits gestern erwähnte Bundle für alle zehn F1 Speed Champions bei JB Spielwaren gelistet, und auch Amazon.com hat nun diesbezüglich eine sehr interessante Listung vorgenommen. Dort wird [...]\nDer Beitrag LEGO Speed Champions Neuheiten März 2025: Spezielle Bundles für alle zehn F1-Sets bei Amazon und JB Spielwaren erschien zuerst auf StoneWars."
  },
  {
    "itemId": "https://www.stonewars.de/?p=233376",
    "raw": "<p>Update (18:56 Uhr): In Australien und Neuseeland ist das LEGO Insider-Wochenende schon gestartet und dies lässt auf noch weitere Angebote hoffen. Wir rechnen aufgrund der Informationen aus Australien noch damit, dass eventuell (!) noch folgende Angebote ab <a class=\"mh-excerpt-more\" href=\"https://www.stonewars.de/angebote/geruechte-reduzierte-lego-sets-insiders-wochenende-2024-update/\" title=\"Gerüchte zu reduzierten LEGO Sets am Insiders-Wochenende: UCS AT-AT, Ninjago City Gardens und weitere exklusive Sets mit 20% Rabatt (Update)\">[...]</a></p>\n<p>Der Beitrag <a href=\"https://www.stonewars.de/angebote/geruechte-reduzierte-lego-sets-insiders-wochenende-2024-update/\">Gerüchte zu reduzierten LEGO Sets am Insiders-Wochenende: UCS AT-AT, Ninjago City Gardens und weitere exklusive Sets mit 20% Rabatt (Update)</a> erschien zuerst auf <a href=\"https://www.stonewars.de\">StoneWars</a>.</p>\n",
    "sanitized": "Update (18:56 Uhr): In Australien und Neuseeland ist das LEGO Insider-Wochenende schon gestartet und dies lässt auf noch weitere Angebote hoffen. Wir rechnen aufgrund der Informationen aus Australien noch damit, dass eventuell (!) noch folgende Angebote ab [...]\nDer Beitrag Gerüchte zu reduzierten LEGO Sets am Insiders-Wochenende: UCS AT-AT, Ninjago City Gardens und weitere exklusive Sets mit 20% Rabatt (Update) erschien zuerst auf StoneWars."
  },
  {
    "itemId": "https://www.stonewars.de/?p=232957#232965",
    "raw": "<p>Update (22. November, 12:13 Uhr): Amazon hat gestern und heute noch einmal einige Black Friday LEGO Angebote nachgelegt und auch einzelne Angebote anderer Händler gekontert – einzelne Sets sind allerdings auch schon vergriffen. Wir haben <a class=\"mh-excerpt-more\" href=\"https://www.stonewars.de/angebote/amazon-lego-angebote-black-friday-woche-2024-update/\" title=\"Neue LEGO Angebote beim Amazon Black Friday mit bis zu 43% Rabatt! Aktualisierte Angebote + Topseller\">[...]</a></p>\n<p>Der Beitrag <a href=\"https://www.stonewars.de/angebote/amazon-lego-angebote-black-friday-woche-2024-update/\">Neue LEGO Angebote beim Amazon Black Friday mit bis zu 43% Rabatt! Aktualisierte Angebote + Topseller</a> erschien zuerst auf <a href=\"https://www.stonewars.de\">StoneWars</a>.</p>\n",
    "sanitized": "Update (22. November, 12:13 Uhr): Amazon hat gestern und heute noch einmal einige Black Friday LEGO Angebote nachgelegt und auch einzelne Angebote anderer Händler gekontert – einzelne Sets sind allerdings auch schon vergriffen. Wir haben [...]\nDer Beitrag Neue LEGO Angebote beim Amazon Black Friday mit bis zu 43% Rabatt! Aktualisierte Angebote + Topseller erschien zuerst auf StoneWars."
  },
  {
    "itemId": "https://www.stonewars.de/?p=233279",
    "raw": "<p>Bei LEGO steht 2025 ganz im Zeichen der aktuellen Formel 1 Teams &#8211; aber auch auf einen (weiteren) Klassiker dürfen wir uns freuen: Der LEGO Williams Racing FW14B mit Nigel Mansell (10353) erscheint als Teil <a class=\"mh-excerpt-more\" href=\"https://www.stonewars.de/news/lego-williams-racing-fw14b-nigel-mansell-10353/\" title=\"LEGO Williams Racing FW14B mit Nigel Mansell (10353): Formel 1 WM-Sieger von 1992 als Icons-Set vorgestellt\">[...]</a></p>\n<p>Der Beitrag <a href=\"https://www.stonewars.de/news/lego-williams-racing-fw14b-nigel-mansell-10353/\">LEGO Williams Racing FW14B mit Nigel Mansell (10353): Formel 1 WM-Sieger von 1992 als Icons-Set vorgestellt</a> erschien zuerst auf <a href=\"https://www.stonewars.de\">StoneWars</a>.</p>\n",
    "sanitized": "Bei LEGO steht 2025 ganz im Zeichen der aktuellen Formel 1 Teams – aber auch auf einen (weiteren) Klassiker dürfen wir uns freuen: Der LEGO Williams Racing FW14B mit Nigel Mansell (10353) erscheint als Teil [...]\nDer Beitrag LEGO Williams Racing FW14B mit Nigel Mansell (10353): Formel 1 WM-Sieger von 1992 als Icons-Set vorgestellt erschien zuerst auf StoneWars."
  },
  {
    "itemId": "https://www.stonewars.de/?p=233305",
    "raw": "<p>Weiter geht es mit der Black Friday LEGO Aktion von Proshop, denn auch dort sind heute einige gute LEGO Angebote gestartet, die wir euch natürlich nicht vorenthalten wollen! Ihr bekommt hier bis zu 49% Rabatt <a class=\"mh-excerpt-more\" href=\"https://www.stonewars.de/angebote/lego-black-friday-proshop-2024/\" title=\"LEGO Black Friday Aktion bei Proshop: Bis zu 49% Rabatt auf zahlreiche Sets, auch Exclusives dabei &#8211; z.B. Mittelalterlicher Stadtplatz &#038; Notre-Dame zum Bestpreis!\">[...]</a></p>\n<p>Der Beitrag <a href=\"https://www.stonewars.de/angebote/lego-black-friday-proshop-2024/\">LEGO Black Friday Aktion bei Proshop: Bis zu 49% Rabatt auf zahlreiche Sets, auch Exclusives dabei &#8211; z.B. Mittelalterlicher Stadtplatz &#038; Notre-Dame zum Bestpreis!</a> erschien zuerst auf <a href=\"https://www.stonewars.de\">StoneWars</a>.</p>\n",
    "sanitized": "Weiter geht es mit der Black Friday LEGO Aktion von Proshop, denn auch dort sind heute einige gute LEGO Angebote gestartet, die wir euch natürlich nicht vorenthalten wollen! Ihr bekommt hier bis zu 49% Rabatt [...]\nDer Beitrag LEGO Black Friday Aktion bei Proshop: Bis zu 49% Rabatt auf zahlreiche Sets, auch Exclusives dabei – z.B. Mittelalterlicher Stadtplatz & Notre-Dame zum Bestpreis! erschien zuerst auf StoneWars."
  },
  {
    "itemId": "https://www.stonewars.de/?p=231548",
    "raw": "<p>Die großen Shopping-Events wie das Insiders-Wochenende stehen unmittelbar bevor und viele Schnäppchenjäger werden gespannt auf die Angebote warten. Wir wollen in diesem Newsletter einen Schritt zurücktreten und uns mit den Neuheiten auf Ideas beschäftigen – <a class=\"mh-excerpt-more\" href=\"https://www.stonewars.de/news/new-lego-ideas-48/\" title=\"New LEGO Ideas #48: Polnische Bergrettung im Einsatz! &#8211; Mr. Bean, Taylor Swift und die Simpsons folgen ins Review\">[...]</a></p>\n<p>Der Beitrag <a href=\"https://www.stonewars.de/news/new-lego-ideas-48/\">New LEGO Ideas #48: Polnische Bergrettung im Einsatz! &#8211; Mr. Bean, Taylor Swift und die Simpsons folgen ins Review</a> erschien zuerst auf <a href=\"https://www.stonewars.de\">StoneWars</a>.</p>\n",
    "sanitized": "Die großen Shopping-Events wie das Insiders-Wochenende stehen unmittelbar bevor und viele Schnäppchenjäger werden gespannt auf die Angebote warten. Wir wollen in diesem Newsletter einen Schritt zurücktreten und uns mit den Neuheiten auf Ideas beschäftigen – [...]\nDer Beitrag New LEGO Ideas #48: Polnische Bergrettung im Einsatz! – Mr. Bean, Taylor Swift und die Simpsons folgen ins Review erschien zuerst auf StoneWars."
  },
  {
    "itemId": "https://www.stonewars.de/?p=232546#233302",
    "raw": "<p>Update (22. November, 9:48 Uhr): Wie angekündigt hat Alternate am heutigen Tag einige LEGO Black Friday Angebote nachgelegt, aber auch einige Angebote von letzter Woche sind noch verfügbar. Das sind die aktuell verfügbaren LEGO Angebote <a class=\"mh-excerpt-more\" href=\"https://www.stonewars.de/angebote/alternate-lego-black-friday-2024-welle-2/\" title=\"Neue LEGO Angebote bei Alternate Black Friday: Bis zu 44% Rabatt, viele Bestpreise dabei\">[...]</a></p>\n<p>Der Beitrag <a href=\"https://www.stonewars.de/angebote/alternate-lego-black-friday-2024-welle-2/\">Neue LEGO Angebote bei Alternate Black Friday: Bis zu 44% Rabatt, viele Bestpreise dabei</a> erschien zuerst auf <a href=\"https://www.stonewars.de\">StoneWars</a>.</p>\n",
    "sanitized": "Update (22. November, 9:48 Uhr): Wie angekündigt hat Alternate am heutigen Tag einige LEGO Black Friday Angebote nachgelegt, aber auch einige Angebote von letzter Woche sind noch verfügbar. Das sind die aktuell verfügbaren LEGO Angebote [...]\nDer Beitrag Neue LEGO Angebote bei Alternate Black Friday: Bis zu 44% Rabatt, viele Bestpreise dabei erschien zuerst auf StoneWars."
  }
]
