{
  "raw__": "Poco wird am 9. Januar 2025 eine neue Smartphone-Reihe vorstellen, die auch in Deutschland angeboten werden soll: die Poco X7. Dabei hat man zudem den Vertrieb über seine eigene Webste Po.co eingestellt. Wer versucht die URL aufzurufen, landet inzwischen direkt...Zum Beitrag: Poco X7: Launch-Event am 09.01.2025 – Vertrieb direkt über Xiaomi\n\nZum Blog: Caschys Blog\n\n\nDu kannst uns mit jedem deine...\n---\nhttps://stadt-bremerhaven.de/poco-x7-launch-event-am-09-01-2025-vertrieb-direkt-ueber-xiaomi/",
  "split": "Poco X7: Launch-Event am 09.01.2025 – Vertrieb direkt über Xiaomi\n\nPoco wird am 9. Januar 2025 eine neue Smartphone-Reihe vorstellen, die auch in Deutschland angeboten werden soll: die Poco X7. Dabei hat man zudem den Vertrieb über seine eigene Webste Po.co eingestellt. Wer versucht die URL aufzurufen, landet inzwischen direkt...\n---\nhttps://stadt-bremerhaven.de/poco-x7-launch-event-am-09-01-2025-vertrieb-direkt-ueber-xiaomi/"
}
