Es gibt in neues Humble Bundle, das in Zusammenarbeit mit den Armor Games Studios geschnürt worden ist. Je nach Stufe sind bis zu 14 Games enthalten. Solltet ihr zuschlagen, dann könnt ihr, wie immer, auswählen, welchen Anteil die Entwickler, die...Zum Beitrag: Humble Bundle: Armor Games Retro & Reborn lockt mit umfangreichem Spielepaket

#caschy #tech
---
https://stadt-bremerhaven.de/humble-bundle-armor-games-retro-reborn-lockt-mit-umfangreichem-spielepaket/
