Albertus Magnus: Der Bettelmönch, der alles wissen wollte

Er war bedeutendste Gelehrte seiner Zeit. Kölns klügstem Star im Mittelalter (gestorben am 15.11.1280) verdankt die Domstadt nicht zuletzt ihren Weltruhm. Von Claudia Friedrich.
---
https://www1.wdr.de/mediathek/audio/zeitzeichen/audio-albertus-magnus-der-bettelmoench-der-alles-wissen-wollte-100.html
