{
  "raw__": "Tesla starts construction on Canada’s first Supercharger Voting Winner in Saint-Sauveur [Québec]\n\nTesla has started construction of a new Supercharger in Saint-Sauveur, Québec , marking the first site of Supercharger Voting Winner to be built in Canada. Tesla started its Supercharger Voting program in 2022, giving owners […]\nThe post Tesla starts construction on Canada’s first Supercharger Voting Winner in Saint-Sauveur [Québec] appeared first on Drive Tesla.\n---\nhttps://driveteslacanada.ca/news/tesla-starts-construction-on-canadas-first-supercharger-voting-winner-in-saint-sauveur-quebec/?utm_source=rss&utm_medium=rss&utm_campaign=tesla-starts-construction-on-canadas-first-supercharger-voting-winner-in-saint-sauveur-quebec",
  "split": "Tesla starts construction on Canada’s first Supercharger Voting Winner in Saint-Sauveur [Québec]\n\nTesla has started construction of a new Supercharger in Saint-Sauveur, Québec , marking the first site of Supercharger Voting Winner to be built in Canada. Tesla started its Supercharger Voting program in 2022, giving owners ...\n---\nhttps://driveteslacanada.ca/news/tesla-starts-construction-on-canadas-first-supercharger-voting-winner-in-saint-sauveur-quebec/?utm_source=rss&utm_medium=rss&utm_campaign=tesla-starts-construction-on-canadas-first-supercharger-voting-winner-in-saint-sauveur-quebec"
}
