*My* PC is not good enough for this Monitor…

Thanks to ASUS for sponsoring this video. You can check out the PG27UCDM at: http://rog.gg/PG27UCDM_Linus

ASUS has done it, the world’s first 4K 240Hz 27” QD-OLED gaming monitor with DP 2.1 UHBR 20. Is it everything we’ve been dreaming about?

Discuss on the forum: https://linustechtips.com/topic/1594816-my-pc-is-not-good-enough-for-this-monitor%E2%80%A6/

Buy an ASUS ROG Swift PG27AQDP 27" 480Hz OLED Monitor: http...
---
https://www.youtube.com/watch?v=iQ404RCyqhk
