Could Apple’s new Workout Buddy get me running consistently again? Here’s why I’m so excited about it

Workout Buddy is the most exciting running improvement Apple’s WWDC could have given me.
---
https://www.techradar.com/health-fitness/could-apples-new-workout-buddy-get-me-running-consistently-again-heres-why-im-so-excited-about-it
