{
  "raw__": "Bharti Airtel, India’s second-largest telecom operator, has announced a partnership with SpaceX to introduce Starlink’s satellite internet services. While the two companies have signed an agreement, the official rollout of Starlink services in India is […]\nThe post Airtel partners with SpaceX to bring Starlink to India, pending regulatory approval appeared first on Drive Tesla.\n---\nhttps://driveteslacanada.ca/news/airtel-partners-with-spacex-to-bring-starlink-to-india-pending-regulatory-approval/?utm_source=rss&utm_medium=rss&utm_campaign=airtel-partners-with-spacex-to-bring-starlink-to-india-pending-regulatory-approval",
  "split": "Airtel partners with SpaceX to bring Starlink to India, pending regulatory approval\n\nBharti Airtel, India’s second-largest telecom operator, has announced a partnership with SpaceX to introduce Starlink’s satellite internet services. While the two companies have signed an agreement, the official rollout of Starlink services in India is ...\n---\nhttps://driveteslacanada.ca/news/airtel-partners-with-spacex-to-bring-starlink-to-india-pending-regulatory-approval/?utm_source=rss&utm_medium=rss&utm_campaign=airtel-partners-with-spacex-to-bring-starlink-to-india-pending-regulatory-approval"
}
