{
  "raw__": "LEGO Harry Potter 76424 Fliegender Ford Anglia und 76434 Aragog im Verbotenen Wald im Kombi-Review\n\nEinmal mehr stand in diesem Jahr zyklengemäß ein Neustart der LEGO Harry Potter Themenwelt an, mit dem insbesondere ein neues modulares Schloss Hogwarts einhergeht. Darüber hinaus bietet ein solcher Neustart aber auch die Möglichkeit, Szenen, [...]\nDer Beitrag LEGO Harry Potter 76424 Fliegender Ford Anglia und 76434 Aragog im Verbotenen Wald im Kombi-Review ersch...\n---\nhttps://www.stonewars.de/reviews/review-lego-harry-potter-76424-ford-anglia-76434-aragog/",
  "split": "LEGO Harry Potter 76424 Fliegender Ford Anglia und 76434 Aragog im Verbotenen Wald im Kombi-Review\n\nEinmal mehr stand in diesem Jahr zyklengemäß ein Neustart der LEGO Harry Potter Themenwelt an, mit dem insbesondere ein neues modulares Schloss Hogwarts einhergeht. Darüber hinaus bietet ein solcher Neustart aber auch die Möglichkeit, Szenen, ...\n---\nhttps://www.stonewars.de/reviews/review-lego-harry-potter-76424-ford-anglia-76434-aragog/"
}
