Uno Platform Unveils 'Hot Design' Tool for Cross-Platform .NET Apps

Uno Platform provided a new take on visual designers for .NET app development, claiming a breakthrough that changes code at runtime rather than the design stage.
---
https://visualstudiomagazine.com/Articles/2024/11/15/Uno-Platform-Unveils-Hot-Design-Tool-for-Cross-Platform-NET-Apps.aspx
