[
  {
    "itemId": "yt:video:iQ404RCyqhk",
    "raw": null,
    "sanitized": null
  },
  {
    "itemId": "yt:video:DbYWTi3Bxoo",
    "raw": null,
    "sanitized": null
  },
  {
    "itemId": "yt:video:CrIjSD0zW7c",
    "raw": null,
    "sanitized": null
  },
  {
    "itemId": "yt:video:5FdDUrHl5RE",
    "raw": null,
    "sanitized": null
  },
  {
    "itemId": "yt:video:WmPy8j79Bxg",
    "raw": null,
    "sanitized": null
  },
  {
    "itemId": "yt:video:7LGuglDdliw",
    "raw": null,
    "sanitized": null
  },
  {
    "itemId": "yt:video:6uyI6s4XJLw",
    "raw": null,
    "sanitized": null
  },
  {
    "itemId": "yt:video:tLhfuc_KCpM",
    "raw": null,
    "sanitized": null
  },
  {
    "itemId": "yt:video:4L_psS1MVk8",
    "raw": null,
    "sanitized": null
  },
  {
    "itemId": "yt:video:7V4xoL96HKU",
    "raw": null,
    "sanitized": null
  },
  {
    "itemId": "yt:video:kjn79Cs5Hco",
    "raw": null,
    "sanitized": null
  },
  {
    "itemId": "yt:video:pF-1W-JxXSc",
    "raw": null,
    "sanitized": null
  },
  {
    "itemId": "yt:video:Hd-k7VkpE94",
    "raw": null,
    "sanitized": null
  },
  {
    "itemId": "yt:video:PcnWneULGAQ",
    "raw": null,
    "sanitized": null
  },
  {
    "itemId": "yt:video:fGXdUp9rfHo",
    "raw": null,
    "sanitized": null
  }
]
