RT by @JLMelenchon: 🔴 L'avenir de la Syrie appartient au peuple syrien.

Le communiqué du groupe parlementaire LFI-NFP ⤵️

🔴 L'avenir de la Syrie appartient au peuple syrien.

Le communiqué du groupe parlementaire LFI-NFP ⤵️
---
https://nitter.privacydev.net/FiAssemblee/status/1865780462792138812#m
