[
  {
    "itemId": "https://www.home-assistant.io/blog/2025/03/10/matter-certification",
    "raw": "Home Assistant officially Matters",
    "sanitized": "Home Assistant officially Matters"
  },
  {
    "itemId": "https://www.home-assistant.io/blog/2025/03/05/release-20253",
    "raw": "2025.3: View those headers!",
    "sanitized": "2025.3: View those headers!"
  },
  {
    "itemId": "https://www.home-assistant.io/blog/2025/03/05/music-assistants-next-big-hit",
    "raw": "Music Assistant's next big hit",
    "sanitized": "Music Assistant's next big hit"
  },
  {
    "itemId": "https://www.home-assistant.io/blog/2025/02/27/apollo-joins-wwha",
    "raw": "Apollo joins the Works With Home Assistant Program",
    "sanitized": "Apollo joins the Works With Home Assistant Program"
  },
  {
    "itemId": "https://www.home-assistant.io/blog/2025/02/13/voice-chapter-9-speech-to-phrase",
    "raw": "Speech-to-Phrase brings voice home - Voice chapter 9",
    "sanitized": "Speech-to-Phrase brings voice home - Voice chapter 9"
  },
  {
    "itemId": "https://www.home-assistant.io/blog/2025/02/05/release-20252",
    "raw": "2025.2: Iterating on backups",
    "sanitized": "2025.2: Iterating on backups"
  },
  {
    "itemId": "https://www.home-assistant.io/blog/2025/01/03/3-2-1-backup",
    "raw": "3…2…1… Backup",
    "sanitized": "3…2…1… Backup"
  },
  {
    "itemId": "https://www.home-assistant.io/blog/2025/01/03/release-20251",
    "raw": "2025.1: Backing Up into 2025!",
    "sanitized": "2025.1: Backing Up into 2025!"
  },
  {
    "itemId": "https://www.home-assistant.io/blog/2024/12/19/voice-preview-edition-the-era-of-open-voice",
    "raw": "The era of open voice assistants has arrived",
    "sanitized": "The era of open voice assistants has arrived"
  },
  {
    "itemId": "https://www.home-assistant.io/blog/2024/12/19/voice-chapter-8-assist-in-the-home",
    "raw": "Voice Chapter 8 - Assist in the home today",
    "sanitized": "Voice Chapter 8 - Assist in the home today"
  },
  {
    "itemId": "https://www.home-assistant.io/blog/2024/12/16/community-survey-2024",
    "raw": "Understanding Our Community: The 2024 Home Assistant Survey",
    "sanitized": "Understanding Our Community: The 2024 Home Assistant Survey"
  },
  {
    "itemId": "https://www.home-assistant.io/blog/2024/12/04/release-202412",
    "raw": "2024.12: Scene you in 2025! 🎄",
    "sanitized": "2024.12: Scene you in 2025! 🎄"
  },
  {
    "itemId": "https://www.home-assistant.io/blog/2024/11/30/the-month-of-what-the-heck",
    "raw": "The month of 'What the Heck?!' 2024",
    "sanitized": "The month of 'What the Heck?!' 2024"
  },
  {
    "itemId": "https://www.home-assistant.io/blog/2024/11/27/home-assistant-yellow-gets-cm5-support",
    "raw": "Home Assistant Yellow gets CM5 support in HAOS 14",
    "sanitized": "Home Assistant Yellow gets CM5 support in HAOS 14"
  },
  {
    "itemId": "https://www.home-assistant.io/blog/2024/11/18/event-wrapup-github-universe-24",
    "raw": "Event wrap-up - GitHub Universe '24",
    "sanitized": "Event wrap-up - GitHub Universe '24"
  },
  {
    "itemId": "https://www.home-assistant.io/blog/2024/11/15/roadmap-2024h2",
    "raw": "Roadmap 2024 Year-end Update: Full steam ahead!",
    "sanitized": "Roadmap 2024 Year-end Update: Full steam ahead!"
  },
  {
    "itemId": "https://www.home-assistant.io/blog/2024/11/06/release-202411",
    "raw": "2024.11: Slick dashboards and speedy cameras",
    "sanitized": "2024.11: Slick dashboards and speedy cameras"
  },
  {
    "itemId": "https://www.home-assistant.io/blog/2024/10/24/wake-word-collective",
    "raw": "Help us make voice better in under a minute",
    "sanitized": "Help us make voice better in under a minute"
  },
  {
    "itemId": "https://www.home-assistant.io/blog/2024/10/02/connect-zbt1-issue-and-replacement",
    "raw": "Home Assistant Connect ZBT-1 issue and replacement",
    "sanitized": "Home Assistant Connect ZBT-1 issue and replacement"
  },
  {
    "itemId": "https://www.home-assistant.io/blog/2024/10/02/release-202410",
    "raw": "2024.10: Heading in the right direction",
    "sanitized": "2024.10: Heading in the right direction"
  }
]
