[
  {
    "itemId": "https://www.silicon.de/?p=41717316",
    "raw": "In Deutschland ist der Infostealer Formbook weiterhin Spitzenreiter und für rund 18,5 Prozent aller Malware-Infektionen verantwortlich. ",
    "sanitized": "In Deutschland ist der Infostealer Formbook weiterhin Spitzenreiter und für rund 18,5 Prozent aller Malware-Infektionen verantwortlich."
  },
  {
    "itemId": "https://www.silicon.de/?p=41717306",
    "raw": "HP Wolf Security-Studie: fehlende Lieferanten-Audits, schwache BIOS-Passwörter, Fear of Making Updates, Epidemie verlorener Geräte und wachsender E-Müll.",
    "sanitized": "HP Wolf Security-Studie: fehlende Lieferanten-Audits, schwache BIOS-Passwörter, Fear of Making Updates, Epidemie verlorener Geräte und wachsender E-Müll."
  },
  {
    "itemId": "https://www.silicon.de/?p=41717302",
    "raw": "Datenpannen sorgen nicht nur für aufmerksamkeitsstarke Schlagzeilen – sie sind eine Erinnerung an die Schwachstellen, die in vielen Netzwerken lauern.",
    "sanitized": "Datenpannen sorgen nicht nur für aufmerksamkeitsstarke Schlagzeilen – sie sind eine Erinnerung an die Schwachstellen, die in vielen Netzwerken lauern."
  },
  {
    "itemId": "https://www.silicon.de/?p=41717252",
    "raw": "Das Zusammenspiel von Cloud und KI stellt Hyperscaler, IT-Partner und Endkunden vor neue Herausforderungen. ",
    "sanitized": "Das Zusammenspiel von Cloud und KI stellt Hyperscaler, IT-Partner und Endkunden vor neue Herausforderungen."
  },
  {
    "itemId": "https://www.silicon.de/?p=41717261",
    "raw": "Auf Basis der Lösungen Customer 360 und Data Cloud im Zusammenspiel mit Agentforce will Hotelkette Gästeservice digitalisieren und automatisieren.",
    "sanitized": "Auf Basis der Lösungen Customer 360 und Data Cloud im Zusammenspiel mit Agentforce will Hotelkette Gästeservice digitalisieren und automatisieren."
  },
  {
    "itemId": "https://www.silicon.de/?p=41717247",
    "raw": "Mikroautomatisierungen sind ein wichtiger Bestandteil der aktuellen Entwicklungen, sagt Sofiane Fessi von Dataiku im Interview.",
    "sanitized": "Mikroautomatisierungen sind ein wichtiger Bestandteil der aktuellen Entwicklungen, sagt Sofiane Fessi von Dataiku im Interview."
  },
  {
    "itemId": "https://www.silicon.de/?p=41717228",
    "raw": "Trends 2025: Mobile Risiken, Phishing-Techniken und Sideloading-Angriffe.",
    "sanitized": "Trends 2025: Mobile Risiken, Phishing-Techniken und Sideloading-Angriffe."
  },
  {
    "itemId": "https://www.silicon.de/?p=41717223",
    "raw": "Trends 2025: Kontinuierliche Überwachung und Früherkennung potenzieller Bedrohungen werden zum Standard, ebenso wie robustere Authentifizierungsmaßnahmen.",
    "sanitized": "Trends 2025: Kontinuierliche Überwachung und Früherkennung potenzieller Bedrohungen werden zum Standard, ebenso wie robustere Authentifizierungsmaßnahmen."
  },
  {
    "itemId": "https://www.silicon.de/?p=41717185",
    "raw": "Angriffe mit Quantencomputern rücken näher. Vor allem KRITIS-Betreiber sollten sich bereits jetzt gegen Datenabschöpfung wappnen.",
    "sanitized": "Angriffe mit Quantencomputern rücken näher. Vor allem KRITIS-Betreiber sollten sich bereits jetzt gegen Datenabschöpfung wappnen."
  },
  {
    "itemId": "https://www.silicon.de/?p=41717212",
    "raw": "Microsoft-Umfrage ermittelt stark gestiegenes Gefahrenbewusstsein in Wirtschaft, Zivilgesellschaft und Politik.",
    "sanitized": "Microsoft-Umfrage ermittelt stark gestiegenes Gefahrenbewusstsein in Wirtschaft, Zivilgesellschaft und Politik."
  },
  {
    "itemId": "https://www.silicon.de/?p=41717205",
    "raw": "KI ist für Unternehmen ein Game Changer im Kundensupport, sagt Matthias Göhler von Zendesk im Interview.",
    "sanitized": "KI ist für Unternehmen ein Game Changer im Kundensupport, sagt Matthias Göhler von Zendesk im Interview."
  },
  {
    "itemId": "https://www.silicon.de/?p=41717190",
    "raw": "Der Frachtdienstleister FIEGE Air Cargo Logistics nutzt eine Telekom-Lösung, um Luftfrachtpaletten platzsparend zu verladen.",
    "sanitized": "Der Frachtdienstleister FIEGE Air Cargo Logistics nutzt eine Telekom-Lösung, um Luftfrachtpaletten platzsparend zu verladen."
  },
  {
    "itemId": "https://www.silicon.de/?p=41717169",
    "raw": "Kaspersky-Studie sieht neue Risiken durch das Aufkommen quantensicherer Ransomware und verstärkte Angriffe auf mobile Endgeräte.",
    "sanitized": "Kaspersky-Studie sieht neue Risiken durch das Aufkommen quantensicherer Ransomware und verstärkte Angriffe auf mobile Endgeräte."
  },
  {
    "itemId": "https://www.silicon.de/?p=41717164",
    "raw": "Trends 2025: Third-Party-API-Monitoring, generative KI für mehr API-Sicherheit und Architekten für Geschäftsresilienz.",
    "sanitized": "Trends 2025: Third-Party-API-Monitoring, generative KI für mehr API-Sicherheit und Architekten für Geschäftsresilienz."
  },
  {
    "itemId": "https://www.silicon.de/?p=41717160",
    "raw": "Trends 2025: „Grassroots“-Hacktivismus, „unsichtbare“ Firmware-Bedrohungen und Gelddiebstahl im Schlaf.",
    "sanitized": "Trends 2025: „Grassroots“-Hacktivismus, „unsichtbare“ Firmware-Bedrohungen und Gelddiebstahl im Schlaf."
  },
  {
    "itemId": "https://www.silicon.de/?p=41717147",
    "raw": "62 Prozent der Unternehmen erhöhen ihre Investitionen. Gerade auch mittelständische Betriebe bauen Etats jetzt spürbar aus.",
    "sanitized": "62 Prozent der Unternehmen erhöhen ihre Investitionen. Gerade auch mittelständische Betriebe bauen Etats jetzt spürbar aus."
  },
  {
    "itemId": "https://www.silicon.de/?p=41717153",
    "raw": "Das transformative Potenzial der Blockchain scheint die deutschen Unternehmen kalt zu lassen. Denn laut der neuesten W3NOW-Studie, die vom Bundesministerium für Wirtschaft und Klimapolitik sowie dem Hanseatic Blockchain Institute initiiert wurde, sind die deutschen Unternehmer kritisch. Vor allem aufgrund der vorwiegend negativen Berichterstattung in den Medien. Aber auch mangelndes Verständnis ist ein Hauptgrund, warum die Blockchain Technologie scheinbar nicht angenommen wird.",
    "sanitized": "Das transformative Potenzial der Blockchain scheint die deutschen Unternehmen kalt zu lassen. Denn laut der neuesten W3NOW-Studie, die vom Bundesministerium für Wirtschaft und Klimapolitik sowie dem Hanseatic Blockchain Institute initiiert wurde, sind die deutschen Unternehmer kritisch. Vor allem aufgrund der vorwiegend negativen Berichterstattung in den Medien. Aber auch mangelndes Verständnis ist ein Hauptgrund, warum die Blockchain Technologie scheinbar nicht angenommen wird."
  },
  {
    "itemId": "https://www.silicon.de/?p=41717143",
    "raw": "Forschende entwickeln eine Monitoring-Plattform, auf der Drohnenbilder mit zahlreichen weiteren Daten angereichert und ausgewertet werden.",
    "sanitized": "Forschende entwickeln eine Monitoring-Plattform, auf der Drohnenbilder mit zahlreichen weiteren Daten angereichert und ausgewertet werden."
  },
  {
    "itemId": "https://www.silicon.de/?p=41717123",
    "raw": "In der Zustellung ist das neue Format mit der Briefpost schon beinahe gleichauf, im Rechnungseingang allerdings deutlich seltener.",
    "sanitized": "In der Zustellung ist das neue Format mit der Briefpost schon beinahe gleichauf, im Rechnungseingang allerdings deutlich seltener."
  },
  {
    "itemId": "https://www.silicon.de/?p=41717118",
    "raw": "Trends 2025: Synthetische Daten führen zu Herausforderungen bei KI und Data Governance / Entschlüsselung ist großes Anwendungsfeld für KI und Quantencomputing",
    "sanitized": "Trends 2025: Synthetische Daten führen zu Herausforderungen bei KI und Data Governance / Entschlüsselung ist großes Anwendungsfeld für KI und Quantencomputing"
  },
  {
    "itemId": "https://www.silicon.de/?p=41717113",
    "raw": "Wie Canon, AmberTech Solutions und Frends als Team Unternehmen die digitale Transformation erleichtern.",
    "sanitized": "Wie Canon, AmberTech Solutions und Frends als Team Unternehmen die digitale Transformation erleichtern."
  },
  {
    "itemId": "https://www.silicon.de/?p=41717110",
    "raw": "Mit Low-Code und No-Code lassen sich Funktionen in Applikationen schnell ergänzen, was jedoch zu einem neuen Einfallstor führen kann.",
    "sanitized": "Mit Low-Code und No-Code lassen sich Funktionen in Applikationen schnell ergänzen, was jedoch zu einem neuen Einfallstor führen kann."
  },
  {
    "itemId": "https://www.silicon.de/?p=41717102",
    "raw": "Zero-Trust- und Zero-Knowledge-Cybersicherheit zum Schutz von Passwörtern, Zugangsdaten, privilegierten Zugängen, Geheimnissen und Remote-Verbindungen.",
    "sanitized": "Zero-Trust- und Zero-Knowledge-Cybersicherheit zum Schutz von Passwörtern, Zugangsdaten, privilegierten Zugängen, Geheimnissen und Remote-Verbindungen."
  },
  {
    "itemId": "https://www.silicon.de/?p=41717094",
    "raw": "Vorwerk Gruppe: knapp 200 Schnittstellen, ein zusätzlicher Wechsel auf ein neues Business-Modell und alles in 18 Monaten. ",
    "sanitized": "Vorwerk Gruppe: knapp 200 Schnittstellen, ein zusätzlicher Wechsel auf ein neues Business-Modell und alles in 18 Monaten."
  },
  {
    "itemId": "https://www.silicon.de/?p=41717084",
    "raw": "\"Wir werden ganz klar im internationalen KI-Vergleich durchgereicht\", warnt Christian Korff von Cisco Deutschland im Interview.",
    "sanitized": "\"Wir werden ganz klar im internationalen KI-Vergleich durchgereicht\", warnt Christian Korff von Cisco Deutschland im Interview."
  },
  {
    "itemId": "https://www.silicon.de/?p=41717078",
    "raw": "Der GenKI-Assistent unterstützt das Engineering in der Industrie. Pilotkunde thyssenkrupp setzt den Copilot weltweit ein. ",
    "sanitized": "Der GenKI-Assistent unterstützt das Engineering in der Industrie. Pilotkunde thyssenkrupp setzt den Copilot weltweit ein."
  },
  {
    "itemId": "https://www.silicon.de/?p=41717072",
    "raw": "Ziel ist der Vertrieb gemeinsamer Cloud- und Sicherheitsangebote. Zudem sollen Schwarz´ Büro-Arbeitsplätze auf Google Workspace migrieren.",
    "sanitized": "Ziel ist der Vertrieb gemeinsamer Cloud- und Sicherheitsangebote. Zudem sollen Schwarz´ Büro-Arbeitsplätze auf Google Workspace migrieren."
  },
  {
    "itemId": "https://www.silicon.de/?p=41717054",
    "raw": "Wie CIOs die hybride Cloud-Infrastruktur optimieren können, erklärt Dominik Meyer von Novatec Consulting.",
    "sanitized": "Wie CIOs die hybride Cloud-Infrastruktur optimieren können, erklärt Dominik Meyer von Novatec Consulting."
  },
  {
    "itemId": "https://www.silicon.de/?p=41717059",
    "raw": "Komplexe Sicherheitsmaßnahmen können kritische Anwendungen verlangsamen. Wer dagegen den einfachen Zugang zu Anwendungen priorisiert, kann anfällig für Datenmissbrauch sein.",
    "sanitized": "Komplexe Sicherheitsmaßnahmen können kritische Anwendungen verlangsamen. Wer dagegen den einfachen Zugang zu Anwendungen priorisiert, kann anfällig für Datenmissbrauch sein."
  },
  {
    "itemId": "https://www.silicon.de/?p=41717050",
    "raw": "Black Friday hin, Santa-Sale her - Online-Shopping gehört auch ohne Sonderverkäufe zum Alltag fast aller Konsumenten in Deutschland.",
    "sanitized": "Black Friday hin, Santa-Sale her - Online-Shopping gehört auch ohne Sonderverkäufe zum Alltag fast aller Konsumenten in Deutschland."
  },
  {
    "itemId": "https://www.silicon.de/?p=41717024",
    "raw": "Die Vernetzung in der Industrie optimiert mit KI Prozesse und reduziert mit Predictive Maintenance ungeplante Ausfälle, bringt aber neue Verantwortung in OT-Umgebungen mit sich.",
    "sanitized": "Die Vernetzung in der Industrie optimiert mit KI Prozesse und reduziert mit Predictive Maintenance ungeplante Ausfälle, bringt aber neue Verantwortung in OT-Umgebungen mit sich."
  },
  {
    "itemId": "https://www.silicon.de/?p=41717019",
    "raw": "Enterprise AI Maturity Index von ServiceNow: Im Durchschnitt erreichen Unternehmen nur einen KI-Reifegrad von 44 bei 100 möglichen Punkten. ",
    "sanitized": "Enterprise AI Maturity Index von ServiceNow: Im Durchschnitt erreichen Unternehmen nur einen KI-Reifegrad von 44 bei 100 möglichen Punkten."
  },
  {
    "itemId": "https://www.silicon.de/?p=41717016",
    "raw": "Wer auf Wechselmedien – wie USB-Laufwerke – angewiesen ist, muss wachsam bleiben, da diese Geräte schädliche und kostspielige Cyberangriffe auslösen können.",
    "sanitized": "Wer auf Wechselmedien – wie USB-Laufwerke – angewiesen ist, muss wachsam bleiben, da diese Geräte schädliche und kostspielige Cyberangriffe auslösen können."
  },
  {
    "itemId": "https://www.silicon.de/?p=41716892",
    "raw": "Das Thema künstliche Intelligenz wird immer relevanter. Diese Technologie hat Einfluss auf Arbeitsweisen, Politik und das Weltgeschehen und kann sowohl viel Positives, als auch Negatives bewirken. Immer mehr Unternehmen informieren sich über die Möglichkeiten, die KI ihnen gibt und suchen nach Wegen, diese für sich zu nutzen. Sie arbeiten oftmals eng mit IT-Experten zusammen, die bei der Implementierung von KI-basierten Technologien helfen. ",
    "sanitized": "Das Thema künstliche Intelligenz wird immer relevanter. Diese Technologie hat Einfluss auf Arbeitsweisen, Politik und das Weltgeschehen und kann sowohl viel Positives, als auch Negatives bewirken. Immer mehr Unternehmen informieren sich über die Möglichkeiten, die KI ihnen gibt und suchen nach Wegen, diese für sich zu nutzen. Sie arbeiten oftmals eng mit IT-Experten zusammen, die bei der Implementierung von KI-basierten Technologien helfen."
  },
  {
    "itemId": "https://www.silicon.de/?p=41716998",
    "raw": "SAP S/4HANA-Transformationen sind äußerst komplex und verlaufen oft nicht wie geplant – oder scheitern sogar ganz. Lässt sich das verhindern?",
    "sanitized": "SAP S/4HANA-Transformationen sind äußerst komplex und verlaufen oft nicht wie geplant – oder scheitern sogar ganz. Lässt sich das verhindern?"
  },
  {
    "itemId": "https://www.silicon.de/?p=41716511",
    "raw": "Der Black Friday, der in den USA traditionell am Freitag nach Thanksgiving gefeiert wird, hat sich zu einem weltweiten Phänomen entwickelt. Der Tag ist bekannt für seine massiven Rabatte und Sonderangebote, die sowohl Online-Händler als auch stationäre Geschäfte anbieten. ",
    "sanitized": "Der Black Friday, der in den USA traditionell am Freitag nach Thanksgiving gefeiert wird, hat sich zu einem weltweiten Phänomen entwickelt. Der Tag ist bekannt für seine massiven Rabatte und Sonderangebote, die sowohl Online-Händler als auch stationäre Geschäfte anbieten."
  },
  {
    "itemId": "https://www.silicon.de/?p=41716988",
    "raw": "Assistenzsysteme unterstützen Monteure bei der Arbeit. Zu oft zahlt man jedoch mit den eigenen Daten dafür. Ein Forschungsprojekt will dies ändern.",
    "sanitized": "Assistenzsysteme unterstützen Monteure bei der Arbeit. Zu oft zahlt man jedoch mit den eigenen Daten dafür. Ein Forschungsprojekt will dies ändern."
  },
  {
    "itemId": "https://www.silicon.de/?p=41716985",
    "raw": "Hersteller werden stärker in die Pflicht genommen, den gesamten Lebenszyklus ihrer Produkte in den Blick zu nehmen.",
    "sanitized": "Hersteller werden stärker in die Pflicht genommen, den gesamten Lebenszyklus ihrer Produkte in den Blick zu nehmen."
  },
  {
    "itemId": "https://www.silicon.de/?p=41716940",
    "raw": "LLMs besitzen einerseits innovative neue Fähigkeiten, stellen Unternehmen allerdings auch vor diverse Herausforderungen: ob EU AI Act, Metriken oder Benchmarks zur Evaluierung von Modellen und Prompts. ",
    "sanitized": "LLMs besitzen einerseits innovative neue Fähigkeiten, stellen Unternehmen allerdings auch vor diverse Herausforderungen: ob EU AI Act, Metriken oder Benchmarks zur Evaluierung von Modellen und Prompts."
  },
  {
    "itemId": "https://www.silicon.de/?p=41716935",
    "raw": "Server-Ausbau in den USA und China macht große Fortschritte, deutscher Weltmarktanteil sinkt. Lichtblicke in Frankfurt und Berlin.",
    "sanitized": "Server-Ausbau in den USA und China macht große Fortschritte, deutscher Weltmarktanteil sinkt. Lichtblicke in Frankfurt und Berlin."
  },
  {
    "itemId": "https://www.silicon.de/?p=41716930",
    "raw": "Der Markt für Workplace Services gerät in Bewegung. Das bestmögliche digitale Nutzererlebnis gilt als Schlüssel für weiteres Wachstum.",
    "sanitized": "Der Markt für Workplace Services gerät in Bewegung. Das bestmögliche digitale Nutzererlebnis gilt als Schlüssel für weiteres Wachstum."
  },
  {
    "itemId": "https://www.silicon.de/?p=41716902",
    "raw": "Schutz für 10.000 Postfächer über rund 200 Domains: Private-Stack-Variante kombiniert Vorteile einer Cloud-Lösung mit Sicherheit einer dediziert eigenständigen Instanz. ",
    "sanitized": "Schutz für 10.000 Postfächer über rund 200 Domains: Private-Stack-Variante kombiniert Vorteile einer Cloud-Lösung mit Sicherheit einer dediziert eigenständigen Instanz."
  },
  {
    "itemId": "https://www.silicon.de/?p=41716895",
    "raw": "Huawei Connect Paris: Innovationen rund um Data Center, Storage und IT-Sicherheit.",
    "sanitized": "Huawei Connect Paris: Innovationen rund um Data Center, Storage und IT-Sicherheit."
  },
  {
    "itemId": "https://www.silicon.de/?p=41717148",
    "raw": "Cyberschutz neu gedacht: Schulungen und Technologien stärken Mitarbeitende als zentrale Verteidigungslinie gegen moderne Bedrohungen.",
    "sanitized": "Cyberschutz neu gedacht: Schulungen und Technologien stärken Mitarbeitende als zentrale Verteidigungslinie gegen moderne Bedrohungen."
  },
  {
    "itemId": "https://www.silicon.de/?p=41716866",
    "raw": "Mit KI optimieren Hacker ihre Angriffsversuche. Ist CIAM eine Lösung, mit der sich Unternehmen vor Angriffen schützen können? Ein Interview mit Stephan Schweizer von Nevis.",
    "sanitized": "Mit KI optimieren Hacker ihre Angriffsversuche. Ist CIAM eine Lösung, mit der sich Unternehmen vor Angriffen schützen können? Ein Interview mit Stephan Schweizer von Nevis."
  },
  {
    "itemId": "https://www.silicon.de/?p=41716869",
    "raw": "“Amplify Digital and Green Transformation” hieß die zentrale Botschaft des europäischen Flagship-Events „Huawei Connect“ in Paris.",
    "sanitized": "“Amplify Digital and Green Transformation” hieß die zentrale Botschaft des europäischen Flagship-Events „Huawei Connect“ in Paris."
  },
  {
    "itemId": "https://www.silicon.de/?p=41716862",
    "raw": "Deutscher Bio-Lebensmittel-Einzelhändler schließt die Migration von Blue Yonder Category Management-Lösungen in die Cloud ab.",
    "sanitized": "Deutscher Bio-Lebensmittel-Einzelhändler schließt die Migration von Blue Yonder Category Management-Lösungen in die Cloud ab."
  },
  {
    "itemId": "https://www.silicon.de/?p=41716846",
    "raw": "Die meisten Markenbotschaften bleiben ungehört. Wie schaffen es Unternehmen wie Siemens, SAP oder Deutsche Telekom, immer sichtbar zu sein?",
    "sanitized": "Die meisten Markenbotschaften bleiben ungehört. Wie schaffen es Unternehmen wie Siemens, SAP oder Deutsche Telekom, immer sichtbar zu sein?"
  },
  {
    "itemId": "https://www.silicon.de/?p=41716831",
    "raw": "Einsatz von KI-Lösungen wirbelt auch in deutschen Unternehmen die Liste der Top-Technologieanbieter durcheinander.",
    "sanitized": "Einsatz von KI-Lösungen wirbelt auch in deutschen Unternehmen die Liste der Top-Technologieanbieter durcheinander."
  },
  {
    "itemId": "https://www.silicon.de/?p=41716805",
    "raw": "Echtzeitüberweisungen erfüllen die Erwartungen der Nutzer an Geschwindigkeit, sind jedoch anfällig für spezifische Sicherheits- und Datenschutzrisiken.",
    "sanitized": "Echtzeitüberweisungen erfüllen die Erwartungen der Nutzer an Geschwindigkeit, sind jedoch anfällig für spezifische Sicherheits- und Datenschutzrisiken."
  }
]
