[
  {
    "itemId": "https://nitter.privacydev.net/EUDelegationUA/status/1867865715375809011#m",
    "raw": "R to @EUDelegationUA: Special thanks to @EU_FPI for the support.",
    "sanitized": "R to @EUDelegationUA: Special thanks to @EU_FPI for the support."
  },
  {
    "itemId": "https://nitter.privacydev.net/EUDelegationUA/status/1867590624947351700#m",
    "raw": "🇪🇺 Today, @EUDelegationUA, @UNDP, @SwedeninUA, @NorwayMFA delivered 6 gas-powered cogeneration units  to help #Kharkiv with access to critical services benefitting:   \n\n🏘️800,000 residents  \n🏥47 hospitals \n\n🇪🇺🤝🇺🇦 taking another step towards decentralised energy infrastructure.",
    "sanitized": "🇪🇺 Today, @EUDelegationUA, @UNDP, @SwedeninUA, @NorwayMFA delivered 6 gas-powered cogeneration units  to help #Kharkiv with access to critical services benefitting:   \n\n🏘️800,000 residents  \n🏥47 hospitals \n\n🇪🇺🤝🇺🇦 taking another step towards decentralised energy infrastructure."
  },
  {
    "itemId": "https://nitter.privacydev.net/EUDelegationUA/status/1867573613647606062#m",
    "raw": "🇺🇦 Під час мого першого візиту в Україну на посаді 🇪🇺 Комісара з питань оборони і космосу я вшанував пам'ять полеглих Героїв біля Стіни Пам'яті в Києві. \n\nЯ глибоко зворушений самовідданістю українського народу в боротьбі проти російської військової агресії.",
    "sanitized": "🇺🇦 Під час мого першого візиту в Україну на посаді 🇪🇺 Комісара з питань оборони і космосу я вшанував пам'ять полеглих Героїв біля Стіни Пам'яті в Києві. \n\nЯ глибоко зворушений самовідданістю українського народу в боротьбі проти російської військової агресії."
  },
  {
    "itemId": "https://nitter.privacydev.net/EUDelegationUA/status/1867557663946469834#m",
    "raw": "🇺🇦 П'ятниця 13 - чергова масована атака 🇷🇺 на критичну інфраструктуру 🇺🇦. 93 балістичні та крилаті ракети, і понад 200 безпілотників були запущені по об'єктах енергетичної інфраструктури та транспортних мережах.\n\nЗустрічаю нового 🇪🇺 комісара з питань оборони @KubiliusA в укритті.",
    "sanitized": "🇺🇦 П'ятниця 13 - чергова масована атака 🇷🇺 на критичну інфраструктуру 🇺🇦. 93 балістичні та крилаті ракети, і понад 200 безпілотників були запущені по об'єктах енергетичної інфраструктури та транспортних мережах.\n\nЗустрічаю нового 🇪🇺 комісара з питань оборони @KubiliusA в укритті."
  },
  {
    "itemId": "https://nitter.privacydev.net/EUDelegationUA/status/1867277366877143177#m",
    "raw": "🇺🇦 Росія цілеспрямовано атакувала дроном-камікадзе місію МАГАТЕ поблизу Запорізької атомної електростанції, на тлі ударів по енергетичній інфраструктурі України. Ми твердо підтримуємо МАГАТЕ та його місію в Запоріжжі. \n\nПричетні до цієї атаки будуть притягнуті до відповідальності",
    "sanitized": "🇺🇦 Росія цілеспрямовано атакувала дроном-камікадзе місію МАГАТЕ поблизу Запорізької атомної електростанції, на тлі ударів по енергетичній інфраструктурі України. Ми твердо підтримуємо МАГАТЕ та його місію в Запоріжжі. \n\nПричетні до цієї атаки будуть притягнуті до відповідальності"
  },
  {
    "itemId": "https://nitter.privacydev.net/EUDelegationUA/status/1867231441219908018#m",
    "raw": "🇺🇦 Підсумкова координаційна зустріч з послами країн-членів ЄС у Києві. Це був важкий рік, 3-й рік з початку повномасштабного вторгнення 🇷🇺 в 🇺🇦.\n\nРазом з 🇪🇺 колегами ми наполегливо працюємо, щоб забезпечити сильну та стабільну підтримку ЄС 🇺🇦 та допомогти Україні на шляху до ЄС.",
    "sanitized": "🇺🇦 Підсумкова координаційна зустріч з послами країн-членів ЄС у Києві. Це був важкий рік, 3-й рік з початку повномасштабного вторгнення 🇷🇺 в 🇺🇦.\n\nРазом з 🇪🇺 колегами ми наполегливо працюємо, щоб забезпечити сильну та стабільну підтримку ЄС 🇺🇦 та допомогти Україні на шляху до ЄС."
  },
  {
    "itemId": "https://nitter.privacydev.net/EUDelegationUA/status/1867221066633908359#m",
    "raw": "🇺🇦 Україна повністю приєднується до \n@europe_creative \n\nМи допоможемо геніальним ідеям стати реальністю:\n\n📽 Інтегруючи аудіовізуальний сектор 🇺🇦 в 🇪🇺 екосистему\n📚 Збагачуючи аудіовізуальний сектор Європи\n📺 Створюючи нові можливості для отримання фінансування та багато іншого",
    "sanitized": "🇺🇦 Україна повністю приєднується до \n@europe_creative \n\nМи допоможемо геніальним ідеям стати реальністю:\n\n📽 Інтегруючи аудіовізуальний сектор 🇺🇦 в 🇪🇺 екосистему\n📚 Збагачуючи аудіовізуальний сектор Європи\n📺 Створюючи нові можливості для отримання фінансування та багато іншого"
  },
  {
    "itemId": "https://nitter.privacydev.net/kajakallas/status/1866870152777830658#m",
    "raw": "RT by @EUDelegationUA: We must keep up strong pressure on Russia.\n\nGood to see the 15th sanctions package agreed.\n\nIt will further weaken Putin's war machine.",
    "sanitized": "RT by @EUDelegationUA: We must keep up strong pressure on Russia.\n\nGood to see the 15th sanctions package agreed.\n\nIt will further weaken Putin's war machine."
  },
  {
    "itemId": "https://nitter.privacydev.net/G7AmbReformUA/status/1866778950816657672#m",
    "raw": "RT by @EUDelegationUA: На завершення року @italyinukr🇮🇹 передає головування в Групі @CanEmbUkraine🇨🇦. Ми вдячні за постійну співпрацю протягом 2024 р. Підтримка України з боку @G7 залишається непохитною, і команда🇮🇹 в 🇺🇦 продовжуватиме працювати з партнерами задля сталого, справедливого,тривалого миру.",
    "sanitized": "RT by @EUDelegationUA: На завершення року @italyinukr🇮🇹 передає головування в Групі @CanEmbUkraine🇨🇦. Ми вдячні за постійну співпрацю протягом 2024 р. Підтримка України з боку @G7 залишається непохитною, і команда🇮🇹 в 🇺🇦 продовжуватиме працювати з партнерами задля сталого, справедливого,тривалого миру."
  },
  {
    "itemId": "https://nitter.privacydev.net/G7AmbReformUA/status/1866778935419109447#m",
    "raw": "RT by @EUDelegationUA: As the year ends, @italyinukr🇮🇹 hands over the Group's Presidency to @CanEmbUkraine🇨🇦. We’re grateful for constant cooperation during 2024. @G7 support for #Ukraine reamins unwavering & 🇮🇹team in #Kyiv will keep working with partners for a sustainable, just, and lasting peace.",
    "sanitized": "RT by @EUDelegationUA: As the year ends, @italyinukr🇮🇹 hands over the Group's Presidency to @CanEmbUkraine🇨🇦. We’re grateful for constant cooperation during 2024. @G7 support for #Ukraine reamins unwavering & 🇮🇹team in #Kyiv will keep working with partners for a sustainable, just, and lasting peace."
  },
  {
    "itemId": "https://nitter.privacydev.net/eucopresident/status/1866879072749723744#m",
    "raw": "RT by @EUDelegationUA: Important agreement reached today by EU ambassadors on the 15th package of sanctions against Russia containing measures to counter the shadow fleet.\n\nWe must keep up efforts to further limit Russia’s ability to wage war.",
    "sanitized": "RT by @EUDelegationUA: Important agreement reached today by EU ambassadors on the 15th package of sanctions against Russia containing measures to counter the shadow fleet.\n\nWe must keep up efforts to further limit Russia’s ability to wage war."
  },
  {
    "itemId": "https://nitter.privacydev.net/vonderleyen/status/1866858591023460770#m",
    "raw": "RT by @EUDelegationUA: The EU and its G7 partners are committed to keeping a pressure on the Kremlin.\n\nI welcome the agreement on our 15th package of sanctions, targeting in particular Russia’s shadow fleet.",
    "sanitized": "RT by @EUDelegationUA: The EU and its G7 partners are committed to keeping a pressure on the Kremlin.\n\nI welcome the agreement on our 15th package of sanctions, targeting in particular Russia’s shadow fleet."
  },
  {
    "itemId": "https://nitter.privacydev.net/HU24EU/status/1866855441793245321#m",
    "raw": "RT by @EUDelegationUA: ‼️ Ambassadors have just agreed on the 15th package of sanctions in reaction to Russia's aggression against Ukraine.\n\n🗒️ The package adds more persons and entities to the already existing sanctions list, and targets entities in Russia and in third countries other than Russia that indirectly contribute to Russia’s military and technological enhancement through the circumvention of export restrictions.\n\n🛢The adopted sanctions constrain the activity of additional vessels of third states operating to contribute or support actions or policies supporting Russia’s actions against Ukraine.",
    "sanitized": "RT by @EUDelegationUA: ‼️ Ambassadors have just agreed on the 15th package of sanctions in reaction to Russia's aggression against Ukraine.\n\n🗒️ The package adds more persons and entities to the already existing sanctions list, and targets entities in Russia and in third countries other than Russia that indirectly contribute to Russia’s military and technological enhancement through the circumvention of export restrictions.\n\n🛢The adopted sanctions constrain the activity of additional vessels of third states operating to contribute or support actions or policies supporting Russia’s actions against Ukraine."
  },
  {
    "itemId": "https://nitter.privacydev.net/EUDelegationUA/status/1866529169922019736#m",
    "raw": "🇺🇦Пані Посол ЄС @kmathernova: \n\n💬Цьогоріч з нагоди #HumanRightsDay ЄС підтверджує відданість правам людини в 🇺🇦 підтримкою обсягом 14 млн євро у межах 7 нових проєктів у сферах правосуддя, свободи ЗМІ, захисту культурної спадщини та прав національних меншин.\n\n#StandWithUkraine",
    "sanitized": "🇺🇦Пані Посол ЄС @kmathernova: \n\n💬Цьогоріч з нагоди #HumanRightsDay ЄС підтверджує відданість правам людини в 🇺🇦 підтримкою обсягом 14 млн євро у межах 7 нових проєктів у сферах правосуддя, свободи ЗМІ, захисту культурної спадщини та прав національних меншин.\n\n#StandWithUkraine"
  },
  {
    "itemId": "https://nitter.privacydev.net/eu_eeas/status/1866407235745923216#m",
    "raw": "RT by @EUDelegationUA: Russia’s war on Ukraine and conflicts in the Middle East and Sudan devastate civilians’ human rights, especially for women and children.\n\nOn #HumanRightsDay, the EU stands firm — Your Rights, Your Future, Right Now and Always.\n\nHR/VP @kajakallas statement: http://europa.eu/!gXb9gB",
    "sanitized": "RT by @EUDelegationUA: Russia’s war on Ukraine and conflicts in the Middle East and Sudan devastate civilians’ human rights, especially for women and children.\n\nOn #HumanRightsDay, the EU stands firm — Your Rights, Your Future, Right Now and Always.\n\nHR/VP @kajakallas statement: http://europa.eu/!gXb9gB"
  },
  {
    "itemId": "https://nitter.privacydev.net/EUDelegationUA/status/1866134302939074869#m",
    "raw": "У Міжнародний день боротьби з корупцією Посолка ЄС в Україні Катаріна Матернова опублікувала свою колонку в @KyivIndependent.\n\n💬 «🇺🇦 Десятиліття трансформацій, громадської активності та реформ дають свої результати».\n\nhttps://kyivindependent.com/eu-ambassador-to-ukraine-ukraines-anti-corruption-efforts-mark-a-decade-of-transformation/",
    "sanitized": "У Міжнародний день боротьби з корупцією Посолка ЄС в Україні Катаріна Матернова опублікувала свою колонку в @KyivIndependent.\n\n💬 «🇺🇦 Десятиліття трансформацій, громадської активності та реформ дають свої результати».\n\nhttps://kyivindependent.com/eu-ambassador-to-ukraine-ukraines-anti-corruption-efforts-mark-a-decade-of-transformation/"
  },
  {
    "itemId": "https://nitter.privacydev.net/EUDelegationUA/status/1866112883316154410#m",
    "raw": "🇺🇦 Україна невдовзі отримає понад 4,2 млрд євро після ухвалення Радою ЄС другого регулярного траншу в рамках програми \"Ukraine Facility\".\n\nЦі кошти будуть спрямовані на підтримку макрофінансової стабільності України та функціонування органів державного управління.\n\nДокладніше 👇",
    "sanitized": "🇺🇦 Україна невдовзі отримає понад 4,2 млрд євро після ухвалення Радою ЄС другого регулярного траншу в рамках програми \"Ukraine Facility\".\n\nЦі кошти будуть спрямовані на підтримку макрофінансової стабільності України та функціонування органів державного управління.\n\nДокладніше 👇"
  },
  {
    "itemId": "https://nitter.privacydev.net/G7AmbReformUA/status/1863659079178027351#m",
    "raw": "RT by @EUDelegationUA: Посли G7 провели цінний обмін думками з незалежними журналістами 🇺🇦 щодо сучасного медіапростору. Свобода преси та плюралізм мають важливе значення для зміцнення демократії, підтримки політичних дебатів і просування України на євроатлантичному шляху.",
    "sanitized": "RT by @EUDelegationUA: Посли G7 провели цінний обмін думками з незалежними журналістами 🇺🇦 щодо сучасного медіапростору. Свобода преси та плюралізм мають важливе значення для зміцнення демократії, підтримки політичних дебатів і просування України на євроатлантичному шляху."
  },
  {
    "itemId": "https://nitter.privacydev.net/G7AmbReformUA/status/1863659070248341847#m",
    "raw": "RT by @EUDelegationUA: G7 Ambs had a valuable exchange with 🇺🇦independent journalists on the current media landscape. Press freedom and pluralism are crucial for strengthening democracy, supporting political debate, and advancing Ukraine’s Euro-Atlantic path.",
    "sanitized": "RT by @EUDelegationUA: G7 Ambs had a valuable exchange with 🇺🇦independent journalists on the current media landscape. Press freedom and pluralism are crucial for strengthening democracy, supporting political debate, and advancing Ukraine’s Euro-Atlantic path."
  }
]
