Freifunk-Installation am Bahnhof Blankenheim-Wald seit 33 Tagen in Betrieb

Aufgrund seiner geografischen Lage bestehen am Bahnhof Blankenheim-Wald häufig große Schwierigkeiten beim Mobilfunk-Empfang. Mit der Schaffung eines Freifunk-Hotspots am alten Bahnhofsgebäude wird den Reisenden nunmehr eine Möglichkeit geboten, frei und kostenlos das Internet zu nutzen.
---
https://www.roots-at-eifel.net/freifunk-installation-am-bahnhof-blankenheim-wald-seit-33-tagen-in-betrieb/
