[
  {
    "itemId": "https://www.stonewars.de/?p=237035",
    "raw": "LEGO BrickHeadz 2025 Neuheiten: Dumbo, I-Aah und Roter Panda Mei für Februar vorgestellt, Tom & Jerry jetzt bestellbar!",
    "sanitized": "LEGO BrickHeadz 2025 Neuheiten: Dumbo, I-Aah und Roter Panda Mei für Februar vorgestellt, Tom & Jerry jetzt bestellbar!"
  },
  {
    "itemId": "https://www.stonewars.de/?p=236873",
    "raw": "Verkauf gestartet! LEGO Neuheiten im Januar 2025: Neues Modular Building, Blacktron Renegade & über 150 weiteren Sets + bis zu 2x Gratisbeigaben",
    "sanitized": "Verkauf gestartet! LEGO Neuheiten im Januar 2025: Neues Modular Building, Blacktron Renegade & über 150 weiteren Sets + bis zu 2x Gratisbeigaben"
  },
  {
    "itemId": "https://www.stonewars.de/?p=232945#236938",
    "raw": "Verkauf gestartet! LEGO Eckhaus im Tudorstil (10350):Modular Building 2025 mit 2x Gratisbeigaben",
    "sanitized": "Verkauf gestartet! LEGO Eckhaus im Tudorstil (10350):Modular Building 2025 mit 2x Gratisbeigaben"
  },
  {
    "itemId": "https://www.stonewars.de/?p=211037",
    "raw": "Unsere persönlichen LEGO Highlights 2024 – Das sind unsere Redaktions-Favoriten",
    "sanitized": "Unsere persönlichen LEGO Highlights 2024 – Das sind unsere Redaktions-Favoriten"
  },
  {
    "itemId": "https://www.stonewars.de/?p=231747#236853",
    "raw": "StoneWars Adventskalender 2024, Tag 13: Bau(m)schmuck",
    "sanitized": "StoneWars Adventskalender 2024, Tag 13: Bau(m)schmuck"
  },
  {
    "itemId": "https://www.stonewars.de/?p=211373",
    "raw": "Iron Forge: Die ultimative Bau-Challenge",
    "sanitized": "Iron Forge: Die ultimative Bau-Challenge"
  },
  {
    "itemId": "https://www.stonewars.de/?p=235487",
    "raw": "Wahl zum LEGO Set des Jahres 2024 – Das sind die Gewinner!",
    "sanitized": "Wahl zum LEGO Set des Jahres 2024 – Das sind die Gewinner!"
  },
  {
    "itemId": "https://www.stonewars.de/?p=236616#236618",
    "raw": "Alle LEGO Minifiguren Sammelserien: Komplette Übersicht der 800+ LEGO Collectable Minifigures",
    "sanitized": "Alle LEGO Minifiguren Sammelserien: Komplette Übersicht der 800+ LEGO Collectable Minifigures"
  },
  {
    "itemId": "https://www.stonewars.de/?p=236804",
    "raw": "Sale im LEGO Onlineshop: Bis zu 40% Rabatt auf diverse Sets + Feuerwerk-GWP + exklusiver Gutscheincode für Umzugswagen",
    "sanitized": "Sale im LEGO Onlineshop: Bis zu 40% Rabatt auf diverse Sets + Feuerwerk-GWP + exklusiver Gutscheincode für Umzugswagen"
  },
  {
    "itemId": "https://www.stonewars.de/?p=235700",
    "raw": "Das StoneWars-Team wünscht frohe Weihnachten!",
    "sanitized": "Das StoneWars-Team wünscht frohe Weihnachten!"
  }
]
