{
  "raw__": "Rivian has launched its advanced driver assistance system (ADAS), rolling out its new Enhanced Highway Assist feature, along with several other new features. Introduced through software update 2025.06, the hands-free driving system is currently only […]\nThe post Rivian brings hands-free driving and more in latest software update appeared first on Drive Tesla.\n---\nhttps://driveteslacanada.ca/news/rivian-brings-hands-free-driving-and-more-in-latest-software-update/?utm_source=rss&utm_medium=rss&utm_campaign=rivian-brings-hands-free-driving-and-more-in-latest-software-update",
  "split": "Rivian brings hands-free driving and more in latest software update\n\nRivian has launched its advanced driver assistance system (ADAS), rolling out its new Enhanced Highway Assist feature, along with several other new features. Introduced through software update 2025.06, the hands-free driving system is currently only ...\n---\nhttps://driveteslacanada.ca/news/rivian-brings-hands-free-driving-and-more-in-latest-software-update/?utm_source=rss&utm_medium=rss&utm_campaign=rivian-brings-hands-free-driving-and-more-in-latest-software-update"
}
