[
  {
    "itemId": "67573d250e7e3341092787cc",
    "raw": "Luigi Mangione, a 26-year-old graduate of the University of Pennsylvania, was apprehended on Monday after visiting a McDonald's in Altoona, Pennsylvania.",
    "sanitized": "Luigi Mangione, a 26-year-old graduate of the University of Pennsylvania, was apprehended on Monday after visiting a McDonald's in Altoona, Pennsylvania."
  },
  {
    "itemId": "674de7e9a96f6110bb57c769",
    "raw": "Startup Phantom Neuro is building an implant that sits under the skin and which promises to give amputees more accurate control of electronic prosthetics.",
    "sanitized": "Startup Phantom Neuro is building an implant that sits under the skin and which promises to give amputees more accurate control of electronic prosthetics."
  },
  {
    "itemId": "66e33f4256ceae918a4e0dd0",
    "raw": "Let them pick out their own hiking boots. Instead, try gifting a useful app or a nature journal to delight your outdoorsy friend.",
    "sanitized": "Let them pick out their own hiking boots. Instead, try gifting a useful app or a nature journal to delight your outdoorsy friend."
  },
  {
    "itemId": "5bea0c51798a4365ec16fdca",
    "raw": "We found lots of math-filled and science-rich toys for tiny nerds to assemble, bake, squish—or even tear apart and rebuild.",
    "sanitized": "We found lots of math-filled and science-rich toys for tiny nerds to assemble, bake, squish—or even tear apart and rebuild."
  },
  {
    "itemId": "6751fbd1453c8b7e30dbd7b0",
    "raw": "With a great fit and class-leading sound, these pricey open-ear buds have me hooked.",
    "sanitized": "With a great fit and class-leading sound, these pricey open-ear buds have me hooked."
  },
  {
    "itemId": "674f5f7b3ffc1b7f03c85b60",
    "raw": "People use AI pals for all sorts of reasons. Here’s what happens when you take one on a solo trip to Japan.",
    "sanitized": "People use AI pals for all sorts of reasons. Here’s what happens when you take one on a solo trip to Japan."
  },
  {
    "itemId": "6753221956c72d5e080f65f8",
    "raw": "Performance is lackluster on this Windows 2-in-1 laptop, but it’s still a solid proposition at this low price.",
    "sanitized": "Performance is lackluster on this Windows 2-in-1 laptop, but it’s still a solid proposition at this low price."
  },
  {
    "itemId": "674a4645b6d33cdb5f40a314",
    "raw": "AI can tackle your email mountain so you don't have to. Here's how to decide whether Gmail's new productivity feature makes sense for your workflow.",
    "sanitized": "AI can tackle your email mountain so you don't have to. Here's how to decide whether Gmail's new productivity feature makes sense for your workflow."
  },
  {
    "itemId": "674f593e7bb6f9b652d042ed",
    "raw": "Videos of minors. Illegal data collection. Lack of oversight. Lawsuits. Problems have dogged the popular porn site for years. Is its promise of transparency enough for a reset?",
    "sanitized": "Videos of minors. Illegal data collection. Lack of oversight. Lawsuits. Problems have dogged the popular porn site for years. Is its promise of transparency enough for a reset?"
  },
  {
    "itemId": "67470cadd2fcc08b920f4cab",
    "raw": "Biotechnologist Sebastian Cocioba started hacking plants to put himself through college. Now, from his home lab on Long Island, he wants to bring the tools of genetic engineering to the masses.",
    "sanitized": "Biotechnologist Sebastian Cocioba started hacking plants to put himself through college. Now, from his home lab on Long Island, he wants to bring the tools of genetic engineering to the masses."
  },
  {
    "itemId": "673e7fb6d37bbafcdd4bea80",
    "raw": "Coalitions between feminist movements, minorities, and labor activists will help keep the Silicon Valley moguls in check.",
    "sanitized": "Coalitions between feminist movements, minorities, and labor activists will help keep the Silicon Valley moguls in check."
  },
  {
    "itemId": "674db728bf39c3a80eb5b342",
    "raw": "At Jaguar Land Rover’s historic Halewood factory in Merseyside, England, state-of-the art assembly robots are now building the cars of the future.",
    "sanitized": "At Jaguar Land Rover’s historic Halewood factory in Merseyside, England, state-of-the art assembly robots are now building the cars of the future."
  },
  {
    "itemId": "673ec0d45a6f1c0bfd991fbe",
    "raw": "Light up a desk with this space-saving lamp that hangs over your computer monitor—now with motion sensing.",
    "sanitized": "Light up a desk with this space-saving lamp that hangs over your computer monitor—now with motion sensing."
  },
  {
    "itemId": "675329bff7b34f5d1061098c",
    "raw": "Global plastic pollution talks have stalled—but a treaty is possible if countries can agree on finances, the proper regulation of dangerous ingredients, and set limits on production.",
    "sanitized": "Global plastic pollution talks have stalled—but a treaty is possible if countries can agree on finances, the proper regulation of dangerous ingredients, and set limits on production."
  },
  {
    "itemId": "675081f8f1597f697bd14db3",
    "raw": "The Scribe remains a great digital notebook for Kindle loyalists, even if not much has changed over the original.",
    "sanitized": "The Scribe remains a great digital notebook for Kindle loyalists, even if not much has changed over the original."
  },
  {
    "itemId": "5db84ebc182de80009f7fe2b",
    "raw": "Upgrade your loved one’s home office with these picks that make every day a little easier—and a little more fun.",
    "sanitized": "Upgrade your loved one’s home office with these picks that make every day a little easier—and a little more fun."
  },
  {
    "itemId": "675043c12f786feacdf5616e",
    "raw": "Rather than having a shorter lifespan than internal combustion engines, EV batteries are lasting way longer than expected, surprising even the automakers themselves.",
    "sanitized": "Rather than having a shorter lifespan than internal combustion engines, EV batteries are lasting way longer than expected, surprising even the automakers themselves."
  },
  {
    "itemId": "6750c00b5e0ff60447ba918d",
    "raw": "The all-in-one bassinet and crib has it all: a baby monitor, a sound machine, and the ability to bounce your baby to sleep.",
    "sanitized": "The all-in-one bassinet and crib has it all: a baby monitor, a sound machine, and the ability to bounce your baby to sleep."
  },
  {
    "itemId": "6752cda8564956432b97964b",
    "raw": "An affordable upgrade over the default Xbox controller—but not without compromises.",
    "sanitized": "An affordable upgrade over the default Xbox controller—but not without compromises."
  },
  {
    "itemId": "673fa4243f4aac7485dc701f",
    "raw": "From underconsumption and de-influencing to work-life balance and the novelty of no-tech, Gen Z will upend the status quo.",
    "sanitized": "From underconsumption and de-influencing to work-life balance and the novelty of no-tech, Gen Z will upend the status quo."
  },
  {
    "itemId": "6750a0832f1dea4b63bc1cee",
    "raw": "Mathematician David Bessis claims that mathematical thinking isn’t what you think it is, and that everyone can benefit from doing more of it.",
    "sanitized": "Mathematician David Bessis claims that mathematical thinking isn’t what you think it is, and that everyone can benefit from doing more of it."
  },
  {
    "itemId": "6723f3d1fe9036abfe13c4d6",
    "raw": "Check out our deals for Nike this month, including an additional 25% off with our coupon code.",
    "sanitized": "Check out our deals for Nike this month, including an additional 25% off with our coupon code."
  },
  {
    "itemId": "675335d2d156a56a087d73c0",
    "raw": "This tiny synth is a solid upgrade, but it lives in a sea of excellent competitors.",
    "sanitized": "This tiny synth is a solid upgrade, but it lives in a sea of excellent competitors."
  },
  {
    "itemId": "673bcc68f2658b6b05b8c1af",
    "raw": "After testing many, many sunrise alarm clocks, I recommend the Lumie Bodyclock Shine 300 for your perpetually sleepy loved one.",
    "sanitized": "After testing many, many sunrise alarm clocks, I recommend the Lumie Bodyclock Shine 300 for your perpetually sleepy loved one."
  },
  {
    "itemId": "675321e39f0dc595909fd2ad",
    "raw": "It’s not flashy, but this Asus laptop has all the power you probably need plus a crisp OLED display.",
    "sanitized": "It’s not flashy, but this Asus laptop has all the power you probably need plus a crisp OLED display."
  },
  {
    "itemId": "674a43f678c1e1d1cba9e8a0",
    "raw": "There are several ways to keep the elements on your Mac’s screen from getting in the way of your work. Try these tips to free up some visual space.",
    "sanitized": "There are several ways to keep the elements on your Mac’s screen from getting in the way of your work. Try these tips to free up some visual space."
  },
  {
    "itemId": "63e53e6469cf98bf35404268",
    "raw": "Joy, Hot Frosty, and Will & Harper are just a few of the movies you should watch on Netflix this month.",
    "sanitized": "Joy, Hot Frosty, and Will & Harper are just a few of the movies you should watch on Netflix this month."
  },
  {
    "itemId": "63e553d835b4148ce01604ab",
    "raw": "A Man on the Inside, Black Doves, and Heartstopper are just a few of the shows you need to watch on Netflix this month.",
    "sanitized": "A Man on the Inside, Black Doves, and Heartstopper are just a few of the shows you need to watch on Netflix this month."
  },
  {
    "itemId": "670e8f3b4608af9286974798",
    "raw": "Each footfall on a carpet could loft untold amounts of particulate matter back into the air—here are some ways to keep your home healthy.",
    "sanitized": "Each footfall on a carpet could loft untold amounts of particulate matter back into the air—here are some ways to keep your home healthy."
  },
  {
    "itemId": "672a5e7237eafa828b13eb26",
    "raw": "Plus: Russian spies keep hijacking other hackers’ infrastructure, Hydra dark web market admin gets life sentence in Russia, and more of the week’s top security news.",
    "sanitized": "Plus: Russian spies keep hijacking other hackers’ infrastructure, Hydra dark web market admin gets life sentence in Russia, and more of the week’s top security news."
  },
  {
    "itemId": "67487348f9f26cb998f6cb8f",
    "raw": "A quarter of all iPhones could be made outside China by 2025, most likely in India—a rapidly growing market with hundreds of millions of potential customers. And the race is on, as Samsung and Chinese brands are betting big there too.",
    "sanitized": "A quarter of all iPhones could be made outside China by 2025, most likely in India—a rapidly growing market with hundreds of millions of potential customers. And the race is on, as Samsung and Chinese brands are betting big there too."
  },
  {
    "itemId": "673fb731e23cc21e64175f90",
    "raw": "From personal trainers to in-person therapy, only the wealthy have access to human connection. What are the options for the less advantaged?",
    "sanitized": "From personal trainers to in-person therapy, only the wealthy have access to human connection. What are the options for the less advantaged?"
  },
  {
    "itemId": "67508eb2368f00d80bbbac77",
    "raw": "State leaders want nuclear reactors to provide consistent, low-carbon power for AI, oil extraction, and more. But in South Texas, people worry mining for fuel will poison their water.",
    "sanitized": "State leaders want nuclear reactors to provide consistent, low-carbon power for AI, oil extraction, and more. But in South Texas, people worry mining for fuel will poison their water."
  },
  {
    "itemId": "66eb00ad83cd4f2fbb17d4a2",
    "raw": "Get an additional 5% off a selection of KitchenAid countertop appliances, such as stand mixers, blenders, countertop ovens, and more.",
    "sanitized": "Get an additional 5% off a selection of KitchenAid countertop appliances, such as stand mixers, blenders, countertop ovens, and more."
  },
  {
    "itemId": "674f80033ffc1b7f03c85b6b",
    "raw": "Explore Chewy deals, like $20 off and free shipping, and shop smarter today with WIRED.",
    "sanitized": "Explore Chewy deals, like $20 off and free shipping, and shop smarter today with WIRED."
  },
  {
    "itemId": "675219d0dba35813dd6e7b6f",
    "raw": "Treat yourself or someone else to discounts on our favorite TVs, headphones, and more.",
    "sanitized": "Treat yourself or someone else to discounts on our favorite TVs, headphones, and more."
  },
  {
    "itemId": "6751bbd489429ffc2bb30e6c",
    "raw": "The new film about an FBI agent chasing a white supremacist terror cell is based on a true story—and one that connects the headlines of 40 years ago to those of today.",
    "sanitized": "The new film about an FBI agent chasing a white supremacist terror cell is based on a true story—and one that connects the headlines of 40 years ago to those of today."
  },
  {
    "itemId": "674f50304d45f08475f3e233",
    "raw": "Our security and business editors join us to discuss how you can protect your personal information from data brokers, tech companies, scammers, and the government.",
    "sanitized": "Our security and business editors join us to discuss how you can protect your personal information from data brokers, tech companies, scammers, and the government."
  },
  {
    "itemId": "67533796f0b7647a6583c288",
    "raw": "The WHO has sent epidemiologists to the country to uncover the cause of the illness, which has killed more than 70 people, half of them children.",
    "sanitized": "The WHO has sent epidemiologists to the country to uncover the cause of the illness, which has killed more than 70 people, half of them children."
  },
  {
    "itemId": "6751fbf7214474eff465ac88",
    "raw": "Apple’s leaders claim the company wasn’t late to generative AI, but instead following what has become its familiar playbook: try to be the best, not the first.",
    "sanitized": "Apple’s leaders claim the company wasn’t late to generative AI, but instead following what has become its familiar playbook: try to be the best, not the first."
  },
  {
    "itemId": "675301f4e3a35d0466e51748",
    "raw": "David Sacks, a member of the infamous “PayPal Mafia,” will lead a group of advisers tasked with steering AI and crypto policy under the Trump administration.",
    "sanitized": "David Sacks, a member of the infamous “PayPal Mafia,” will lead a group of advisers tasked with steering AI and crypto policy under the Trump administration."
  },
  {
    "itemId": "673ce89647b0c8ad12d08588",
    "raw": "The Supreme Court, president-elect Donald Trump, or an American buyer could still intervene to save the video platform, which is used by some 170 million Americans.",
    "sanitized": "The Supreme Court, president-elect Donald Trump, or an American buyer could still intervene to save the video platform, which is used by some 170 million Americans."
  },
  {
    "itemId": "618149631c2f944a21fd2e93",
    "raw": "From Instant Pots to ice cream makers to knife sharpeners anyone can use, we have ideas that will keep the curious cook in your life tinkering away.",
    "sanitized": "From Instant Pots to ice cream makers to knife sharpeners anyone can use, we have ideas that will keep the curious cook in your life tinkering away."
  },
  {
    "itemId": "67396210c241fe5ed3876f79",
    "raw": "Sea kelp, otherwise known as bladderwrack, has become a trendy superfood. But the modern hype doesn’t hold up.",
    "sanitized": "Sea kelp, otherwise known as bladderwrack, has become a trendy superfood. But the modern hype doesn’t hold up."
  },
  {
    "itemId": "650afdff39f19db2158b9dd4",
    "raw": "If you want to log or analyze your shut-eye, these WIRED-tested sleep trackers are the way to go.",
    "sanitized": "If you want to log or analyze your shut-eye, these WIRED-tested sleep trackers are the way to go."
  },
  {
    "itemId": "674a403f7204098fc5269238",
    "raw": "Canvas, which is available to OpenAI’s paid subscribers, is a little bit like an AI-powered Google Docs. Here’s how to use it.",
    "sanitized": "Canvas, which is available to OpenAI’s paid subscribers, is a little bit like an AI-powered Google Docs. Here’s how to use it."
  },
  {
    "itemId": "67464f62b36fe19e4f62003f",
    "raw": "The restaurant featured in the hit TV show Midnight Diner is a wholly a fictitious izakaya. On a recent trip to Tokyo, I set out to find it anyway.",
    "sanitized": "The restaurant featured in the hit TV show Midnight Diner is a wholly a fictitious izakaya. On a recent trip to Tokyo, I set out to find it anyway."
  },
  {
    "itemId": "5b2af46811196626aaeb181f",
    "raw": "Good cold-brewed coffee tastes like magic. Learn how to make it right—no barista necessary.",
    "sanitized": "Good cold-brewed coffee tastes like magic. Learn how to make it right—no barista necessary."
  },
  {
    "itemId": "67470cca2b81bdf888e977ac",
    "raw": "The internet of things turned every device in your house into a smart something. Now it’s coming for nature—to track forest fires and tree health or to listen out for threatened animals.",
    "sanitized": "The internet of things turned every device in your house into a smart something. Now it’s coming for nature—to track forest fires and tree health or to listen out for threatened animals."
  },
  {
    "itemId": "6752169e59c637948b8e6340",
    "raw": "Once an internet cause célèbre, this year lots of folks turned cold on Spotify Wrapped. TikTok’s year in review also felt unsurprising. Maybe our platforms know less about us than we think.",
    "sanitized": "Once an internet cause célèbre, this year lots of folks turned cold on Spotify Wrapped. TikTok’s year in review also felt unsurprising. Maybe our platforms know less about us than we think."
  }
]
