{
  "raw__": "Are you a Linux user looking to install the Nextcloud All-in-One (AIO) Docker image? In this blog, we walk you through the steps, just like we did in our last AIO Guide for Windows 10 & 11. Nextcloud All-in-One is a Docker-based project that allows you to install just one container that does the heavy […]\nThe post How to install the Nextcloud All-in-One on Linux appeared first on Nextcloud.\n---\nhttps://nextcloud.com/blog/how-to-install-the-nextcloud-all-in-one-on-linux/",
  "split": "How to install the Nextcloud All-in-One on Linux\n\nAre you a Linux user looking to install the Nextcloud All-in-One (AIO) Docker image? In this blog, we walk you through the steps, just like we did in our last AIO Guide for Windows 10 & 11. Nextcloud All-in-One is a Docker-based project that allows you to install just one container that does the heavy […]...\n---\nhttps://nextcloud.com/blog/how-to-install-the-nextcloud-all-in-one-on-linux/"
}
