Kirche organisiert Weihnachtsmarkt für Menschen mit wenig Geld

Nicht alle können sich den Besuch eines Weihnachtsmarkts leisten. Eine Kirchengemeinde hat ein Konzept entwickelt, das Glühwein und Würstchen auch für Menschen mit knappem Budget möglich macht. Von Jens Eberl.
---
https://www.tagesschau.de/wirtschaft/weihnachtsmarkt-spenden-heinsberg-kirche-100.html
