Virtuelle Trainingsassistenten im Selbsttest: Meine Top-6 im Vergleich

Als Technik­blogger und Hobbysportler habe ich im letzten Jahr intensiv mit digitalen Coaches experimentiert. Ich trainiere vor allem mit der Apple Watch, dem zusätzliche Pulsmesser von Polar und beim Biken mit einem Garmin Edge. Im letzten Jahr hat mich vor allem die KI-Plattform Trait begleitet. In diesem Beitrag stelle ich sieben Tools vor, vergleiche sie ...
---
https://technikblog.ch/2025/08/virtuelle-trainingsassistenten-im-selbsttest-meine-top-6-im-vergleich/
