[
  {
    "itemId": "https://www.fernuni-hagen.de/universitaet/aktuelles/2025/11/dies-academicus-fernuni-im-wandel.shtml",
    "raw": null,
    "sanitized": null
  },
  {
    "itemId": "https://www.fernuni-hagen.de/universitaet/aktuelles/2025/11/enervie-preise-fuer-nachhaltige-spitzenforschung.shtml",
    "raw": null,
    "sanitized": null
  },
  {
    "itemId": "https://www.fernuni-hagen.de/universitaet/aktuelles/2025/11/dies-academicus-forschungspreis.shtml",
    "raw": null,
    "sanitized": null
  },
  {
    "itemId": "https://www.fernuni-hagen.de/universitaet/aktuelles/2025/11/am-immersive-technologien-sozialpsychologie.shtml",
    "raw": null,
    "sanitized": null
  },
  {
    "itemId": "https://www.fernuni-hagen.de/universitaet/aktuelles/2025/11/dies-academicus-vergabe-lehrpreis.shtml",
    "raw": null,
    "sanitized": null
  },
  {
    "itemId": "https://www.fernuni-hagen.de/universitaet/aktuelles/2025/11/dies-academicus-sonderpreis.shtml",
    "raw": null,
    "sanitized": null
  },
  {
    "itemId": "https://www.fernuni-hagen.de/forschung/schwerpunkte/catalpa/aktuelles-termine/aktuelles/NextLevelLernenNews.shtml",
    "raw": null,
    "sanitized": null
  },
  {
    "itemId": "https://www.fernuni-hagen.de/universitaet/aktuelles/2025/11/gerichte-als-buehne-der-energiewende.shtml",
    "raw": null,
    "sanitized": null
  },
  {
    "itemId": "https://www.fernuni-hagen.de/universitaet/aktuelles/2025/11/zukunftskonferenz-nrw.shtml",
    "raw": null,
    "sanitized": null
  },
  {
    "itemId": "https://www.fernuni-hagen.de/universitaet/aktuelles/2025/11/metaverse-meets-health-forschungssymposium.shtml",
    "raw": null,
    "sanitized": null
  }
]
