[
  {
    "itemId": "5798 at http://www.windowspro.de",
    "raw": null,
    "sanitized": null
  },
  {
    "itemId": "4956 at http://www.windowspro.de",
    "raw": null,
    "sanitized": null
  },
  {
    "itemId": "5796 at http://www.windowspro.de",
    "raw": null,
    "sanitized": null
  },
  {
    "itemId": "5070 at http://www.windowspro.de",
    "raw": null,
    "sanitized": null
  },
  {
    "itemId": "5795 at http://www.windowspro.de",
    "raw": null,
    "sanitized": null
  },
  {
    "itemId": "5793 at http://www.windowspro.de",
    "raw": null,
    "sanitized": null
  },
  {
    "itemId": "5794 at http://www.windowspro.de",
    "raw": null,
    "sanitized": null
  },
  {
    "itemId": "5685 at http://www.windowspro.de",
    "raw": null,
    "sanitized": null
  },
  {
    "itemId": "5789 at http://www.windowspro.de",
    "raw": null,
    "sanitized": null
  },
  {
    "itemId": "5792 at http://www.windowspro.de",
    "raw": null,
    "sanitized": null
  }
]
