[
  {
    "itemId": "https://www1.wdr.de/nachrichten/rauchen-who-sucht-jugendliche-vapes-100.html",
    "raw": "",
    "sanitized": ""
  },
  {
    "itemId": "https://www1.wdr.de/nachrichten/rentenstreit-bundesregierung-fragen-antworten-100.html",
    "raw": "",
    "sanitized": ""
  },
  {
    "itemId": "https://www1.wdr.de/nachrichten/kaelte-obdachlose-hilfe-nrw-100.html",
    "raw": "",
    "sanitized": ""
  },
  {
    "itemId": "https://www1.wdr.de/nachrichten/landespolitik/rettungswagen-fehlfahrten-100.html",
    "raw": "",
    "sanitized": ""
  },
  {
    "itemId": "https://www1.wdr.de/nachrichten/polizisten-bochum-schiessen-auf-maedchen-100.html",
    "raw": "",
    "sanitized": ""
  },
  {
    "itemId": "https://www1.wdr.de/nachrichten/syrien-recherche-blog-schayani-akid-100.html",
    "raw": "Eine Woche reisen Isabel Schayani und Borhan Akid durch Syrien. In diesem Blog berichten sie über ihre Reise und ihre Erlebnisse.",
    "sanitized": "Eine Woche reisen Isabel Schayani und Borhan Akid durch Syrien. In diesem Blog berichten sie über ihre Reise und ihre Erlebnisse."
  },
  {
    "itemId": "https://www1.wdr.de/nachrichten/der-erste-schnee-sauerland-kahler-asten-kaltfront-nrw-100.html",
    "raw": "",
    "sanitized": ""
  },
  {
    "itemId": "https://www1.wdr.de/nachrichten/koeln-hauptbahnhof-sperrung-104.html",
    "raw": "",
    "sanitized": ""
  },
  {
    "itemId": "https://www1.wdr.de/nachrichten/ruhrgebiet/weihnachtsmarkt-dortmund-weihnachtsbaum-Tasse-100.html",
    "raw": "",
    "sanitized": ""
  },
  {
    "itemId": "https://www1.wdr.de/nachrichten/westfalen-lippe/baeckerin-des-jahres-sundern-100.html",
    "raw": "",
    "sanitized": ""
  },
  {
    "itemId": "https://www1.wdr.de/nachrichten/impuls-wechseljahre-schaden-wirtschaft-100.html",
    "raw": "Die Menopause kommt langsam aus der Tabu-Zone. Wir müssen das Thema aber noch mehr an den Arbeitsplatz holen.",
    "sanitized": "Die Menopause kommt langsam aus der Tabu-Zone. Wir müssen das Thema aber noch mehr an den Arbeitsplatz holen."
  },
  {
    "itemId": "https://www1.wdr.de/nachrichten/zukunft-der-rente-eure-fragen-zum-sozialstaat-100.html",
    "raw": "Die Bundesregierung will den Sozialstaat reformieren. Die neue Aktivrente soll Arbeit im Alter attraktiver machen.",
    "sanitized": "Die Bundesregierung will den Sozialstaat reformieren. Die neue Aktivrente soll Arbeit im Alter attraktiver machen."
  },
  {
    "itemId": "https://www1.wdr.de/nachrichten/eure-fragen-zum-sozialstaat-gesundheitssystem-krankenkasse-100.html",
    "raw": "Die Bundresregierung will den Sozialstaat reformieren. Ein Schwerpunkt: Das Gesundheitssystem. Schickt uns eure Fragen dazu!",
    "sanitized": "Die Bundresregierung will den Sozialstaat reformieren. Ein Schwerpunkt: Das Gesundheitssystem. Schickt uns eure Fragen dazu!"
  },
  {
    "itemId": "https://www1.wdr.de/nachrichten/sozialstaat-buergergeld-100.html",
    "raw": "Bürgergeld-Empfänger müssen künftig mit deutlich härteren Sanktionen rechnen. Was genau ändert sich jetzt?",
    "sanitized": "Bürgergeld-Empfänger müssen künftig mit deutlich härteren Sanktionen rechnen. Was genau ändert sich jetzt?"
  },
  {
    "itemId": "https://www1.wdr.de/nachrichten/wirtschaft/sozialstaat-reform-kosten-100.html",
    "raw": "Bundeskanzler Merz will den Sozialstaat umbauen. Dabei geht es längst nicht nur ums Bürgergeld. Antworten auf eure Fragen.",
    "sanitized": "Bundeskanzler Merz will den Sozialstaat umbauen. Dabei geht es längst nicht nur ums Bürgergeld. Antworten auf eure Fragen."
  },
  {
    "itemId": "https://www1.wdr.de/nachrichten/sozialstaat-steuern-100.html",
    "raw": "Kanzler Merz findet den deutschen Sozialstaat zu teuer und will bei den Leistungen kürzen - eine Alternative wären höhere Steuern.",
    "sanitized": "Kanzler Merz findet den deutschen Sozialstaat zu teuer und will bei den Leistungen kürzen - eine Alternative wären höhere Steuern."
  },
  {
    "itemId": "https://data.wdr.de/umfrage/wo-brennts/",
    "raw": "",
    "sanitized": ""
  },
  {
    "itemId": "https://www1.wdr.de/nachrichten/westfalen-lippe/polizei-einsatz-autobahn-olpe-freudenberg-100.html",
    "raw": "Die auf der A45 bei Olpe gefundenen Körperteile sind nach WDR-Informationen offenbar die Hände einer Frau aus Eritrea.",
    "sanitized": "Die auf der A45 bei Olpe gefundenen Körperteile sind nach WDR-Informationen offenbar die Hände einer Frau aus Eritrea."
  },
  {
    "itemId": "https://www1.wdr.de/nachrichten/auktion-ns-dokumente-judensterne-neuss-100.html",
    "raw": "Ein Neusser Auktionshaus wollte Dokumente von Holocaust-Opfern und -Tätern versteigern. Nach massiver Kritik erfolgte die Absage.",
    "sanitized": "Ein Neusser Auktionshaus wollte Dokumente von Holocaust-Opfern und -Tätern versteigern. Nach massiver Kritik erfolgte die Absage."
  },
  {
    "itemId": "https://www1.wdr.de/nachrichten/rheinland/protestmarsch-klage-polizei-100.html",
    "raw": "Die Veranstalter werfen den Beamten vor, die Versammlung am 30. August in Köln rechtswidrig aufgelöst zu haben.",
    "sanitized": "Die Veranstalter werfen den Beamten vor, die Versammlung am 30. August in Köln rechtswidrig aufgelöst zu haben."
  },
  {
    "itemId": "https://www1.wdr.de/nachrichten/rheinland/bergisch-gladbach-rettungswagen-faehrt-kind-an-100.html",
    "raw": "In Bergisch Gladbach ist ein Kind am Montag von einem Rettungswagen im Einsatz erfasst und schwer verletzt worden.",
    "sanitized": "In Bergisch Gladbach ist ein Kind am Montag von einem Rettungswagen im Einsatz erfasst und schwer verletzt worden."
  },
  {
    "itemId": "https://www1.wdr.de/nachrichten/westfalen-lippe/vogelgrippe-verdacht-dorsten-putenmast-keulungen-100.html",
    "raw": "In einem Putenmastbetrieb in Dorsten werden 14.000 Puten vorsorglich getötet. Hier könnte die Vogelgrippe ausgebrochen sein.",
    "sanitized": "In einem Putenmastbetrieb in Dorsten werden 14.000 Puten vorsorglich getötet. Hier könnte die Vogelgrippe ausgebrochen sein."
  },
  {
    "itemId": "https://www.tagesschau.de/wirtschaft/verbraucher/kostenunterschiede-pflege-100.html",
    "raw": "Die Eigenbeteiligung für Pflegeheimplätze fällt je nach Region sehr verschieden aus. Das arbeitgebernahe Institut der deutschen Wirtschaft hat die Kosten untersucht und sieht ein Stadt-Land-Gefälle. Von D. Zajonz.",
    "sanitized": "Die Eigenbeteiligung für Pflegeheimplätze fällt je nach Region sehr verschieden aus. Das arbeitgebernahe Institut der deutschen Wirtschaft hat die Kosten untersucht und sieht ein Stadt-Land-Gefälle. Von D. Zajonz."
  },
  {
    "itemId": "https://www.tagesschau.de/inland/livestream-ts24-104.html",
    "raw": "Aktuelle Meldungen, vertiefende Analysen und Interviews: Verfolgen Sie das Programm des ARD-Nachrichtenkanals tagesschau24 hier live.",
    "sanitized": "Aktuelle Meldungen, vertiefende Analysen und Interviews: Verfolgen Sie das Programm des ARD-Nachrichtenkanals tagesschau24 hier live."
  },
  {
    "itemId": "https://www.tagesschau.de/ausland/asien/klingbeil-china-106.html",
    "raw": "Deutsche Firmen sind auf kritische Rohstoffe aus China angewiesen. Doch der Export stockt nach wie vor. Bei seinem Besuch in Peking hat Vizekanzler Klingbeil auf Verlässlichkeit gedrungen - und ist offenbar gehört worden. Von Benjamin Eyssel.",
    "sanitized": "Deutsche Firmen sind auf kritische Rohstoffe aus China angewiesen. Doch der Export stockt nach wie vor. Bei seinem Besuch in Peking hat Vizekanzler Klingbeil auf Verlässlichkeit gedrungen - und ist offenbar gehört worden. Von Benjamin Eyssel."
  },
  {
    "itemId": "https://www.tagesschau.de/inland/innenpolitik/wadephul-reise-westbalkan-100.html",
    "raw": "Sechs Länder in 65 Stunden: Außenminister Wadephul ist unterwegs in den Westbalkan-Staaten, wirbt für die EU. Seine Botschaft: Bewegt euch. Denn die Nähe mancher Länder zu Russland macht ihm Sorgen. Von N. Kohnert und G. Schwarte.",
    "sanitized": "Sechs Länder in 65 Stunden: Außenminister Wadephul ist unterwegs in den Westbalkan-Staaten, wirbt für die EU. Seine Botschaft: Bewegt euch. Denn die Nähe mancher Länder zu Russland macht ihm Sorgen. Von N. Kohnert und G. Schwarte."
  },
  {
    "itemId": "https://www.tagesschau.de/ausland/asien/gaza-un-resolution-100.html",
    "raw": "Der UN-Sicherheitsrat berät heute voraussichtlich über eine von den USA eingebrachte Gaza-Resolution. Doch sowohl Israel als auch die Hamas haben daran etwas auszusetzen - wenn auch verschiedene Punkte. Von Julio Segador.",
    "sanitized": "Der UN-Sicherheitsrat berät heute voraussichtlich über eine von den USA eingebrachte Gaza-Resolution. Doch sowohl Israel als auch die Hamas haben daran etwas auszusetzen - wenn auch verschiedene Punkte. Von Julio Segador."
  },
  {
    "itemId": "https://www1.wdr.de/sport/fussball/britta-carlson-fc-koeln-100.html",
    "raw": "",
    "sanitized": ""
  },
  {
    "itemId": "https://www1.wdr.de/nachrichten/rheinland/randale-niederrheinpokal-wuppertal-100.html",
    "raw": "",
    "sanitized": ""
  },
  {
    "itemId": "https://www1.wdr.de/sport/fussball/erste-bundesliga/adeyemi-waffenbesitz-100.html",
    "raw": "",
    "sanitized": ""
  },
  {
    "itemId": "https://www1.wdr.de/nachrichten/rheinland/kita-bio-unterricht-100.html",
    "raw": "",
    "sanitized": ""
  },
  {
    "itemId": "https://www1.wdr.de/nachrichten/nrw-weihnachtsmaerkte-2025-uebersicht-100.html",
    "raw": "",
    "sanitized": ""
  },
  {
    "itemId": "https://www1.wdr.de/nachrichten/steuern-luxusfluege-klima-100.html",
    "raw": "",
    "sanitized": ""
  },
  {
    "itemId": "https://www.quarks.de/gesundheit/milch-krank/",
    "raw": "",
    "sanitized": ""
  },
  {
    "itemId": "https://www1.wdr.de/mediathek/video/sendungen/der-vorkoster/aufbackbroetchen-im-check-fluffig-knusprig-lecker-100.html",
    "raw": "Ein Sonntagsfrühstück ohne frische Brötchen? Nicht nur für Björn Freitag undenkbar! Wo liegen die Unterschiede zwischen Bäckerbrötchen und industriell gefertigten Aufbackbrötchen? Und wie lassen sich Brötchen ganz einfach zu Hause backen? Ein Brot-Sommelier zeigt dem Vorkoster ein Rezept für einfache Aufbackbrötchen – günstig, unkompliziert und ganz ohne Zusatzstoffe.",
    "sanitized": "Ein Sonntagsfrühstück ohne frische Brötchen? Nicht nur für Björn Freitag undenkbar! Wo liegen die Unterschiede zwischen Bäckerbrötchen und industriell gefertigten Aufbackbrötchen? Und wie lassen sich Brötchen ganz einfach zu Hause backen? Ein Brot-Sommelier zeigt dem Vorkoster ein Rezept für einfache Aufbackbrötchen – günstig, unkompliziert und ganz ohne Zusatzstoffe."
  },
  {
    "itemId": "https://www1.wdr.de/mediathek/video/einzelstuecke/doku/europamagazin-clip-slowakei-wenn-angst-politik-macht-100.html",
    "raw": "Der Film zeigt das Bild eines Landes zwischen Ost und West, zwischen Misstrauen und Hoffnung. Ein Land, das viele verlassen und für das andere auf die Straße gehen. Die Berge sind das Symbol des Landes: Oben die Ruhe, unten im Tal die Spaltung. Die Slowakei am Abgrund, auf der Suche nach sich selbst.",
    "sanitized": "Der Film zeigt das Bild eines Landes zwischen Ost und West, zwischen Misstrauen und Hoffnung. Ein Land, das viele verlassen und für das andere auf die Straße gehen. Die Berge sind das Symbol des Landes: Oben die Ruhe, unten im Tal die Spaltung. Die Slowakei am Abgrund, auf der Suche nach sich selbst."
  },
  {
    "itemId": "https://www1.wdr.de/mediathek/video/sendungen/unterwegs-im-westen/lutwi-der-junge-aus-der-nordstadt-clip-lutwi-der-junge-aus-der-nordstadt-100.html",
    "raw": "\"Das Tor stammt von mir – von Lutwi. Ich bin immer auf der Straße. Egal, auch wenn es regnet oder schneit.\" – Mit diesem Satz beginnt 2015 die preisgekrönte Doku über Lutwi, den kleinen Jungen aus der Dortmunder Nordstadt.",
    "sanitized": "\"Das Tor stammt von mir – von Lutwi. Ich bin immer auf der Straße. Egal, auch wenn es regnet oder schneit.\" – Mit diesem Satz beginnt 2015 die preisgekrönte Doku über Lutwi, den kleinen Jungen aus der Dortmunder Nordstadt."
  },
  {
    "itemId": "https://www1.wdr.de/mediathek/video/sendungen/die-carolin-kebekus-show/die-carolin-kebekus-show-clip-cappucino-rennrad--marathon-carolin-kebekus-wird-zum-modernen-mann-100.html",
    "raw": "Endlich geht’s mal um Männer bei der Carolin Kebekus Show! Carolin verwandelt sich in einen modernen Mann und begrüßt Rea Garvey zum Songquiz.",
    "sanitized": "Endlich geht’s mal um Männer bei der Carolin Kebekus Show! Carolin verwandelt sich in einen modernen Mann und begrüßt Rea Garvey zum Songquiz."
  },
  {
    "itemId": "https://www1.wdr.de/mediathek/video/sendungen/ausgerechnet/das-wohnexperiment-kaufen-100.html",
    "raw": "2.835 Euro pro Quadratmeter. So viel kostet der Traum vom Eigenheim mittlerweile in Nordrhein-Westfalen im Schnitt. Macht für ein Haus mit 150 m² Wohnfläche mehr als 400.000 Euro. Wer kann sich das leisten, wie findet man sein Traumhaus und worauf sollten Käufer bei Häusern und Finanzierung achten? Daniel Aßmann sucht nach Antworten.",
    "sanitized": "2.835 Euro pro Quadratmeter. So viel kostet der Traum vom Eigenheim mittlerweile in Nordrhein-Westfalen im Schnitt. Macht für ein Haus mit 150 m² Wohnfläche mehr als 400.000 Euro. Wer kann sich das leisten, wie findet man sein Traumhaus und worauf sollten Käufer bei Häusern und Finanzierung achten? Daniel Aßmann sucht nach Antworten."
  },
  {
    "itemId": "https://www1.wdr.de/mediathek/video/sendungen/frau-tv/frau-tv-staerker-als-gewalt-clip-frau-tv--staerker-als-gewalt-ruth-moschner-zu-gast-bei-frau-tv-am-13-11-25-100.html",
    "raw": "Themen: Ruth Moschner zu Gast bei Frau tv: Über Engagement und eigene Erlebnisse | „Ich weiß, wie das ist“: Vom Gewalt-Opfer zur Frauenhaus-Leiterin | Femizid: „Meine Mutter wurde getötet“",
    "sanitized": "Themen: Ruth Moschner zu Gast bei Frau tv: Über Engagement und eigene Erlebnisse | „Ich weiß, wie das ist“: Vom Gewalt-Opfer zur Frauenhaus-Leiterin | Femizid: „Meine Mutter wurde getötet“"
  },
  {
    "itemId": "https://www1.wdr.de/mediathek/video/sendungen/wdr-dok/edelweisspiraten-teenager-gegen-hitler-clip-edelweisspiraten-teenager-gegen-hitler-100.html",
    "raw": "Köln im Herbst 1944. In der kriegszerstörten Stadt leistet eine kleine Gruppe von Jugendlichen bewaffneten Widerstand gegen das Nazi-Regime.",
    "sanitized": "Köln im Herbst 1944. In der kriegszerstörten Stadt leistet eine kleine Gruppe von Jugendlichen bewaffneten Widerstand gegen das Nazi-Regime."
  },
  {
    "itemId": "https://www1.wdr.de/mediathek/video/sendungen/ard-debuet/falling-into-clip-falling-into-place-100.html",
    "raw": "Spielfilm Großbritannien / Deutschland 2023 +++ Kira und Ian – beide Mitte 30 – lernen sich an einem Winterwochenende auf der Isle of Skye kennen. Beide befinden sich auf der Flucht  – vor ihrer Vergangenheit ebenso wie vor der Realität ihres jetzigen Lebens.",
    "sanitized": "Spielfilm Großbritannien / Deutschland 2023 +++ Kira und Ian – beide Mitte 30 – lernen sich an einem Winterwochenende auf der Isle of Skye kennen. Beide befinden sich auf der Flucht  – vor ihrer Vergangenheit ebenso wie vor der Realität ihres jetzigen Lebens."
  },
  {
    "itemId": "https://www1.wdr.de/fernsehen/west-art/sendungen/rolf-glasmeier-gelsenkirchen-100.html",
    "raw": "",
    "sanitized": ""
  },
  {
    "itemId": "https://www1.wdr.de/radio/wdr5/sendungen/zeitzeichen/zeitzeichen-computermaus-patent-100.html",
    "raw": "",
    "sanitized": ""
  },
  {
    "itemId": "https://www1.wdr.de/radio/cosmo/musik/album-der-woche/255-trinity-100.html",
    "raw": "255 sind die heißesten Afrobeats-Producer aus Deutschland. Die drei Brüder aus Köln erweitern auf ihrem dritten Album \"Trinity\" ihr Spektrum Richtung UK-Rap und Afrohouse",
    "sanitized": "255 sind die heißesten Afrobeats-Producer aus Deutschland. Die drei Brüder aus Köln erweitern auf ihrem dritten Album \"Trinity\" ihr Spektrum Richtung UK-Rap und Afrohouse"
  },
  {
    "itemId": "https://www1.wdr.de/radio/cosmo/podcast/machiavelli/machiavelli-haftbefehl-104.html",
    "raw": "Wir sprechen über Drogen, Sucht, mentale Gesundheit und über den größten Rapstar Deutschlands – Haftbefehl.",
    "sanitized": "Wir sprechen über Drogen, Sucht, mentale Gesundheit und über den größten Rapstar Deutschlands – Haftbefehl."
  },
  {
    "itemId": "https://www1.wdr.de/radio/cosmo/programm/gaeste/die-beste-radioshow-ever-2025-100.html",
    "raw": "Spontan, überraschend, immer live: COSMO lässt wieder Eure Stars ans Mikro! Drei Wochen lang übernehmen jeden Dienstag und Freitag prominente Gast-Hosts die Morgensendung und machen \"Die Beste Radioshow Ever\"!",
    "sanitized": "Spontan, überraschend, immer live: COSMO lässt wieder Eure Stars ans Mikro! Drei Wochen lang übernehmen jeden Dienstag und Freitag prominente Gast-Hosts die Morgensendung und machen \"Die Beste Radioshow Ever\"!"
  },
  {
    "itemId": "https://www1.wdr.de/radio/cosmo/musik/global-pop-news/global-pop-news-5876.html",
    "raw": "Ihre Aussage zur Sucht löst heftige Reaktionen aus | Nas unterstützt das erste Hip-Hop-Museum in New York | KI-Song an der Spitze der Charts",
    "sanitized": "Ihre Aussage zur Sucht löst heftige Reaktionen aus | Nas unterstützt das erste Hip-Hop-Museum in New York | KI-Song an der Spitze der Charts"
  },
  {
    "itemId": "https://www1.wdr.de/unterhaltung/kabarett-und-comedy/immer-lustig-typisch-ruhrpott-102.html",
    "raw": "",
    "sanitized": ""
  },
  {
    "itemId": "https://www1.wdr.de/radio/1live/videos/generation-gag/video-jerry-in-der-generation-gag-100.html",
    "raw": "",
    "sanitized": ""
  },
  {
    "itemId": "https://www1.wdr.de/nachrichten/rheinland/papiermacherorden-dueren-susan-link-100.html",
    "raw": "",
    "sanitized": ""
  },
  {
    "itemId": "https://www1.wdr.de/nachrichten/ruhrgebiet/wdr-popupstudio-gelsenkirchen-eroeffnung-100.html",
    "raw": "",
    "sanitized": ""
  },
  {
    "itemId": "https://presse.wdr.de/plounge/wdr/unternehmen/2025/10/20251023_hanns-joachim-friedrichs-foerderpreis.html",
    "raw": "",
    "sanitized": ""
  },
  {
    "itemId": "https://www1.wdr.de/radio/wdr2/aktionen/weihnachtswunder/Weihnachtswunder-Standort-100.html",
    "raw": "",
    "sanitized": ""
  },
  {
    "itemId": "https://www1.wdr.de/nachrichten/landespolitik/wdr-ar-app-zeitzeugen-1945-100.html",
    "raw": "",
    "sanitized": ""
  },
  {
    "itemId": "https://www1.wdr.de/nachrichten/1live-radio-welle-einslive-100.html",
    "raw": "",
    "sanitized": ""
  },
  {
    "itemId": "https://www1.wdr.de/nachrichten/junge-formate/nice-to-know-newsroom-tiktok-100.html",
    "raw": "",
    "sanitized": ""
  },
  {
    "itemId": "https://www1.wdr.de/nachrichten/wdr-aktuell-app-stores-100.html",
    "raw": "",
    "sanitized": ""
  },
  {
    "itemId": "https://www1.wdr.de/nachrichten/wdr-aktuell-whatsapp-kanal-100.html",
    "raw": "",
    "sanitized": ""
  },
  {
    "itemId": "https://www1.wdr.de/lokalzeit/lokalzeithomestartseite100.html",
    "raw": "",
    "sanitized": ""
  },
  {
    "itemId": "https://www1.wdr.de/mediathek/audio/wdr/nah-dran/nah-dran-104.html",
    "raw": "",
    "sanitized": ""
  },
  {
    "itemId": "https://www1.wdr.de/kugelzwei/kugelzweistartseite100.html",
    "raw": "",
    "sanitized": ""
  },
  {
    "itemId": "https://www1.wdr.de/hilfe/leichte-sprache/uebersicht-leichte-sprache-100.html",
    "raw": "",
    "sanitized": ""
  }
]
