[
  {
    "itemId": "https://www.elektroauto-news.net/?p=186670",
    "raw": "<media:content url=\"https://cdn.elektroauto-news.net/wp-content/uploads/2025/11/Mercedes-Benz-Ausrichtung-Strategie-24C0044_018.jpg\" type=\"image/jpeg\" medium=\"image\" /><p>Mercedes sortiert seine Strategie neu, weil schwache E-Autozahlen, Marktveränderungen und Unsicherheiten den Kurs des Konzerns spürbar unter Druck setzen.</p>\n<p>Der Beitrag <a rel=\"nofollow\" href=\"https://www.elektroauto-news.net/news/strategiewechsel-mercedes-richtung\">Strategiewechsel bei Mercedes: Ein Konzern ringt um Richtung</a> erschien zuerst auf <a rel=\"nofollow\" href=\"https://www.elektroauto-news.net\">Elektroauto-News.net</a>.</p>\n",
    "sanitized": "Mercedes sortiert seine Strategie neu, weil schwache E-Autozahlen, Marktveränderungen und Unsicherheiten den Kurs des Konzerns spürbar unter Druck setzen.\nDer Beitrag Strategiewechsel bei Mercedes: Ein Konzern ringt um Richtung erschien zuerst auf Elektroauto-News.net."
  },
  {
    "itemId": "https://www.elektroauto-news.net/?p=186675",
    "raw": "<media:content url=\"https://cdn.elektroauto-news.net/wp-content/uploads/2025/11/Tesla-Integration-in-Google-Maps-shutterstock_1634846200.jpg\" type=\"image/jpeg\" medium=\"image\" /><p>Google Maps zeigt erstmals Live Daten zu freien Supercharger Plätzen und macht dadurch sichtbar, wie sich Teslas geöffnetes Ladenetz zunehmend verändert.</p>\n<p>Der Beitrag <a rel=\"nofollow\" href=\"https://www.elektroauto-news.net/news/tesla-supercharger-google-maps-live-daten\">Tesla Supercharger: Google Maps zeigt künftig Live Daten</a> erschien zuerst auf <a rel=\"nofollow\" href=\"https://www.elektroauto-news.net\">Elektroauto-News.net</a>.</p>\n",
    "sanitized": "Google Maps zeigt erstmals Live Daten zu freien Supercharger Plätzen und macht dadurch sichtbar, wie sich Teslas geöffnetes Ladenetz zunehmend verändert.\nDer Beitrag Tesla Supercharger: Google Maps zeigt künftig Live Daten erschien zuerst auf Elektroauto-News.net."
  },
  {
    "itemId": "https://www.elektroauto-news.net/?p=186678",
    "raw": "<media:content url=\"https://cdn.elektroauto-news.net/wp-content/uploads/2025/11/BMW-Wasserstoff-Foerderung.jpg\" type=\"image/jpeg\" medium=\"image\" /><p>BMW will 2028 den Wasserstoff-Antrieb in die Serie bringen. Und erhält dafür von Bund und Bayern fast 300 Millionen Euro. </p>\n<p>Der Beitrag <a rel=\"nofollow\" href=\"https://www.elektroauto-news.net/news/bmw-foerderung-wasserstoff-pkw\">BMW erhält 273 Millionen Euro für Entwicklung von Wasserstoff-Antrieben</a> erschien zuerst auf <a rel=\"nofollow\" href=\"https://www.elektroauto-news.net\">Elektroauto-News.net</a>.</p>\n",
    "sanitized": "BMW will 2028 den Wasserstoff-Antrieb in die Serie bringen. Und erhält dafür von Bund und Bayern fast 300 Millionen Euro. \nDer Beitrag BMW erhält 273 Millionen Euro für Entwicklung von Wasserstoff-Antrieben erschien zuerst auf Elektroauto-News.net."
  },
  {
    "itemId": "https://www.elektroauto-news.net/?p=186722",
    "raw": "<media:content url=\"https://cdn.elektroauto-news.net/wp-content/uploads/2023/12/wind-solar-v2g-shutterstock_2159654785-1536x1025.jpg.webp\" type=\"image/jpeg\" medium=\"image\" /><p>Dass die Doppelbelastung bei den Abgaben entfällt, ist eine zentrale Voraussetzung, damit V2G wirtschaftlich wird. Sie gilt allerdings nicht für alle. </p>\n<p>Der Beitrag <a rel=\"nofollow\" href=\"https://www.elektroauto-news.net/news/enwg-doppelbesteuerung-v2g\">Deutschland macht den Weg frei für V2G – aber nicht für alle</a> erschien zuerst auf <a rel=\"nofollow\" href=\"https://www.elektroauto-news.net\">Elektroauto-News.net</a>.</p>\n",
    "sanitized": "Dass die Doppelbelastung bei den Abgaben entfällt, ist eine zentrale Voraussetzung, damit V2G wirtschaftlich wird. Sie gilt allerdings nicht für alle. \nDer Beitrag Deutschland macht den Weg frei für V2G – aber nicht für alle erschien zuerst auf Elektroauto-News.net."
  },
  {
    "itemId": "https://www.elektroauto-news.net/?p=186636",
    "raw": "<media:content url=\"https://cdn.elektroauto-news.net/wp-content/uploads/2025/09/Skoda-Elroq-85-Fahrbericht-Review-Test-2.jpg\" type=\"image/jpeg\" medium=\"image\" /><p>Der elektrische Skoda Elroq wird das Deutsche Auto des Jahres 2026 und reiht sich in eine Serie von E-Auto Siegern ein, die den Award seit Jahren dominieren.</p>\n<p>Der Beitrag <a rel=\"nofollow\" href=\"https://www.elektroauto-news.net/news/skoda-elroq-german-car-of-the-year-2026\">Skoda Elroq gewinnt German Car of the Year 2026</a> erschien zuerst auf <a rel=\"nofollow\" href=\"https://www.elektroauto-news.net\">Elektroauto-News.net</a>.</p>\n",
    "sanitized": "Der elektrische Skoda Elroq wird das Deutsche Auto des Jahres 2026 und reiht sich in eine Serie von E-Auto Siegern ein, die den Award seit Jahren dominieren.\nDer Beitrag Skoda Elroq gewinnt German Car of the Year 2026 erschien zuerst auf Elektroauto-News.net."
  },
  {
    "itemId": "https://www.elektroauto-news.net/?p=186570",
    "raw": "<media:content url=\"https://cdn.elektroauto-news.net/wp-content/uploads/2025/07/Polestar-E-Autos-Absatz-Verkaufszahlen.jpeg\" type=\"image/jpeg\" medium=\"image\" /><p>Polestar meldet steigende Umsaetze, tiefere Verluste und plant einen Reverse Aktiensplit, um den Nasdaq Verbleib trotz anhaltender Kursrisiken zu sichern.</p>\n<p>Der Beitrag <a rel=\"nofollow\" href=\"https://www.elektroauto-news.net/news/polestar-verluste-plant-aktiensplit\">Polestar kämpft mit Verlusten und plant Aktiensplit</a> erschien zuerst auf <a rel=\"nofollow\" href=\"https://www.elektroauto-news.net\">Elektroauto-News.net</a>.</p>\n",
    "sanitized": "Polestar meldet steigende Umsaetze, tiefere Verluste und plant einen Reverse Aktiensplit, um den Nasdaq Verbleib trotz anhaltender Kursrisiken zu sichern.\nDer Beitrag Polestar kämpft mit Verlusten und plant Aktiensplit erschien zuerst auf Elektroauto-News.net."
  },
  {
    "itemId": "https://www.elektroauto-news.net/?p=186583",
    "raw": "<media:content url=\"https://cdn.elektroauto-news.net/wp-content/uploads/2025/06/Mercedes-Elektro-G-Klasse-Abstieg-24C0124_048.jpg\" type=\"image/jpeg\" medium=\"image\" /><p>Nur ein Bruchteil aller verkauften G-Klassen in diesem Jahr haben einen Elektromotor an Bord. Hilft da die erneute Preisanpassung?</p>\n<p>Der Beitrag <a rel=\"nofollow\" href=\"https://www.elektroauto-news.net/news/mercedes-elektro-g-klasse-mehr-rabatt\">Mercedes verdoppelt den Rabatt auf elektrische G-Klasse</a> erschien zuerst auf <a rel=\"nofollow\" href=\"https://www.elektroauto-news.net\">Elektroauto-News.net</a>.</p>\n",
    "sanitized": "Nur ein Bruchteil aller verkauften G-Klassen in diesem Jahr haben einen Elektromotor an Bord. Hilft da die erneute Preisanpassung?\nDer Beitrag Mercedes verdoppelt den Rabatt auf elektrische G-Klasse erschien zuerst auf Elektroauto-News.net."
  },
  {
    "itemId": "https://www.elektroauto-news.net/?p=186606",
    "raw": "<media:content url=\"https://cdn.elektroauto-news.net/wp-content/uploads/2025/06/Protest-Lithium-aus-Serbien-shutterstock_2501514079.jpg\" type=\"image/jpeg\" medium=\"image\" /><p>Das Bergbauunternehmen Rio Tinto hat sein geplantes Lithium-Abbauprojekt Jadar in Serbien auf Eis gelegt. Das Projekt war seit Jahren von Problemen geplagt.</p>\n<p>Der Beitrag <a rel=\"nofollow\" href=\"https://www.elektroauto-news.net/news/rio-stoppt-lithiumprojekt-serbien\">Rio Tinto stoppt 2,5 Milliarden Euro schweres Lithiumprojekt in Serbien</a> erschien zuerst auf <a rel=\"nofollow\" href=\"https://www.elektroauto-news.net\">Elektroauto-News.net</a>.</p>\n",
    "sanitized": "Das Bergbauunternehmen Rio Tinto hat sein geplantes Lithium-Abbauprojekt Jadar in Serbien auf Eis gelegt. Das Projekt war seit Jahren von Problemen geplagt.\nDer Beitrag Rio Tinto stoppt 2,5 Milliarden Euro schweres Lithiumprojekt in Serbien erschien zuerst auf Elektroauto-News.net."
  },
  {
    "itemId": "https://www.elektroauto-news.net/?p=186559",
    "raw": "<media:content url=\"https://cdn.elektroauto-news.net/wp-content/uploads/2025/07/Bentley-EXP-15-and-1930-Speed-Six.jpg\" type=\"image/jpeg\" medium=\"image\" /><p>Bentley ändert seine Strategie: Verbrenner bleiben vorerst im Programm und der Umstieg auf ein rein elektrisches Produktportfolio erfolgt langsamer.</p>\n<p>Der Beitrag <a rel=\"nofollow\" href=\"https://www.elektroauto-news.net/news/bentley-umstieg-e-autos-langsamer\">Bentley: Umstieg auf E-Autos soll langsamer erfolgen</a> erschien zuerst auf <a rel=\"nofollow\" href=\"https://www.elektroauto-news.net\">Elektroauto-News.net</a>.</p>\n",
    "sanitized": "Bentley ändert seine Strategie: Verbrenner bleiben vorerst im Programm und der Umstieg auf ein rein elektrisches Produktportfolio erfolgt langsamer.\nDer Beitrag Bentley: Umstieg auf E-Autos soll langsamer erfolgen erschien zuerst auf Elektroauto-News.net."
  },
  {
    "itemId": "https://www.elektroauto-news.net/?p=186543",
    "raw": "<media:content url=\"https://cdn.elektroauto-news.net/wp-content/uploads/2023/06/Einride-E-Lkw-Norwegen.jpg\" type=\"image/jpeg\" medium=\"image\" /><p>Einride, ein schwedisches Start-up für autonome E-Lkw, hat seine Pläne für einen Börsengang in den USA bekannt gegeben.</p>\n<p>Der Beitrag <a rel=\"nofollow\" href=\"https://www.elektroauto-news.net/news/einride-autonom-lkw-boerse\">Einride will mit autonomen E-Lkw an die Börse</a> erschien zuerst auf <a rel=\"nofollow\" href=\"https://www.elektroauto-news.net\">Elektroauto-News.net</a>.</p>\n",
    "sanitized": "Einride, ein schwedisches Start-up für autonome E-Lkw, hat seine Pläne für einen Börsengang in den USA bekannt gegeben.\nDer Beitrag Einride will mit autonomen E-Lkw an die Börse erschien zuerst auf Elektroauto-News.net."
  },
  {
    "itemId": "https://www.elektroauto-news.net/?p=186579",
    "raw": "<media:content url=\"https://cdn.elektroauto-news.net/wp-content/uploads/2024/04/mevco-rivian-bergbau-elektrofahrzeug.jpeg\" type=\"image/jpeg\" medium=\"image\" /><p>Das australische Start-up Mevco, das sich auf die Umrüstung elektrischer Pick-ups für den Bergbau spezialisiert hat, befindet sich in einem Insolvenzverfahren.</p>\n<p>Der Beitrag <a rel=\"nofollow\" href=\"https://www.elektroauto-news.net/news/mevco-insolvenz-start-up-fuer-e-pickups\">Mevco: Insolvenz bei australischem Start-up für E-Pickups</a> erschien zuerst auf <a rel=\"nofollow\" href=\"https://www.elektroauto-news.net\">Elektroauto-News.net</a>.</p>\n",
    "sanitized": "Das australische Start-up Mevco, das sich auf die Umrüstung elektrischer Pick-ups für den Bergbau spezialisiert hat, befindet sich in einem Insolvenzverfahren.\nDer Beitrag Mevco: Insolvenz bei australischem Start-up für E-Pickups erschien zuerst auf Elektroauto-News.net."
  },
  {
    "itemId": "https://www.elektroauto-news.net/?p=186490",
    "raw": "<media:content url=\"https://cdn.elektroauto-news.net/wp-content/uploads/2025/11/Mobilitaets-Energiewende-Michael-Jost-Ex-VW-Chefstratege-shutterstock_2509406005.jpg\" type=\"image/jpeg\" medium=\"image\" /><p>Ex-VW-Stratege Michael Jost kritisiert kurzfristiges Denken und fordert klare Strategien für eine unabhängige Energie- und Mobilitätszukunft.</p>\n<p>Der Beitrag <a rel=\"nofollow\" href=\"https://www.elektroauto-news.net/news/experte-kurzfristdenken-verhindert-fortschritt\">Automobil-Experte: „Kurzfristdenken verhindert Fortschritt“</a> erschien zuerst auf <a rel=\"nofollow\" href=\"https://www.elektroauto-news.net\">Elektroauto-News.net</a>.</p>\n",
    "sanitized": "Ex-VW-Stratege Michael Jost kritisiert kurzfristiges Denken und fordert klare Strategien für eine unabhängige Energie- und Mobilitätszukunft.\nDer Beitrag Automobil-Experte: „Kurzfristdenken verhindert Fortschritt“ erschien zuerst auf Elektroauto-News.net."
  },
  {
    "itemId": "https://www.elektroauto-news.net/?p=186259",
    "raw": "<media:content url=\"https://cdn.elektroauto-news.net/wp-content/uploads/2025/11/Volvo-EX90-Review-Fahrbericht-Test-14.jpg\" type=\"image/jpeg\" medium=\"image\" /><p>Der Volvo EX90 zeigt sich als ruhiger Begleiter für lange Strecken und verbindet Stabilität, Komfort und Sicherheit mit skandinavischer Zurückhaltung.</p>\n<p>Der Beitrag <a rel=\"nofollow\" href=\"https://www.elektroauto-news.net/news/test-volvo-ex90-performance-ultra\">Test des Volvo EX90 – Souveränität in ihrer ruhigsten Form</a> erschien zuerst auf <a rel=\"nofollow\" href=\"https://www.elektroauto-news.net\">Elektroauto-News.net</a>.</p>\n",
    "sanitized": "Der Volvo EX90 zeigt sich als ruhiger Begleiter für lange Strecken und verbindet Stabilität, Komfort und Sicherheit mit skandinavischer Zurückhaltung.\nDer Beitrag Test des Volvo EX90 – Souveränität in ihrer ruhigsten Form erschien zuerst auf Elektroauto-News.net."
  },
  {
    "itemId": "https://www.elektroauto-news.net/?p=186385",
    "raw": "<media:content url=\"https://cdn.elektroauto-news.net/wp-content/uploads/2025/11/Mobilitaet-Verkehr-Daten-Strasse-shutterstock_2271816613.jpg\" type=\"image/jpeg\" medium=\"image\" /><p>Ex-VW-Chefstratege Jost überträgt das Denken der Autoindustrie aufs Meer – mit Ed-Tec will er zeigen, dass Effizienz und Emotion kein Widerspruch sind.</p>\n<p>Der Beitrag <a rel=\"nofollow\" href=\"https://www.elektroauto-news.net/news/michael-jost-ed-tec-auto-aufs-meer\">„Vom Auto aufs Meer“ – Michael Jost über Ed-Tec</a> erschien zuerst auf <a rel=\"nofollow\" href=\"https://www.elektroauto-news.net\">Elektroauto-News.net</a>.</p>\n",
    "sanitized": "Ex-VW-Chefstratege Jost überträgt das Denken der Autoindustrie aufs Meer – mit Ed-Tec will er zeigen, dass Effizienz und Emotion kein Widerspruch sind.\nDer Beitrag „Vom Auto aufs Meer“ – Michael Jost über Ed-Tec erschien zuerst auf Elektroauto-News.net."
  },
  {
    "itemId": "https://www.elektroauto-news.net/?p=186589",
    "raw": "<media:content url=\"https://cdn.elektroauto-news.net/wp-content/uploads/2024/11/Deutschland-Berlin-Auto-Industrie-Strasse-shutterstock_2063702183.jpg\" type=\"image/jpeg\" medium=\"image\" /><p>In Deutschlands Großstädten gibt es inzwischen Tausende Ladepunkte. In der Topliste schneiden zwei Städte überraschend gut ab.</p>\n<p>Der Beitrag <a rel=\"nofollow\" href=\"https://www.elektroauto-news.net/news/7-staedte-eauto-meiste-ladepunkte\">In diesen 7 deutschen Städten gibt es die meisten Ladepunkte</a> erschien zuerst auf <a rel=\"nofollow\" href=\"https://www.elektroauto-news.net\">Elektroauto-News.net</a>.</p>\n",
    "sanitized": "In Deutschlands Großstädten gibt es inzwischen Tausende Ladepunkte. In der Topliste schneiden zwei Städte überraschend gut ab.\nDer Beitrag In diesen 7 deutschen Städten gibt es die meisten Ladepunkte erschien zuerst auf Elektroauto-News.net."
  },
  {
    "itemId": "https://www.elektroauto-news.net/?p=186556",
    "raw": "<media:content url=\"https://cdn.elektroauto-news.net/wp-content/uploads/2023/09/23DT145_002.jpg\" type=\"image/jpeg\" medium=\"image\" /><p>Als Energiequelle kommt flüssiger Wasserstoff zum Einsatz, der zwar manche Vorteile gegenüber gasförmigem Wasserstoff bietet – aber auch viele Nachteile.</p>\n<p>Der Beitrag <a rel=\"nofollow\" href=\"https://www.elektroauto-news.net/news/daimler-truck-fluessigwasserstoff-lkw\">Daimler Truck startet weitere Testphase mit Wasserstoff-Lkw</a> erschien zuerst auf <a rel=\"nofollow\" href=\"https://www.elektroauto-news.net\">Elektroauto-News.net</a>.</p>\n",
    "sanitized": "Als Energiequelle kommt flüssiger Wasserstoff zum Einsatz, der zwar manche Vorteile gegenüber gasförmigem Wasserstoff bietet – aber auch viele Nachteile.\nDer Beitrag Daimler Truck startet weitere Testphase mit Wasserstoff-Lkw erschien zuerst auf Elektroauto-News.net."
  },
  {
    "itemId": "https://www.elektroauto-news.net/?p=186395",
    "raw": "<media:content url=\"https://cdn.elektroauto-news.net/wp-content/uploads/2025/11/strasse-verkehr-mobilitaet-industrie-shutterstock_99046817.jpg\" type=\"image/jpeg\" medium=\"image\" /><p>Klare Prioritäten statt Beliebigkeit. „Technologieoffenheit klingt modern, ist aber strategiefrei“, so der ehemalige VW-Stratege Michael Jost im Gespräch.</p>\n<p>Der Beitrag <a rel=\"nofollow\" href=\"https://www.elektroauto-news.net/news/ex-vw-chefstratege-technologieoffenheit-strategiefrei\">Ex-VW-Chefstratege: „Technologieoffenheit ist strategiefrei“</a> erschien zuerst auf <a rel=\"nofollow\" href=\"https://www.elektroauto-news.net\">Elektroauto-News.net</a>.</p>\n",
    "sanitized": "Klare Prioritäten statt Beliebigkeit. „Technologieoffenheit klingt modern, ist aber strategiefrei“, so der ehemalige VW-Stratege Michael Jost im Gespräch.\nDer Beitrag Ex-VW-Chefstratege: „Technologieoffenheit ist strategiefrei“ erschien zuerst auf Elektroauto-News.net."
  },
  {
    "itemId": "https://www.elektroauto-news.net/?p=186598",
    "raw": "<media:content url=\"https://cdn.elektroauto-news.net/wp-content/uploads/2025/11/Peugeot-Polygon-Concept.jpg\" type=\"image/jpeg\" medium=\"image\" /><p>Mit dem Polygon Concept zeigt Peugeot, wohin die Reise gehen könnte. Nicht nur beim Lenkrad, sondern auch Bereichen wie Nachhaltigkeit und Individualisierung. </p>\n<p>Der Beitrag <a rel=\"nofollow\" href=\"https://www.elektroauto-news.net/news/polygon-concept-peugeot-steer-by-wire\">Polygon Concept: Peugeot will ab 2027 Steer-by-Wire einführen</a> erschien zuerst auf <a rel=\"nofollow\" href=\"https://www.elektroauto-news.net\">Elektroauto-News.net</a>.</p>\n",
    "sanitized": "Mit dem Polygon Concept zeigt Peugeot, wohin die Reise gehen könnte. Nicht nur beim Lenkrad, sondern auch Bereichen wie Nachhaltigkeit und Individualisierung. \nDer Beitrag Polygon Concept: Peugeot will ab 2027 Steer-by-Wire einführen erschien zuerst auf Elektroauto-News.net."
  }
]
