{
  "raw__": "The Nextcloud Summit 2025 Agenda: shaping Europe’s digital future with experts and thought-leaders\n\nOn June 5th, we are welcoming experts and thought leaders for a defining event on Europe’s digital future and tech innovation: the Nextcloud Summit in Munich, Germany. This full-day event builds on momentum of public and private organizations looking for an online platform based on trust, transparency, and independence. With an agenda featuring keynotes from [...\n---\nhttps://nextcloud.com/blog/summit-2025-agenda-digital-future-europe/",
  "split": "The Nextcloud Summit 2025 Agenda: shaping Europe’s digital future with experts and thought-leaders\n\nOn June 5th, we are welcoming experts and thought leaders for a defining event on Europe’s digital future and tech innovation: the Nextcloud Summit in Munich, Germany. This full-day event builds on momentum of public and private organizations looking for an online platform based on trust, transparency, and independence. With an agenda featuring keynotes from [...\n---\nhttps://nextcloud.com/blog/summit-2025-agenda-digital-future-europe/"
}
