Upgrading my Big Brother’s Setup - AMD $5000 Ultimate Tech Upgrade

Thanks again to AMD for being a great partner and sponsoring this series! Head on over to https://bit.ly/4g9f5Ko to enter their sweepstakes for one of the FOUR Holiday Gaming Bundles.

Lucas is the first LTT Labs member to get $5000 from AMD for a giant upgrade to his minimalist apartment. Linus rises to new heights to to get on Lucas’s 6-foot-8 level!

Discuss on the forum: https://linustechti...
---
https://www.youtube.com/watch?v=X07t7403Q9Q
