[
  {
    "itemId": "https://blog.ploeh.dk/2025/03/10/appeal-to-aithority",
    "raw": null,
    "sanitized": null
  },
  {
    "itemId": "https://blog.ploeh.dk/2025/03/03/reactive-monad",
    "raw": null,
    "sanitized": null
  },
  {
    "itemId": "https://blog.ploeh.dk/2025/02/24/easier-encapsulation-with-static-types",
    "raw": null,
    "sanitized": null
  },
  {
    "itemId": "https://blog.ploeh.dk/2025/02/17/in-defence-of-multiple-wip",
    "raw": null,
    "sanitized": null
  },
  {
    "itemId": "https://blog.ploeh.dk/2025/02/10/geographic-hulls",
    "raw": null,
    "sanitized": null
  },
  {
    "itemId": "https://blog.ploeh.dk/2025/02/03/modelling-data-relationships-with-c-types",
    "raw": null,
    "sanitized": null
  },
  {
    "itemId": "https://blog.ploeh.dk/2025/01/27/dependency-inversion-without-inversion-of-control",
    "raw": null,
    "sanitized": null
  },
  {
    "itemId": "https://blog.ploeh.dk/2025/01/20/modelling-data-relationships-with-f-types",
    "raw": null,
    "sanitized": null
  },
  {
    "itemId": "https://blog.ploeh.dk/2025/01/13/recawr-sandwich",
    "raw": null,
    "sanitized": null
  },
  {
    "itemId": "https://blog.ploeh.dk/2025/01/06/encapsulating-rod-cutting",
    "raw": null,
    "sanitized": null
  }
]
