Merz kündigt "schwere Gespräche" mit der SPD über Einsparungen an

Im Bericht aus Berlin hat CDU-Chef Merz seine geänderte Haltung zur Reform der Schuldenbremse verteidigt. Der Bundeshaushalt befinde sich in einer "dramatischen Lage". Jetzt stünden schwierige Gespräche mit der SPD über Einsparungen an.
---
https://www.tagesschau.de/inland/innenpolitik/merz-droege-finanzpaket-100.html
