{
  "raw__": "How Inline Return Values Simplify Debugging in Visual Studio 2022\n\nHave you ever found yourself creating temporary variables just to inspect return values from functions? It’s a small task that can quickly become tedious, breaking your rhythm and cluttering up your code. Visual Studio 2022 introduces a smarter way to handle this with “Inline Return Values,” allowing you to stay focused on coding without the […]\nThe post How Inline Return Values Simplify Debuggi...\n---\nhttps://devblogs.microsoft.com/visualstudio/how-inline-return-values-simplify-debugging-in-visual-studio-2022/",
  "split": "How Inline Return Values Simplify Debugging in Visual Studio 2022\n\nHave you ever found yourself creating temporary variables just to inspect return values from functions? It’s a small task that can quickly become tedious, breaking your rhythm and cluttering up your code. Visual Studio 2022 introduces a smarter way to handle this with “Inline Return Values,” allowing you to stay focused on coding without the ...\n---\nhttps://devblogs.microsoft.com/visualstudio/how-inline-return-values-simplify-debugging-in-visual-studio-2022/"
}
