{
  "raw__": "MongoDB is a NoSQL database that stores data in a flexible, document-oriented format. This makes it different from traditional relational ... \nRead More\nThe post How to Install MongoDB on Ubuntu 24.04 appeared first on RoseHosting.\n---\nhttps://www.rosehosting.com/blog/how-to-install-mongodb-on-ubuntu-24-04/",
  "split": "How to Install MongoDB on Ubuntu 24.04\n\nMongoDB is a NoSQL database that stores data in a flexible, document-oriented format. This makes it different from traditional relational ...\n---\nhttps://www.rosehosting.com/blog/how-to-install-mongodb-on-ubuntu-24-04/"
}
