ESMC-Chipfabrik Dresden: Alle öffentlichen und privaten Gelder sind beisammen

Das BMWK hat mit TSMC sowie den Partnern Bosch, Infineon und NXP offiziell den Start der gemeinsamen Investitionen in das ESMC-Halbleiterwerk bekannt gegeben.
---
https://www.heise.de/news/ESMC-Chipfabrik-Dresden-Alle-oeffentlichen-und-privaten-Gelder-sind-beisammen-10199874.html?wt_mc=rss.red.ho.ho.atom.beitrag.beitrag
