{
  "raw__": "Tesla Bringing Pop-Up Stores to Malls Across the US This Holiday Season\n\nTesla is preparing to reintroduce its pop-up stores across major malls in the United States this holiday season, offering consumers a unique opportunity to engage with the brand’s electric vehicles (EVs). Tesla’s use of pop-up […]\nThe post Tesla Bringing Pop-Up Stores to Malls Across the US This Holiday Season appeared first on Drive Tesla.\n---\nhttps://driveteslacanada.ca/news/tesla-bringing-pop-up-stores-to-malls-across-the-us-this-holiday-season/?utm_source=rss&utm_medium=rss&utm_campaign=tesla-bringing-pop-up-stores-to-malls-across-the-us-this-holiday-season",
  "split": "Tesla Bringing Pop-Up Stores to Malls Across the US This Holiday Season\n\nTesla is preparing to reintroduce its pop-up stores across major malls in the United States this holiday season, offering consumers a unique opportunity to engage with the brand’s electric vehicles (EVs). Tesla’s use of pop-up ...\n---\nhttps://driveteslacanada.ca/news/tesla-bringing-pop-up-stores-to-malls-across-the-us-this-holiday-season/?utm_source=rss&utm_medium=rss&utm_campaign=tesla-bringing-pop-up-stores-to-malls-across-the-us-this-holiday-season"
}
